Component: Arm Compiler for Embedded 6.24 Tool: armlink [5f371500]

==============================================================================

Section Cross References

    board.o(.text.BOARD_DebugConsoleSrcFreq) refers to fsl_clock.o(.text.CLOCK_GetPllFreq) for CLOCK_GetPllFreq
    board.o(.text.BOARD_DebugConsoleSrcFreq) refers to fsl_clock.o(.bss.g_xtalFreq) for g_xtalFreq
    board.o(.ARM.exidx.text.BOARD_DebugConsoleSrcFreq) refers to board.o(.text.BOARD_DebugConsoleSrcFreq) for [Anonymous Symbol]
    board.o(.text.BOARD_InitDebugConsole) refers to fsl_clock.o(.text.CLOCK_GetPllFreq) for CLOCK_GetPllFreq
    board.o(.text.BOARD_InitDebugConsole) refers to fsl_clock.o(.bss.g_xtalFreq) for g_xtalFreq
    board.o(.text.BOARD_InitDebugConsole) refers to fsl_debug_console.o(.text.DbgConsole_Init) for DbgConsole_Init
    board.o(.ARM.exidx.text.BOARD_InitDebugConsole) refers to board.o(.text.BOARD_InitDebugConsole) for [Anonymous Symbol]
    board.o(.text.BOARD_ConfigMPU) refers to board.o(.rodata.str1.1) for .L.str.1
    board.o(.text.BOARD_ConfigMPU) refers to fsl_assert.o(.text.__aeabi_assert) for __aeabi_assert
    board.o(.ARM.exidx.text.BOARD_ConfigMPU) refers to board.o(.text.BOARD_ConfigMPU) for [Anonymous Symbol]
    clock_config.o(.text.BOARD_InitBootClocks) refers to clock_config.o(.text.BOARD_BootClockRUN) for BOARD_BootClockRUN
    clock_config.o(.ARM.exidx.text.BOARD_InitBootClocks) refers to clock_config.o(.text.BOARD_InitBootClocks) for [Anonymous Symbol]
    clock_config.o(.text.BOARD_BootClockRUN) refers to fsl_clock.o(.bss.g_rtcXtalFreq) for g_rtcXtalFreq
    clock_config.o(.text.BOARD_BootClockRUN) refers to fsl_clock.o(.bss.g_xtalFreq) for g_xtalFreq
    clock_config.o(.text.BOARD_BootClockRUN) refers to fsl_clock.o(.text.CLOCK_InitExternalClk) for CLOCK_InitExternalClk
    clock_config.o(.text.BOARD_BootClockRUN) refers to fsl_clock.o(.text.CLOCK_InitRcOsc24M) for CLOCK_InitRcOsc24M
    clock_config.o(.text.BOARD_BootClockRUN) refers to fsl_clock.o(.text.CLOCK_SwitchOsc) for CLOCK_SwitchOsc
    clock_config.o(.text.BOARD_BootClockRUN) refers to clock_config.o(.rodata.armPllConfig_BOARD_BootClockRUN) for armPllConfig_BOARD_BootClockRUN
    clock_config.o(.text.BOARD_BootClockRUN) refers to fsl_clock.o(.text.CLOCK_InitArmPll) for CLOCK_InitArmPll
    clock_config.o(.text.BOARD_BootClockRUN) refers to clock_config.o(.rodata.sysPllConfig_BOARD_BootClockRUN) for sysPllConfig_BOARD_BootClockRUN
    clock_config.o(.text.BOARD_BootClockRUN) refers to fsl_clock.o(.text.CLOCK_InitSysPll) for CLOCK_InitSysPll
    clock_config.o(.text.BOARD_BootClockRUN) refers to fsl_clock.o(.text.CLOCK_InitSysPfd) for CLOCK_InitSysPfd
    clock_config.o(.text.BOARD_BootClockRUN) refers to fsl_clock.o(.text.CLOCK_DeinitAudioPll) for CLOCK_DeinitAudioPll
    clock_config.o(.text.BOARD_BootClockRUN) refers to fsl_clock.o(.text.CLOCK_DeinitEnetPll) for CLOCK_DeinitEnetPll
    clock_config.o(.text.BOARD_BootClockRUN) refers to fsl_clock.o(.text.CLOCK_DeinitUsb2Pll) for CLOCK_DeinitUsb2Pll
    clock_config.o(.text.BOARD_BootClockRUN) refers to system_mimxrt1064.o(.data.SystemCoreClock) for SystemCoreClock
    clock_config.o(.ARM.exidx.text.BOARD_BootClockRUN) refers to clock_config.o(.text.BOARD_BootClockRUN) for [Anonymous Symbol]
    clock_config.o(.text.BOARD_BootClockRUN_528M) refers to fsl_clock.o(.bss.g_rtcXtalFreq) for g_rtcXtalFreq
    clock_config.o(.text.BOARD_BootClockRUN_528M) refers to fsl_clock.o(.bss.g_xtalFreq) for g_xtalFreq
    clock_config.o(.text.BOARD_BootClockRUN_528M) refers to fsl_clock.o(.text.CLOCK_InitExternalClk) for CLOCK_InitExternalClk
    clock_config.o(.text.BOARD_BootClockRUN_528M) refers to fsl_clock.o(.text.CLOCK_InitRcOsc24M) for CLOCK_InitRcOsc24M
    clock_config.o(.text.BOARD_BootClockRUN_528M) refers to fsl_clock.o(.text.CLOCK_SwitchOsc) for CLOCK_SwitchOsc
    clock_config.o(.text.BOARD_BootClockRUN_528M) refers to clock_config.o(.rodata.armPllConfig_BOARD_BootClockRUN_528M) for armPllConfig_BOARD_BootClockRUN_528M
    clock_config.o(.text.BOARD_BootClockRUN_528M) refers to fsl_clock.o(.text.CLOCK_InitArmPll) for CLOCK_InitArmPll
    clock_config.o(.text.BOARD_BootClockRUN_528M) refers to clock_config.o(.rodata.sysPllConfig_BOARD_BootClockRUN_528M) for sysPllConfig_BOARD_BootClockRUN_528M
    clock_config.o(.text.BOARD_BootClockRUN_528M) refers to fsl_clock.o(.text.CLOCK_InitSysPll) for CLOCK_InitSysPll
    clock_config.o(.text.BOARD_BootClockRUN_528M) refers to fsl_clock.o(.text.CLOCK_InitSysPfd) for CLOCK_InitSysPfd
    clock_config.o(.text.BOARD_BootClockRUN_528M) refers to fsl_clock.o(.text.CLOCK_DeinitAudioPll) for CLOCK_DeinitAudioPll
    clock_config.o(.text.BOARD_BootClockRUN_528M) refers to fsl_clock.o(.text.CLOCK_DeinitEnetPll) for CLOCK_DeinitEnetPll
    clock_config.o(.text.BOARD_BootClockRUN_528M) refers to fsl_clock.o(.text.CLOCK_DeinitUsb2Pll) for CLOCK_DeinitUsb2Pll
[...]
    __main                                   0x70002401   Thumb Code     0  entry.o(.ARM.Collect$$$$00000000)
    _main_stk                                0x70002401   Thumb Code     0  entry4.o(.ARM.Collect$$$$00000003)
    _main_scatterload                        0x70002405   Thumb Code     0  entry5.o(.ARM.Collect$$$$00000004)
    __main_after_scatterload                 0x70002409   Thumb Code     0  entry5.o(.ARM.Collect$$$$00000004)
    _main_clock                              0x70002409   Thumb Code     0  entry7b.o(.ARM.Collect$$$$00000008)
    _main_cpp_init                           0x70002409   Thumb Code     0  entry8b.o(.ARM.Collect$$$$0000000A)
    _main_init                               0x70002409   Thumb Code     0  entry9a.o(.ARM.Collect$$$$0000000B)
    __rt_final_cpp                           0x70002411   Thumb Code     0  entry10a.o(.ARM.Collect$$$$0000000D)
    __rt_final_exit                          0x70002411   Thumb Code     0  entry11a.o(.ARM.Collect$$$$0000000F)
    Reset_Handler                            0x70002415   Thumb Code    40  startup_mimxrt1064.o(.text)
    ACMP1_IRQHandler                         0x7000243d   Thumb Code     4  startup_mimxrt1064.o(.text)
    ACMP2_IRQHandler                         0x7000243d   Thumb Code     4  startup_mimxrt1064.o(.text)
    ACMP3_IRQHandler                         0x7000243d   Thumb Code     4  startup_mimxrt1064.o(.text)
    ACMP4_IRQHandler                         0x7000243d   Thumb Code     4  startup_mimxrt1064.o(.text)
    ADC1_IRQHandler                          0x7000243d   Thumb Code     4  startup_mimxrt1064.o(.text)
    ADC2_IRQHandler                          0x7000243d   Thumb Code     4  startup_mimxrt1064.o(.text)
    ADC_ETC_ERROR_IRQ_IRQHandler             0x7000243d   Thumb Code     4  startup_mimxrt1064.o(.text)
    ADC_ETC_IRQ0_IRQHandler                  0x7000243d   Thumb Code     4  startup_mimxrt1064.o(.text)
    ADC_ETC_IRQ1_IRQHandler                  0x7000243d   Thumb Code     4  startup_mimxrt1064.o(.text)
    ADC_ETC_IRQ2_IRQHandler                  0x7000243d   Thumb Code     4  startup_mimxrt1064.o(.text)
    BEE_IRQHandler                           0x7000243d   Thumb Code     4  startup_mimxrt1064.o(.text)
    BusFault_Handler                         0x7000243d   Thumb Code     4  startup_mimxrt1064.o(.text)
    CAN1_DriverIRQHandler                    0x7000243d   Thumb Code     4  startup_mimxrt1064.o(.text)
    CAN2_DriverIRQHandler                    0x7000243d   Thumb Code     4  startup_mimxrt1064.o(.text)
    CAN3_DriverIRQHandler                    0x7000243d   Thumb Code     4  startup_mimxrt1064.o(.text)
    CCM_1_IRQHandler                         0x7000243d   Thumb Code     4  startup_mimxrt1064.o(.text)
    CCM_2_IRQHandler                         0x7000243d   Thumb Code     4  startup_mimxrt1064.o(.text)
    CORE_IRQHandler                          0x7000243d   Thumb Code     4  startup_mimxrt1064.o(.text)
    CSI_IRQHandler                           0x7000243d   Thumb Code     4  startup_mimxrt1064.o(.text)
    CSU_IRQHandler                           0x7000243d   Thumb Code     4  startup_mimxrt1064.o(.text)
    CTI0_ERROR_IRQHandler                    0x7000243d   Thumb Code     4  startup_mimxrt1064.o(.text)
    CTI1_ERROR_IRQHandler                    0x7000243d   Thumb Code     4  startup_mimxrt1064.o(.text)
    DCDC_IRQHandler                          0x7000243d   Thumb Code     4  startup_mimxrt1064.o(.text)
    DCP_IRQHandler                           0x7000243d   Thumb Code     4  startup_mimxrt1064.o(.text)
    DCP_VMI_IRQHandler                       0x7000243d   Thumb Code     4  startup_mimxrt1064.o(.text)
    DMA0_DMA16_DriverIRQHandler              0x7000243d   Thumb Code     4  startup_mimxrt1064.o(.text)
    DMA10_DMA26_DriverIRQHandler             0x7000243d   Thumb Code     4  startup_mimxrt1064.o(.text)
    DMA11_DMA27_DriverIRQHandler             0x7000243d   Thumb Code     4  startup_mimxrt1064.o(.text)
    DMA12_DMA28_DriverIRQHandler             0x7000243d   Thumb Code     4  startup_mimxrt1064.o(.text)
    DMA13_DMA29_DriverIRQHandler             0x7000243d   Thumb Code     4  startup_mimxrt1064.o(.text)
    DMA14_DMA30_DriverIRQHandler             0x7000243d   Thumb Code     4  startup_mimxrt1064.o(.text)
    DMA15_DMA31_DriverIRQHandler             0x7000243d   Thumb Code     4  startup_mimxrt1064.o(.text)
    DMA1_DMA17_DriverIRQHandler              0x7000243d   Thumb Code     4  startup_mimxrt1064.o(.text)
    DMA2_DMA18_DriverIRQHandler              0x7000243d   Thumb Code     4  startup_mimxrt1064.o(.text)
    DMA3_DMA19_DriverIRQHandler              0x7000243d   Thumb Code     4  startup_mimxrt1064.o(.text)
    DMA4_DMA20_DriverIRQHandler              0x7000243d   Thumb Code     4  startup_mimxrt1064.o(.text)
    DMA5_DMA21_DriverIRQHandler              0x7000243d   Thumb Code     4  startup_mimxrt1064.o(.text)
    DMA6_DMA22_DriverIRQHandler              0x7000243d   Thumb Code     4  startup_mimxrt1064.o(.text)
    DMA7_DMA23_DriverIRQHandler              0x7000243d   Thumb Code     4  startup_mimxrt1064.o(.text)
    DMA8_DMA24_DriverIRQHandler              0x7000243d   Thumb Code     4  startup_mimxrt1064.o(.text)
    DMA9_DMA25_DriverIRQHandler              0x7000243d   Thumb Code     4  startup_mimxrt1064.o(.text)
    DMA_ERROR_DriverIRQHandler               0x7000243d   Thumb Code     4  startup_mimxrt1064.o(.text)
    DebugMon_Handler                         0x7000243d   Thumb Code     4  startup_mimxrt1064.o(.text)
    DefaultISR                               0x7000243d   Thumb Code     4  startup_mimxrt1064.o(.text)
    ENC1_IRQHandler                          0x7000243d   Thumb Code     4  startup_mimxrt1064.o(.text)
    ENC2_IRQHandler                          0x7000243d   Thumb Code     4  startup_mimxrt1064.o(.text)
    ENC3_IRQHandler                          0x7000243d   Thumb Code     4  startup_mimxrt1064.o(.text)
    ENC4_IRQHandler                          0x7000243d   Thumb Code     4  startup_mimxrt1064.o(.text)
    ENET2_1588_Timer_DriverIRQHandler        0x7000243d   Thumb Code     4  startup_mimxrt1064.o(.text)
    ENET2_DriverIRQHandler                   0x7000243d   Thumb Code     4  startup_mimxrt1064.o(.text)
    ENET_1588_Timer_DriverIRQHandler         0x7000243d   Thumb Code     4  startup_mimxrt1064.o(.text)
    ENET_DriverIRQHandler                    0x7000243d   Thumb Code     4  startup_mimxrt1064.o(.text)
    EWM_IRQHandler                           0x7000243d   Thumb Code     4  startup_mimxrt1064.o(.text)
    FLEXIO1_DriverIRQHandler                 0x7000243d   Thumb Code     4  startup_mimxrt1064.o(.text)
    FLEXIO2_DriverIRQHandler                 0x7000243d   Thumb Code     4  startup_mimxrt1064.o(.text)
    FLEXIO3_DriverIRQHandler                 0x7000243d   Thumb Code     4  startup_mimxrt1064.o(.text)
    FLEXRAM_IRQHandler                       0x7000243d   Thumb Code     4  startup_mimxrt1064.o(.text)
    FLEXSPI2_DriverIRQHandler                0x7000243d   Thumb Code     4  startup_mimxrt1064.o(.text)
    FLEXSPI_DriverIRQHandler                 0x7000243d   Thumb Code     4  startup_mimxrt1064.o(.text)
    GPC_IRQHandler                           0x7000243d   Thumb Code     4  startup_mimxrt1064.o(.text)
    GPIO10_IRQHandler                        0x7000243d   Thumb Code     4  startup_mimxrt1064.o(.text)
    GPIO1_Combined_0_15_IRQHandler           0x7000243d   Thumb Code     4  startup_mimxrt1064.o(.text)
    GPIO1_Combined_16_31_IRQHandler          0x7000243d   Thumb Code     4  startup_mimxrt1064.o(.text)
    GPIO1_INT0_IRQHandler                    0x7000243d   Thumb Code     4  startup_mimxrt1064.o(.text)
    GPIO1_INT1_IRQHandler                    0x7000243d   Thumb Code     4  startup_mimxrt1064.o(.text)
    GPIO1_INT2_IRQHandler                    0x7000243d   Thumb Code     4  startup_mimxrt1064.o(.text)
    GPIO1_INT3_IRQHandler                    0x7000243d   Thumb Code     4  startup_mimxrt1064.o(.text)
    GPIO1_INT4_IRQHandler                    0x7000243d   Thumb Code     4  startup_mimxrt1064.o(.text)
    GPIO1_INT5_IRQHandler                    0x7000243d   Thumb Code     4  startup_mimxrt1064.o(.text)
    GPIO1_INT6_IRQHandler                    0x7000243d   Thumb Code     4  startup_mimxrt1064.o(.text)
    GPIO1_INT7_IRQHandler                    0x7000243d   Thumb Code     4  startup_mimxrt1064.o(.text)
    GPIO2_Combined_0_15_IRQHandler           0x7000243d   Thumb Code     4  startup_mimxrt1064.o(.text)
    GPIO2_Combined_16_31_IRQHandler          0x7000243d   Thumb Code     4  startup_mimxrt1064.o(.text)
    GPIO3_Combined_0_15_IRQHandler           0x7000243d   Thumb Code     4  startup_mimxrt1064.o(.text)
    GPIO3_Combined_16_31_IRQHandler          0x7000243d   Thumb Code     4  startup_mimxrt1064.o(.text)
    GPIO4_Combined_0_15_IRQHandler           0x7000243d   Thumb Code     4  startup_mimxrt1064.o(.text)
    GPIO4_Combined_16_31_IRQHandler          0x7000243d   Thumb Code     4  startup_mimxrt1064.o(.text)
    GPIO5_Combined_0_15_IRQHandler           0x7000243d   Thumb Code     4  startup_mimxrt1064.o(.text)
    GPIO5_Combined_16_31_IRQHandler          0x7000243d   Thumb Code     4  startup_mimxrt1064.o(.text)
    GPIO6_7_8_9_IRQHandler                   0x7000243d   Thumb Code     4  startup_mimxrt1064.o(.text)
    GPR_IRQ_IRQHandler                       0x7000243d   Thumb Code     4  startup_mimxrt1064.o(.text)
    GPT1_IRQHandler                          0x7000243d   Thumb Code     4  startup_mimxrt1064.o(.text)
    GPT2_IRQHandler                          0x7000243d   Thumb Code     4  startup_mimxrt1064.o(.text)
    KPP_IRQHandler                           0x7000243d   Thumb Code     4  startup_mimxrt1064.o(.text)
    LCDIF_IRQHandler                         0x7000243d   Thumb Code     4  startup_mimxrt1064.o(.text)
    LPI2C1_DriverIRQHandler                  0x7000243d   Thumb Code     4  startup_mimxrt1064.o(.text)
    LPI2C2_DriverIRQHandler                  0x7000243d   Thumb Code     4  startup_mimxrt1064.o(.text)
    LPI2C3_DriverIRQHandler                  0x7000243d   Thumb Code     4  startup_mimxrt1064.o(.text)
    LPI2C4_DriverIRQHandler                  0x7000243d   Thumb Code     4  startup_mimxrt1064.o(.text)
    LPSPI1_DriverIRQHandler                  0x7000243d   Thumb Code     4  startup_mimxrt1064.o(.text)
    LPSPI2_DriverIRQHandler                  0x7000243d   Thumb Code     4  startup_mimxrt1064.o(.text)
    LPSPI3_DriverIRQHandler                  0x7000243d   Thumb Code     4  startup_mimxrt1064.o(.text)
    LPSPI4_DriverIRQHandler                  0x7000243d   Thumb Code     4  startup_mimxrt1064.o(.text)
    MemManage_Handler                        0x7000243d   Thumb Code     4  startup_mimxrt1064.o(.text)
    PIT_IRQHandler                           0x7000243d   Thumb Code     4  startup_mimxrt1064.o(.text)
    PMU_EVENT_IRQHandler                     0x7000243d   Thumb Code     4  startup_mimxrt1064.o(.text)
    PWM1_0_IRQHandler                        0x7000243d   Thumb Code     4  startup_mimxrt1064.o(.text)
    PWM1_1_IRQHandler                        0x7000243d   Thumb Code     4  startup_mimxrt1064.o(.text)
    PWM1_2_IRQHandler                        0x7000243d   Thumb Code     4  startup_mimxrt1064.o(.text)
    PWM1_3_IRQHandler                        0x7000243d   Thumb Code     4  startup_mimxrt1064.o(.text)
    PWM1_FAULT_IRQHandler                    0x7000243d   Thumb Code     4  startup_mimxrt1064.o(.text)
    PWM2_0_IRQHandler                        0x7000243d   Thumb Code     4  startup_mimxrt1064.o(.text)
    PWM2_1_IRQHandler                        0x7000243d   Thumb Code     4  startup_mimxrt1064.o(.text)
    PWM2_2_IRQHandler                        0x7000243d   Thumb Code     4  startup_mimxrt1064.o(.text)
    PWM2_3_IRQHandler                        0x7000243d   Thumb Code     4  startup_mimxrt1064.o(.text)
    PWM2_FAULT_IRQHandler                    0x7000243d   Thumb Code     4  startup_mimxrt1064.o(.text)
    PWM3_0_IRQHandler                        0x7000243d   Thumb Code     4  startup_mimxrt1064.o(.text)
    PWM3_1_IRQHandler                        0x7000243d   Thumb Code     4  startup_mimxrt1064.o(.text)
    PWM3_2_IRQHandler                        0x7000243d   Thumb Code     4  startup_mimxrt1064.o(.text)
    PWM3_3_IRQHandler                        0x7000243d   Thumb Code     4  startup_mimxrt1064.o(.text)
    PWM3_FAULT_IRQHandler                    0x7000243d   Thumb Code     4  startup_mimxrt1064.o(.text)
    PWM4_0_IRQHandler                        0x7000243d   Thumb Code     4  startup_mimxrt1064.o(.text)
    PWM4_1_IRQHandler                        0x7000243d   Thumb Code     4  startup_mimxrt1064.o(.text)
    PWM4_2_IRQHandler                        0x7000243d   Thumb Code     4  startup_mimxrt1064.o(.text)
    PWM4_3_IRQHandler                        0x7000243d   Thumb Code     4  startup_mimxrt1064.o(.text)
    PWM4_FAULT_IRQHandler                    0x7000243d   Thumb Code     4  startup_mimxrt1064.o(.text)
    PXP_IRQHandler                           0x7000243d   Thumb Code     4  startup_mimxrt1064.o(.text)
    RTWDOG_IRQHandler                        0x7000243d   Thumb Code     4  startup_mimxrt1064.o(.text)
    Reserved115_IRQHandler                   0x7000243d   Thumb Code     4  startup_mimxrt1064.o(.text)
    Reserved143_IRQHandler                   0x7000243d   Thumb Code     4  startup_mimxrt1064.o(.text)
    Reserved144_IRQHandler                   0x7000243d   Thumb Code     4  startup_mimxrt1064.o(.text)
    Reserved171_IRQHandler                   0x7000243d   Thumb Code     4  startup_mimxrt1064.o(.text)
    Reserved68_IRQHandler                    0x7000243d   Thumb Code     4  startup_mimxrt1064.o(.text)
    Reserved78_IRQHandler                    0x7000243d   Thumb Code     4  startup_mimxrt1064.o(.text)
    Reserved86_IRQHandler                    0x7000243d   Thumb Code     4  startup_mimxrt1064.o(.text)
    SAI1_DriverIRQHandler                    0x7000243d   Thumb Code     4  startup_mimxrt1064.o(.text)
    SAI2_DriverIRQHandler                    0x7000243d   Thumb Code     4  startup_mimxrt1064.o(.text)
    SAI3_RX_DriverIRQHandler                 0x7000243d   Thumb Code     4  startup_mimxrt1064.o(.text)
    SAI3_TX_DriverIRQHandler                 0x7000243d   Thumb Code     4  startup_mimxrt1064.o(.text)
    SEMC_IRQHandler                          0x7000243d   Thumb Code     4  startup_mimxrt1064.o(.text)
    SJC_IRQHandler                           0x7000243d   Thumb Code     4  startup_mimxrt1064.o(.text)
    SNVS_HP_WRAPPER_IRQHandler               0x7000243d   Thumb Code     4  startup_mimxrt1064.o(.text)
    SNVS_HP_WRAPPER_TZ_IRQHandler            0x7000243d   Thumb Code     4  startup_mimxrt1064.o(.text)
    SNVS_LP_WRAPPER_IRQHandler               0x7000243d   Thumb Code     4  startup_mimxrt1064.o(.text)
    SPDIF_DriverIRQHandler                   0x7000243d   Thumb Code     4  startup_mimxrt1064.o(.text)
    SRC_IRQHandler                           0x7000243d   Thumb Code     4  startup_mimxrt1064.o(.text)
    TEMP_LOW_HIGH_IRQHandler                 0x7000243d   Thumb Code     4  startup_mimxrt1064.o(.text)
    TEMP_PANIC_IRQHandler                    0x7000243d   Thumb Code     4  startup_mimxrt1064.o(.text)
    TMR1_IRQHandler                          0x7000243d   Thumb Code     4  startup_mimxrt1064.o(.text)
    TMR2_IRQHandler                          0x7000243d   Thumb Code     4  startup_mimxrt1064.o(.text)
    TMR3_IRQHandler                          0x7000243d   Thumb Code     4  startup_mimxrt1064.o(.text)
    TMR4_IRQHandler                          0x7000243d   Thumb Code     4  startup_mimxrt1064.o(.text)
    TRNG_IRQHandler                          0x7000243d   Thumb Code     4  startup_mimxrt1064.o(.text)
    TSC_DIG_IRQHandler                       0x7000243d   Thumb Code     4  startup_mimxrt1064.o(.text)
    USB_OTG1_IRQHandler                      0x7000243d   Thumb Code     4  startup_mimxrt1064.o(.text)
    USB_OTG2_IRQHandler                      0x7000243d   Thumb Code     4  startup_mimxrt1064.o(.text)
    USB_PHY1_IRQHandler                      0x7000243d   Thumb Code     4  startup_mimxrt1064.o(.text)
    USB_PHY2_IRQHandler                      0x7000243d   Thumb Code     4  startup_mimxrt1064.o(.text)
    USDHC1_DriverIRQHandler                  0x7000243d   Thumb Code     4  startup_mimxrt1064.o(.text)
    USDHC2_DriverIRQHandler                  0x7000243d   Thumb Code     4  startup_mimxrt1064.o(.text)
    UsageFault_Handler                       0x7000243d   Thumb Code     4  startup_mimxrt1064.o(.text)
    WDOG1_IRQHandler                         0x7000243d   Thumb Code     4  startup_mimxrt1064.o(.text)
    WDOG2_IRQHandler                         0x7000243d   Thumb Code     4  startup_mimxrt1064.o(.text)
    XBAR1_IRQ_0_1_IRQHandler                 0x7000243d   Thumb Code     4  startup_mimxrt1064.o(.text)
    XBAR1_IRQ_2_3_IRQHandler                 0x7000243d   Thumb Code     4  startup_mimxrt1064.o(.text)
    NMI_Handler                              0x70002441   Thumb Code     4  startup_mimxrt1064.o(.text)
    HardFault_Handler                        0x70002445   Thumb Code     4  startup_mimxrt1064.o(.text)
    DMA0_DMA16_IRQHandler                    0x70002455   Thumb Code     4  startup_mimxrt1064.o(.text)
    DMA1_DMA17_IRQHandler                    0x70002459   Thumb Code     4  startup_mimxrt1064.o(.text)
    DMA2_DMA18_IRQHandler                    0x7000245d   Thumb Code     4  startup_mimxrt1064.o(.text)
    DMA3_DMA19_IRQHandler                    0x70002461   Thumb Code     4  startup_mimxrt1064.o(.text)
    DMA4_DMA20_IRQHandler                    0x70002465   Thumb Code     4  startup_mimxrt1064.o(.text)
    DMA5_DMA21_IRQHandler                    0x70002469   Thumb Code     4  startup_mimxrt1064.o(.text)
    DMA6_DMA22_IRQHandler                    0x7000246d   Thumb Code     4  startup_mimxrt1064.o(.text)
    DMA7_DMA23_IRQHandler                    0x70002471   Thumb Code     4  startup_mimxrt1064.o(.text)
    DMA8_DMA24_IRQHandler                    0x70002475   Thumb Code     4  startup_mimxrt1064.o(.text)
    DMA9_DMA25_IRQHandler                    0x70002479   Thumb Code     4  startup_mimxrt1064.o(.text)
    DMA10_DMA26_IRQHandler                   0x7000247d   Thumb Code     4  startup_mimxrt1064.o(.text)
    DMA11_DMA27_IRQHandler                   0x70002481   Thumb Code     4  startup_mimxrt1064.o(.text)
    DMA12_DMA28_IRQHandler                   0x70002485   Thumb Code     4  startup_mimxrt1064.o(.text)
    DMA13_DMA29_IRQHandler                   0x70002489   Thumb Code     4  startup_mimxrt1064.o(.text)
    DMA14_DMA30_IRQHandler                   0x7000248d   Thumb Code     4  startup_mimxrt1064.o(.text)
    DMA15_DMA31_IRQHandler                   0x70002491   Thumb Code     4  startup_mimxrt1064.o(.text)
    DMA_ERROR_IRQHandler                     0x70002495   Thumb Code     4  startup_mimxrt1064.o(.text)
    LPUART1_IRQHandler                       0x70002499   Thumb Code     4  startup_mimxrt1064.o(.text)
    LPUART2_IRQHandler                       0x7000249d   Thumb Code     4  startup_mimxrt1064.o(.text)
    LPUART3_IRQHandler                       0x700024a1   Thumb Code     4  startup_mimxrt1064.o(.text)
    LPUART4_IRQHandler                       0x700024a5   Thumb Code     4  startup_mimxrt1064.o(.text)
    LPUART5_IRQHandler                       0x700024a9   Thumb Code     4  startup_mimxrt1064.o(.text)
    LPUART6_IRQHandler                       0x700024ad   Thumb Code     4  startup_mimxrt1064.o(.text)
    LPUART7_IRQHandler                       0x700024b1   Thumb Code     4  startup_mimxrt1064.o(.text)
    LPUART8_IRQHandler                       0x700024b5   Thumb Code     4  startup_mimxrt1064.o(.text)
    LPI2C1_IRQHandler                        0x700024b9   Thumb Code     4  startup_mimxrt1064.o(.text)
    LPI2C2_IRQHandler                        0x700024bd   Thumb Code     4  startup_mimxrt1064.o(.text)
    LPI2C3_IRQHandler                        0x700024c1   Thumb Code     4  startup_mimxrt1064.o(.text)
    LPI2C4_IRQHandler                        0x700024c5   Thumb Code     4  startup_mimxrt1064.o(.text)
    LPSPI1_IRQHandler                        0x700024c9   Thumb Code     4  startup_mimxrt1064.o(.text)
    LPSPI2_IRQHandler                        0x700024cd   Thumb Code     4  startup_mimxrt1064.o(.text)
    LPSPI3_IRQHandler                        0x700024d1   Thumb Code     4  startup_mimxrt1064.o(.text)
    LPSPI4_IRQHandler                        0x700024d5   Thumb Code     4  startup_mimxrt1064.o(.text)
    CAN1_IRQHandler                          0x700024d9   Thumb Code     4  startup_mimxrt1064.o(.text)
    CAN2_IRQHandler                          0x700024dd   Thumb Code     4  startup_mimxrt1064.o(.text)
    SAI1_IRQHandler                          0x700024e1   Thumb Code     4  startup_mimxrt1064.o(.text)
    SAI2_IRQHandler                          0x700024e5   Thumb Code     4  startup_mimxrt1064.o(.text)
    SAI3_RX_IRQHandler                       0x700024e9   Thumb Code     4  startup_mimxrt1064.o(.text)
    SAI3_TX_IRQHandler                       0x700024ed   Thumb Code     4  startup_mimxrt1064.o(.text)
    SPDIF_IRQHandler                         0x700024f1   Thumb Code     4  startup_mimxrt1064.o(.text)
    FLEXIO1_IRQHandler                       0x700024f5   Thumb Code     4  startup_mimxrt1064.o(.text)
    FLEXIO2_IRQHandler                       0x700024f9   Thumb Code     4  startup_mimxrt1064.o(.text)
    FLEXSPI2_IRQHandler                      0x700024fd   Thumb Code     4  startup_mimxrt1064.o(.text)
    FLEXSPI_IRQHandler                       0x70002501   Thumb Code     4  startup_mimxrt1064.o(.text)
    USDHC1_IRQHandler                        0x70002505   Thumb Code     4  startup_mimxrt1064.o(.text)
    USDHC2_IRQHandler                        0x70002509   Thumb Code     4  startup_mimxrt1064.o(.text)
    ENET_IRQHandler                          0x7000250d   Thumb Code     4  startup_mimxrt1064.o(.text)
    ENET_1588_Timer_IRQHandler               0x70002511   Thumb Code     4  startup_mimxrt1064.o(.text)
    ENET2_IRQHandler                         0x70002515   Thumb Code     4  startup_mimxrt1064.o(.text)
    ENET2_1588_Timer_IRQHandler              0x70002519   Thumb Code     4  startup_mimxrt1064.o(.text)
    CAN3_IRQHandler                          0x7000251d   Thumb Code     4  startup_mimxrt1064.o(.text)
    FLEXIO3_IRQHandler                       0x70002521   Thumb Code     4  startup_mimxrt1064.o(.text)
    memcpy                                   0x70002609   Thumb Code     0  fsl_memcpy.o(.text)
    __aeabi_uldivmod                         0x700026a9   Thumb Code    98  uldiv.o(.text)
    memset                                   0x7000270b   Thumb Code    18  memset.o(.text)
    strlen                                   0x7000271d   Thumb Code    14  strlen.o(.text)
    __aeabi_llsl                             0x7000272b   Thumb Code    30  llshl.o(.text)
    _ll_shift_l                              0x7000272b   Thumb Code     0  llshl.o(.text)
    __aeabi_llsr                             0x70002749   Thumb Code    32  llushr.o(.text)
    _ll_ushift_r                             0x70002749   Thumb Code     0  llushr.o(.text)
    __scatterload                            0x70002769   Thumb Code    38  init.o(.text)
    __scatterload_rt2                        0x70002769   Thumb Code     0  init.o(.text)
    __decompress                             0x70002799   Thumb Code     0  __dczerorl2.o(.text)
    __decompress1                            0x70002799   Thumb Code    86  __dczerorl2.o(.text)
    AppTasks_Create                          0x700027f1   Thumb Code   184  app_tasks.o(.text.AppTasks_Create)
    BOARD_BootClockRUN                       0x700028f1   Thumb Code  2154  clock_config.o(.text.BOARD_BootClockRUN)
    BOARD_ConfigMPU                          0x70003161   Thumb Code   708  board.o(.text.BOARD_ConfigMPU)
    BOARD_DebugConsoleSrcFreq                0x70003461   Thumb Code    90  board.o(.text.BOARD_DebugConsoleSrcFreq)
    BOARD_InitBootClocks                     0x700034c1   Thumb Code     4  clock_config.o(.text.BOARD_InitBootClocks)
    BOARD_InitBootPins                       0x700034c9   Thumb Code     4  pin_mux.o(.text.BOARD_InitBootPins)
    BOARD_InitDebugConsole                   0x700034d1   Thumb Code   104  board.o(.text.BOARD_InitDebugConsole)
    BOARD_InitHardware                       0x70003539   Thumb Code    22  hardware_init.o(.text.BOARD_InitHardware)
    BOARD_InitPins                           0x70003551   Thumb Code   380  pin_mux.o(.text.BOARD_InitPins)
    BSP_DebugUartReadByte                    0x700036d1   Thumb Code    82  bsp_uart.o(.text.BSP_DebugUartReadByte)
    BSP_EncoderClear                         0x70003729   Thumb Code    60  bsp_encoder.o(.text.BSP_EncoderClear)
    BSP_EncoderClearAll                      0x70003769   Thumb Code    80  bsp_encoder.o(.text.BSP_EncoderClearAll)
    BSP_EncoderGetCount                      0x700037b9   Thumb Code    22  bsp_encoder.o(.text.BSP_EncoderGetCount)
    BSP_EncoderGetSpeedCps                   0x700037d1   Thumb Code   112  bsp_encoder.o(.text.BSP_EncoderGetSpeedCps)
    BSP_EncoderInit                          0x70003841   Thumb Code   150  bsp_encoder.o(.text.BSP_EncoderInit)
    BSP_MotorInit                            0x700038d9   Thumb Code   246  bsp_motor.o(.text.BSP_MotorInit)
    BSP_MotorSetDirection                    0x700039d1   Thumb Code    42  bsp_motor.o(.text.BSP_MotorSetDirection)
    BSP_MotorSetSignedDuty                   0x70003a01   Thumb Code   204  bsp_motor.o(.text.BSP_MotorSetSignedDuty)
    BSP_MotorStopAll                         0x70003ad1   Thumb Code   106  bsp_motor.o(.text.BSP_MotorStopAll)
    BSP_SoftI2C_Init                         0x70003b41   Thumb Code    66  bsp_soft_i2c.o(.text.BSP_SoftI2C_Init)
    BSP_SoftI2C_ReadRegs                     0x70003b89   Thumb Code   428  bsp_soft_i2c.o(.text.BSP_SoftI2C_ReadRegs)
    BSP_SoftI2C_WriteReg                     0x70003d39   Thumb Code    50  bsp_soft_i2c.o(.text.BSP_SoftI2C_WriteReg)
    BSP_UartInit                             0x70003d71   Thumb Code   118  bsp_uart.o(.text.BSP_UartInit)
    BSP_VisionUartPoll                       0x70003de9   Thumb Code   172  bsp_uart.o(.text.BSP_VisionUartPoll)
    BSP_VisionUartRead                       0x70003e99   Thumb Code   104  bsp_uart.o(.text.BSP_VisionUartRead)
    CLOCK_DeinitAudioPll                     0x70003f01   Thumb Code    16  fsl_clock.o(.text.CLOCK_DeinitAudioPll)
    CLOCK_DeinitEnetPll                      0x70003f11   Thumb Code    16  fsl_clock.o(.text.CLOCK_DeinitEnetPll)
    CLOCK_DeinitUsb2Pll                      0x70003f21   Thumb Code    14  fsl_clock.o(.text.CLOCK_DeinitUsb2Pll)
    CLOCK_GetFreq                            0x70003f31   Thumb Code  2236  fsl_clock.o(.text.CLOCK_GetFreq)
    CLOCK_GetPllFreq                         0x70004b19   Thumb Code   594  fsl_clock.o(.text.CLOCK_GetPllFreq)
    CLOCK_GetSemcFreq                        0x70004d71   Thumb Code   264  fsl_clock.o(.text.CLOCK_GetSemcFreq)
    CLOCK_InitArmPll                         0x70004e79   Thumb Code    70  fsl_clock.o(.text.CLOCK_InitArmPll)
    CLOCK_InitExternalClk                    0x70004ec1   Thumb Code    64  fsl_clock.o(.text.CLOCK_InitExternalClk)
    CLOCK_InitRcOsc24M                       0x70004f11   Thumb Code    18  fsl_clock.o(.text.CLOCK_InitRcOsc24M)
    CLOCK_InitSysPfd                         0x70004f29   Thumb Code    54  fsl_clock.o(.text.CLOCK_InitSysPfd)
    CLOCK_InitSysPll                         0x70004f61   Thumb Code   110  fsl_clock.o(.text.CLOCK_InitSysPll)
    CLOCK_SwitchOsc                          0x70004fd1   Thumb Code    24  fsl_clock.o(.text.CLOCK_SwitchOsc)
    Chassis_DistanceMToEncoderCounts         0x70004fe9   Thumb Code    52  chassis.o(.text.Chassis_DistanceMToEncoderCounts)
    Chassis_GetAverageAbsEncoderCounts       0x70005029   Thumb Code    36  chassis.o(.text.Chassis_GetAverageAbsEncoderCounts)
    Chassis_GetStatus                        0x70005051   Thumb Code    72  chassis.o(.text.Chassis_GetStatus)
    Chassis_Init                             0x70005099   Thumb Code   120  chassis.o(.text.Chassis_Init)
    Chassis_SetAllPid                        0x70005141   Thumb Code    44  chassis.o(.text.Chassis_SetAllPid)
    Chassis_SetLegacyCar                     0x70005171   Thumb Code   220  chassis.o(.text.Chassis_SetLegacyCar)
    Chassis_SetManualDirection               0x70005269   Thumb Code    10  chassis.o(.text.Chassis_SetManualDirection)
    Chassis_SetManualDuty                    0x70005279   Thumb Code    82  chassis.o(.text.Chassis_SetManualDuty)
    Chassis_SetPid                           0x700052d1   Thumb Code    26  chassis.o(.text.Chassis_SetPid)
    Chassis_SetVelocity                      0x700052f1   Thumb Code   228  chassis.o(.text.Chassis_SetVelocity)
    Chassis_SetWheelTarget                   0x700053e9   Thumb Code    56  chassis.o(.text.Chassis_SetWheelTarget)
    Chassis_Stop                             0x70005421   Thumb Code    88  chassis.o(.text.Chassis_Stop)
    Chassis_UpdateControl                    0x70005479   Thumb Code   262  chassis.o(.text.Chassis_UpdateControl)
    DbgConsole_Init                          0x700055a1   Thumb Code    82  fsl_debug_console.o(.text.DbgConsole_Init)
    DbgConsole_Printf                        0x700055f9   Thumb Code    32  fsl_debug_console.o(.text.DbgConsole_Printf)
    DbgConsole_Putchar                       0x70005619   Thumb Code    44  fsl_debug_console.o(.text.DbgConsole_Putchar)
    DbgConsole_Vprintf                       0x70005649   Thumb Code  1064  fsl_debug_console.o(.text.DbgConsole_Vprintf)
    GPIO_PinInit                             0x70005a71   Thumb Code   204  fsl_gpio.o(.text.GPIO_PinInit)
    GPIO_PinSetInterruptConfig               0x70005bc1   Thumb Code   168  fsl_gpio.o(.text.GPIO_PinSetInterruptConfig)
    GPIO_PinWrite                            0x70005c79   Thumb Code    44  fsl_gpio.o(.text.GPIO_PinWrite)
    HAL_UartInit                             0x70005ca9   Thumb Code   264  fsl_adapter_lpuart.o(.text.HAL_UartInit)
    HAL_UartReceiveBlocking                  0x70005df9   Thumb Code   108  fsl_adapter_lpuart.o(.text.HAL_UartReceiveBlocking)
    HAL_UartSendBlocking                     0x70005e69   Thumb Code   102  fsl_adapter_lpuart.o(.text.HAL_UartSendBlocking)
    IMU_Calibrate                            0x70005ed1   Thumb Code    96  imu.o(.text.IMU_Calibrate)
    IMU_GetRelativeYawCentiDeg               0x70005f31   Thumb Code   120  imu.o(.text.IMU_GetRelativeYawCentiDeg)
    IMU_Init                                 0x70005fa9   Thumb Code   110  imu.o(.text.IMU_Init)
    IMU_IsPrintEnabled                       0x70006019   Thumb Code    12  imu.o(.text.IMU_IsPrintEnabled)
    IMU_PrintStatus                          0x70006029   Thumb Code   260  imu.o(.text.IMU_PrintStatus)
    IMU_ResetYaw                             0x70006139   Thumb Code    22  imu.o(.text.IMU_ResetYaw)
    IMU_SetPrintEnabled                      0x70006151   Thumb Code    12  imu.o(.text.IMU_SetPrintEnabled)
    IMU_Update                               0x70006161   Thumb Code   402  imu.o(.text.IMU_Update)
    LPUART1_DriverIRQHandler                 0x70006331   Thumb Code    38  fsl_lpuart.o(.text.LPUART1_DriverIRQHandler)
    LPUART2_DriverIRQHandler                 0x70006359   Thumb Code    38  fsl_lpuart.o(.text.LPUART2_DriverIRQHandler)
    LPUART3_DriverIRQHandler                 0x70006381   Thumb Code    38  fsl_lpuart.o(.text.LPUART3_DriverIRQHandler)
    LPUART4_DriverIRQHandler                 0x700063a9   Thumb Code    36  fsl_lpuart.o(.text.LPUART4_DriverIRQHandler)
    LPUART5_DriverIRQHandler                 0x700063d1   Thumb Code    38  fsl_lpuart.o(.text.LPUART5_DriverIRQHandler)
    LPUART6_DriverIRQHandler                 0x700063f9   Thumb Code    38  fsl_lpuart.o(.text.LPUART6_DriverIRQHandler)
    LPUART7_DriverIRQHandler                 0x70006421   Thumb Code    38  fsl_lpuart.o(.text.LPUART7_DriverIRQHandler)
    LPUART8_DriverIRQHandler                 0x70006449   Thumb Code    36  fsl_lpuart.o(.text.LPUART8_DriverIRQHandler)
    LPUART_ClearStatusFlags                  0x70006471   Thumb Code    60  fsl_lpuart.o(.text.LPUART_ClearStatusFlags)
    LPUART_GetDefaultConfig                  0x700064b1   Thumb Code    66  fsl_lpuart.o(.text.LPUART_GetDefaultConfig)
    LPUART_GetStatusFlags                    0x700064f9   Thumb Code    24  fsl_lpuart.o(.text.LPUART_GetStatusFlags)
    LPUART_Init                              0x70006511   Thumb Code   808  fsl_lpuart.o(.text.LPUART_Init)
    LPUART_ReadBlocking                      0x700068a1   Thumb Code   100  fsl_lpuart.o(.text.LPUART_ReadBlocking)
    LPUART_WriteBlocking                     0x700069b1   Thumb Code    54  fsl_lpuart.o(.text.LPUART_WriteBlocking)
    PID_Init                                 0x70006a09   Thumb Code    42  pid.o(.text.PID_Init)
    PID_Reset                                0x70006a39   Thumb Code    12  pid.o(.text.PID_Reset)
    PID_SetParam                             0x70006a49   Thumb Code    18  pid.o(.text.PID_SetParam)
    PID_SetTarget                            0x70006a61   Thumb Code     8  pid.o(.text.PID_SetTarget)
    PID_Update                               0x70006a69   Thumb Code   108  pid.o(.text.PID_Update)
    PWM_GetDefaultConfig                     0x70006ad9   Thumb Code    54  fsl_pwm.o(.text.PWM_GetDefaultConfig)
    PWM_Init                                 0x70006b11   Thumb Code   568  fsl_pwm.o(.text.PWM_Init)
    PWM_SetupPwm                             0x70006f51   Thumb Code   604  fsl_pwm.o(.text.PWM_SetupPwm)
    PWM_UpdatePwmDutycycleHighAccuracy       0x700071d9   Thumb Code   120  fsl_pwm.o(.text.PWM_UpdatePwmDutycycleHighAccuracy)
    PathPlanner_GetStatus                    0x70007251   Thumb Code   152  path_planner.o(.text.PathPlanner_GetStatus)
    PathPlanner_Goto                         0x700072e9   Thumb Code   932  path_planner.o(.text.PathPlanner_Goto)
    PathPlanner_Init                         0x70007699   Thumb Code   166  path_planner.o(.text.PathPlanner_Init)
    PathPlanner_MoveCells                    0x70007741   Thumb Code   128  path_planner.o(.text.PathPlanner_MoveCells)
    PathPlanner_SetCellSizeMm                0x700077c1   Thumb Code    18  path_planner.o(.text.PathPlanner_SetCellSizeMm)
    PathPlanner_SetMapRows                   0x700077d9   Thumb Code   274  path_planner.o(.text.PathPlanner_SetMapRows)
    PathPlanner_SetPose                      0x700078f1   Thumb Code   124  path_planner.o(.text.PathPlanner_SetPose)
    PathPlanner_Start                        0x70007971   Thumb Code    66  path_planner.o(.text.PathPlanner_Start)
    PathPlanner_Stop                         0x700079b9   Thumb Code    70  path_planner.o(.text.PathPlanner_Stop)
    PathPlanner_Update                       0x70007a01   Thumb Code   400  path_planner.o(.text.PathPlanner_Update)
    PendSV_Handler                           0x70007ce1   Thumb Code    96  port.o(.text.PendSV_Handler)
    Protocol_CheckTimeout                    0x70007d41   Thumb Code    64  protocol.o(.text.Protocol_CheckTimeout)
    Protocol_Init                            0x70007d81   Thumb Code    60  protocol.o(.text.Protocol_Init)
    Protocol_InputByte                       0x70007dc1   Thumb Code   160  protocol.o(.text.Protocol_InputByte)
    Protocol_PeriodicSend                    0x70008081   Thumb Code    66  protocol.o(.text.Protocol_PeriodicSend)
    Protocol_ProcessFrame                    0x70008449   Thumb Code  2488  protocol.o(.text.Protocol_ProcessFrame)
    QTMR_ClearStatusFlags                    0x70008e21   Thumb Code    62  fsl_qtmr.o(.text.QTMR_ClearStatusFlags)
    QTMR_GetDefaultConfig                    0x70008e61   Thumb Code    48  fsl_qtmr.o(.text.QTMR_GetDefaultConfig)
    QTMR_Init                                0x70008e91   Thumb Code   232  fsl_qtmr.o(.text.QTMR_Init)
    SVC_Handler                              0x70008f79   Thumb Code    32  port.o(.text.SVC_Handler)
    SysTick_Handler                          0x700091e9   Thumb Code    46  port.o(.text.SysTick_Handler)
    SystemInit                               0x70009219   Thumb Code   210  system_mimxrt1064.o(.text.SystemInit)
    SystemInitHook                           0x700092f1   Thumb Code     2  system_mimxrt1064.o(.text.SystemInitHook)
    Vision_GetYawCentiDeg                    0x70009349   Thumb Code    64  vision.o(.text.Vision_GetYawCentiDeg)
    Vision_Init                              0x70009389   Thumb Code    86  vision.o(.text.Vision_Init)
    Vision_ParseFrame                        0x700093e1   Thumb Code  2508  vision.o(.text.Vision_ParseFrame)
    Vision_Poll                              0x70009dd9   Thumb Code    26  vision.o(.text.Vision_Poll)
    __aeabi_assert                           0x70009df9   Thumb Code    48  fsl_assert.o(.text.__aeabi_assert)
    fsl_assert_hook                          0x70009e59   Thumb Code     4  fsl_assert.o(.text.fsl_assert_hook)
    main                                     0x70009e61   Thumb Code    70  freertos_hello.o(.text.main)
    pvPortMalloc                             0x7000a3f9   Thumb Code   496  heap_4.o(.text.pvPortMalloc)
    pxPortInitialiseStack                    0x7000a5e9   Thumb Code    44  port.o(.text.pxPortInitialiseStack)
    uxListRemove                             0x7000a619   Thumb Code    40  list.o(.text.uxListRemove)
    vListInitialise                          0x7000a641   Thumb Code    22  list.o(.text.vListInitialise)
    vListInitialiseItem                      0x7000a659   Thumb Code     6  list.o(.text.vListInitialiseItem)
    vListInsert                              0x7000a661   Thumb Code    58  list.o(.text.vListInsert)
    vPortEnterCritical                       0x7000a6b9   Thumb Code    74  port.o(.text.vPortEnterCritical)
    vPortExitCritical                        0x7000a709   Thumb Code    46  port.o(.text.vPortExitCritical)
    vPortFree                                0x7000a739   Thumb Code   278  heap_4.o(.text.vPortFree)
    vPortSetupTimerInterrupt                 0x7000a851   Thumb Code    52  port.o(.text.vPortSetupTimerInterrupt)
    vQueueAddToRegistry                      0x7000a889   Thumb Code    90  queue.o(.text.vQueueAddToRegistry)
    vQueueWaitForMessageRestricted           0x7000a8e9   Thumb Code    70  queue.o(.text.vQueueWaitForMessageRestricted)
    vTaskDelay                               0x7000a931   Thumb Code   214  tasks.o(.text.vTaskDelay)
    vTaskInternalSetTimeOutState             0x7000aa09   Thumb Code    26  tasks.o(.text.vTaskInternalSetTimeOutState)
    vTaskMissedYield                         0x7000aa29   Thumb Code    14  tasks.o(.text.vTaskMissedYield)
    vTaskPlaceOnEventList                    0x7000aa39   Thumb Code    54  tasks.o(.text.vTaskPlaceOnEventList)
    vTaskPlaceOnEventListRestricted          0x7000aa71   Thumb Code   102  tasks.o(.text.vTaskPlaceOnEventListRestricted)
    vTaskStartScheduler                      0x7000aad9   Thumb Code   176  tasks.o(.text.vTaskStartScheduler)
    vTaskSuspendAll                          0x7000ab91   Thumb Code    16  tasks.o(.text.vTaskSuspendAll)
    vTaskSwitchContext                       0x7000aba1   Thumb Code   134  tasks.o(.text.vTaskSwitchContext)
    xPortStartScheduler                      0x7000ac29   Thumb Code   414  port.o(.text.xPortStartScheduler)
    xQueueGenericCreate                      0x7000adc9   Thumb Code   146  queue.o(.text.xQueueGenericCreate)
    xQueueReceive                            0x7000ae61   Thumb Code   424  queue.o(.text.xQueueReceive)
    xTaskCheckForTimeOut                     0x7000b009   Thumb Code   168  tasks.o(.text.xTaskCheckForTimeOut)
    xTaskCreate                              0x7000b0b1   Thumb Code   510  tasks.o(.text.xTaskCreate)
    xTaskDelayUntil                          0x7000b2b1   Thumb Code   308  tasks.o(.text.xTaskDelayUntil)
    xTaskGetSchedulerState                   0x7000b3e9   Thumb Code    36  tasks.o(.text.xTaskGetSchedulerState)
    xTaskGetTickCount                        0x7000b411   Thumb Code    12  tasks.o(.text.xTaskGetTickCount)
    xTaskIncrementTick                       0x7000b421   Thumb Code   418  tasks.o(.text.xTaskIncrementTick)
    xTaskRemoveFromEventList                 0x7000b5c9   Thumb Code   246  tasks.o(.text.xTaskRemoveFromEventList)
    xTaskResumeAll                           0x7000b6c1   Thumb Code   388  tasks.o(.text.xTaskResumeAll)
    xTimerCreateTimerTask                    0x7000b849   Thumb Code    88  timers.o(.text.xTimerCreateTimerTask)
    __scatterload_copy                       0x7000b8a9   Thumb Code    14  handlers.o(i.__scatterload_copy)
    __scatterload_null                       0x7000b8b7   Thumb Code     2  handlers.o(i.__scatterload_null)
    __scatterload_zeroinit                   0x7000b8b9   Thumb Code    14  handlers.o(i.__scatterload_zeroinit)
    armPllConfig_BOARD_BootClockRUN          0x7000b8c8   Data           8  clock_config.o(.rodata.armPllConfig_BOARD_BootClockRUN)
    sysPllConfig_BOARD_BootClockRUN          0x7000bdb0   Data          20  clock_config.o(.rodata.sysPllConfig_BOARD_BootClockRUN)
    Region$$Table$$Base                      0x7000bdc8   Number         0  anon$$obj.o(Region$$Table)
    Region$$Table$$Limit                     0x7000bdf8   Number         0  anon$$obj.o(Region$$Table)



==============================================================================

Memory Map of the image

  Image Entry point : 0x70002415

  Load Region LR_m_text (Base: 0x70000000, Size: 0x000bae40, Max: 0x00400000, ABSOLUTE, COMPRESSED[0x0000d438])

    Execution Region RW_m_ram_text (Exec base: 0x00000000, Load base: 0x7000be24, Size: 0x00000000, Max: 0x00020000, ABSOLUTE)

    **** No section assigned to this execution region ****


    Execution Region RW_m_data (Exec base: 0x20000000, Load base: 0x7000bdf8, Size: 0x00003a08, Max: 0x0001f800, ABSOLUTE)

    Exec Addr    Load Addr    Size         Type   Attr      Idx    E Section Name        Object

    0x20000000   0x7000bdf8   0x00000004   Data   RW           91    .data.SystemCoreClock  system_mimxrt1064.o
    0x20000004   0x7000bdfc   0x00000024   Data   RW          403    .data.s_lpuartIsr   fsl_lpuart.o
    0x20000028   0x7000be20   0x00000004   Data   RW          964    .data.uxCriticalNesting  port.o
    0x2000002c        -       0x00000004   Zero   RW          214    .bss.g_rtcXtalFreq  fsl_clock.o
    0x20000030        -       0x00000004   Zero   RW          213    .bss.g_xtalFreq     fsl_clock.o
    0x20000034        -       0x00000004   Zero   RW          925    .bss.prvSampleTimeNow.xLastTime  timers.o
    0x20000038        -       0x00000004   Zero   RW          846    .bss.pxCurrentTCB   tasks.o
    0x2000003c        -       0x00000004   Zero   RW          923    .bss.pxCurrentTimerList  timers.o
    0x20000040        -       0x00000004   Zero   RW          856    .bss.pxDelayedTaskList  tasks.o
    0x20000044        -       0x00000004   Zero   RW          991    .bss.pxEnd          heap_4.o
    0x20000048        -       0x00000004   Zero   RW          857    .bss.pxOverflowDelayedTaskList  tasks.o
    0x2000004c        -       0x00000004   Zero   RW          924    .bss.pxOverflowTimerList  timers.o
    0x20000050        -       0x00000064   Zero   RW          847    .bss.pxReadyTasksLists  tasks.o
    0x200000b4        -       0x00000010   Zero   RW         1161    .bss.s_activeTargetCps  chassis.o
    0x200000c4        -       0x00000010   Zero   RW         1162    .bss.s_actualCps    chassis.o
    0x200000d4        -       0x00000006   Zero   RW         1327    .bss.s_angleCentiDeg  imu.o
    0x200000da        -       0x00000180   Zero   RW         1245    .bss.s_bfsParent    path_planner.o
    0x2000025a        -       0x00000180   Zero   RW         1246    .bss.s_bfsQueue     path_planner.o
    0x200003da        -       0x000000c0   Zero   RW         1244    .bss.s_bfsVisited   path_planner.o
    0x2000049a        -       0x00000001   Zero   RW         1324    .bss.s_calCount     imu.o
    0x2000049b        -       0x00000001   Zero   RW         1329    .bss.s_calibrated   imu.o
    0x2000049c        -       0x00000002   Zero   RW         1236    .bss.s_cellSizeMm   path_planner.o
    0x2000049e   0x7000be24   0x00000002   PAD
    0x200004a0        -       0x00000014   Zero   RW         1392    .bss.s_debugConsole  fsl_debug_console.o
    0x200004b4        -       0x00000140   Zero   RW         1293    .bss.s_frame        protocol.o
    0x200005f4        -       0x00000001   Zero   RW         1290    .bss.s_frameActive  protocol.o
    0x200005f5   0x7000be24   0x00000001   PAD
    0x200005f6        -       0x00000002   Zero   RW         1291    .bss.s_frameLength  protocol.o
    0x200005f8        -       0x00000001   Zero   RW         1235    .bss.s_heading      path_planner.o
    0x200005f9        -       0x00000001   Zero   RW         1323    .bss.s_initialized  imu.o
    0x200005fa        -       0x00000008   Zero   RW         1050    .bss.s_lastCount    bsp_encoder.o
    0x20000602   0x7000be24   0x00000002   PAD
    0x20000604        -       0x00000004   Zero   RW         1292    .bss.s_lastRxTick   protocol.o
    0x20000608        -       0x00000004   Zero   RW         1289    .bss.s_lastStreamTick  protocol.o
    0x2000060c        -       0x00000280   Zero   RW         1355    .bss.s_lineBuffer   vision.o
    0x2000088c        -       0x00000004   Zero   RW         1354    .bss.s_lineLength   vision.o
    0x20000890        -       0x00000024   Zero   RW          407    .bss.s_lpuartHandle  fsl_lpuart.o
    0x200008b4        -       0x000000c0   Zero   RW         1243    .bss.s_map          path_planner.o
    0x20000974        -       0x00000001   Zero   RW         1230    .bss.s_mapHeight    path_planner.o
    0x20000975        -       0x00000001   Zero   RW         1231    .bss.s_mapReady     path_planner.o
    0x20000976        -       0x00000001   Zero   RW         1229    .bss.s_mapWidth     path_planner.o
    0x20000977   0x7000be24   0x00000001   PAD
    0x20000978        -       0x00000008   Zero   RW         1077    .bss.s_motorDuty    bsp_motor.o
    0x20000980        -       0x00000006   Zero   RW         1326    .bss.s_offsetRaw    imu.o
    0x20000986   0x7000be24   0x00000002   PAD
    0x20000988        -       0x0000000c   Zero   RW         1325    .bss.s_offsetSum    imu.o
    0x20000994        -       0x00000008   Zero   RW         1163    .bss.s_outputDuty   chassis.o
    0x2000099c        -       0x00000001   Zero   RW         1228    .bss.s_pathState    path_planner.o
    0x2000099d        -       0x00000001   Zero   RW         1232    .bss.s_poseReady    path_planner.o
    0x2000099e        -       0x00000001   Zero   RW         1233    .bss.s_poseX        path_planner.o
    0x2000099f        -       0x00000001   Zero   RW         1234    .bss.s_poseY        path_planner.o
    0x200009a0        -       0x00000001   Zero   RW         1330    .bss.s_printEnabled  imu.o
    0x200009a1        -       0x0000000c   Zero   RW          482    .bss.s_pwmGetPwmDutyCycle  fsl_pwm.o
    0x200009ad        -       0x000000c0   Zero   RW         1247    .bss.s_reverseDirs  path_planner.o
    0x20000a6d        -       0x00000001   Zero   RW         1239    .bss.s_segmentActive  path_planner.o
    0x20000a6e        -       0x00000001   Zero   RW         1248    .bss.s_segmentDir   path_planner.o
    0x20000a6f   0x7000be24   0x00000001   PAD
    0x20000a70        -       0x00000004   Zero   RW         1241    .bss.s_segmentTargetCounts  path_planner.o
    0x20000a74        -       0x00000002   Zero   RW         1249    .bss.s_segmentTargetYawCentiDeg  path_planner.o
    0x20000a76   0x7000be24   0x00000002   PAD
    0x20000a78        -       0x00000004   Zero   RW         1240    .bss.s_segmentTravelledCounts  path_planner.o
    0x20000a7c        -       0x00000004   Zero   RW         1164    .bss.s_speedControlEnabled  chassis.o
    0x20000a80        -       0x00000010   Zero   RW         1051    .bss.s_speedCps     bsp_encoder.o
    0x20000a90        -       0x00000002   Zero   RW         1237    .bss.s_stepCount    path_planner.o
    0x20000a92        -       0x00000002   Zero   RW         1238    .bss.s_stepIndex    path_planner.o
    0x20000a94        -       0x00000180   Zero   RW         1242    .bss.s_steps        path_planner.o
    0x20000c14        -       0x00000001   Zero   RW         1288    .bss.s_streamMode   protocol.o
    0x20000c15   0x7000be24   0x00000003   PAD
    0x20000c18        -       0x00000010   Zero   RW         1160    .bss.s_targetCps    chassis.o
    0x20000c28        -       0x00000010   Zero   RW         1052    .bss.s_totalCount   bsp_encoder.o
    0x20000c38        -       0x00000008   Zero   RW         1123    .bss.s_visionOverflowCount  bsp_uart.o
    0x20000c40        -       0x00000400   Zero   RW         1124    .bss.s_visionRxBuffer  bsp_uart.o
    0x20001040        -       0x00000004   Zero   RW         1121    .bss.s_visionRxHead  bsp_uart.o
    0x20001044        -       0x00000004   Zero   RW         1122    .bss.s_visionRxTail  bsp_uart.o
    0x20001048        -       0x00000090   Zero   RW         1159    .bss.s_wheelPid     chassis.o
    0x200010d8        -       0x00000002   Zero   RW         1356    .bss.s_yawCentiDeg  vision.o
    0x200010da   0x7000be24   0x00000002   PAD
    0x200010dc        -       0x00000004   Zero   RW         1358    .bss.s_yawTick      vision.o
    0x200010e0        -       0x00000001   Zero   RW         1357    .bss.s_yawValid     vision.o
    0x200010e1   0x7000be24   0x00000001   PAD
    0x200010e2        -       0x00000002   Zero   RW         1328    .bss.s_yawZeroCentiDeg  imu.o
    0x200010e4        -       0x00002800   Zero   RW          994    .bss.ucHeap         heap_4.o
    0x200038e4        -       0x00000001   Zero   RW          962    .bss.ucMaxSysCallPriority  port.o
    0x200038e5   0x7000be24   0x00000003   PAD
    0x200038e8        -       0x00000004   Zero   RW          963    .bss.ulMaxPRIGROUPValue  port.o
    0x200038ec        -       0x00000004   Zero   RW          853    .bss.uxCurrentNumberOfTasks  tasks.o
    0x200038f0        -       0x00000004   Zero   RW          852    .bss.uxDeletedTasksWaitingCleanUp  tasks.o
    0x200038f4        -       0x00000004   Zero   RW          854    .bss.uxSchedulerSuspended  tasks.o
    0x200038f8        -       0x00000004   Zero   RW          849    .bss.uxTaskNumber   tasks.o
    0x200038fc        -       0x00000004   Zero   RW          848    .bss.uxTopReadyPriority  tasks.o
    0x20003900        -       0x00000014   Zero   RW          926    .bss.xActiveTimerList1  timers.o
    0x20003914        -       0x00000014   Zero   RW          927    .bss.xActiveTimerList2  timers.o
    0x20003928        -       0x00000014   Zero   RW          867    .bss.xDelayedTaskList1  tasks.o
    0x2000393c        -       0x00000014   Zero   RW          868    .bss.xDelayedTaskList2  tasks.o
    0x20003950        -       0x00000004   Zero   RW          992    .bss.xFreeBytesRemaining  heap_4.o
    0x20003954        -       0x00000004   Zero   RW          862    .bss.xIdleTaskHandles  tasks.o
    0x20003958        -       0x00000004   Zero   RW          995    .bss.xMinimumEverFreeBytesRemaining  heap_4.o
    0x2000395c        -       0x00000004   Zero   RW          861    .bss.xNextTaskUnblockTime  tasks.o
    0x20003960        -       0x00000004   Zero   RW          865    .bss.xNumOfOverflows  tasks.o
    0x20003964        -       0x00000004   Zero   RW          996    .bss.xNumberOfSuccessfulAllocations  heap_4.o
    0x20003968        -       0x00000004   Zero   RW          997    .bss.xNumberOfSuccessfulFrees  heap_4.o
    0x2000396c        -       0x00000004   Zero   RW          864    .bss.xPendedTicks   tasks.o
    0x20003970        -       0x00000014   Zero   RW          858    .bss.xPendingReadyList  tasks.o
    0x20003984        -       0x00000040   Zero   RW          657    .bss.xQueueRegistry  queue.o
    0x200039c4        -       0x00000004   Zero   RW          850    .bss.xSchedulerRunning  tasks.o
    0x200039c8        -       0x00000008   Zero   RW          993    .bss.xStart         heap_4.o
    0x200039d0        -       0x00000014   Zero   RW          859    .bss.xSuspendedTaskList  tasks.o
    0x200039e4        -       0x00000014   Zero   RW          851    .bss.xTasksWaitingTermination  tasks.o
    0x200039f8        -       0x00000004   Zero   RW          855    .bss.xTickCount     tasks.o
    0x200039fc        -       0x00000004   Zero   RW          921    .bss.xTimerQueue    timers.o
    0x20003a00        -       0x00000004   Zero   RW          922    .bss.xTimerTaskHandle  timers.o
    0x20003a04        -       0x00000004   Zero   RW          860    .bss.xYieldPendings  tasks.o


    Execution Region ARM_LIB_HEAP (Exec base: 0x20003a08, Load base: 0x7000be24, Size: 0x00000400, Max: 0x00000400, ABSOLUTE)

    Exec Addr    Load Addr    Size         Type   Attr      Idx    E Section Name        Object

    0x20003a08        -       0x00000400   Zero   RW            2    ARM_LIB_HEAP.bss    anon$$obj.o


    Execution Region ARM_LIB_STACK (Exec base: 0x2001fc00, Load base: 0x7000be24, Size: 0x00000400, Max: 0x00000400, ABSOLUTE)

    Exec Addr    Load Addr    Size         Type   Attr      Idx    E Section Name        Object

    0x2001fc00        -       0x00000400   Zero   RW            3    ARM_LIB_STACK.bss   anon$$obj.o


    Execution Region RW_m_ncache (Exec base: 0x20200000, Load base: 0x7000be40, Size: 0x000af000, Max: 0x000c0000, ABSOLUTE, COMPRESSED[0x000015f8])

    Exec Addr    Load Addr    Size         Type   Attr      Idx    E Section Name        Object

    0x20200000   COMPRESSED   0x000af000   Data   RW         1227    PathPlannerRam      path_planner.o


    Execution Region RW_m_ncache_unused (Exec base: 0x202af000, Load base: 0x7000d438, Size: 0x00011000, Max: 0x00011000, ABSOLUTE)

    Exec Addr    Load Addr    Size         Type   Attr      Idx    E Section Name        Object

    0x202af000        -       0x00011000   Zero   RW            4    RW_m_ncache_unused.bss  anon$$obj.o


    Execution Region RW_m_config_text (Exec base: 0x70000000, Load base: 0x70000000, Size: 0x00000200, Max: 0x00001000, ABSOLUTE, FIXED)

    Exec Addr    Load Addr    Size         Type   Attr      Idx    E Section Name        Object

    0x70000000   0x70000000   0x00000200   Data   RO         1436    .boot_hdr.conf      evkmimxrt1064_flexspi_nor_config.o


    Execution Region RW_m_ivt_text (Exec base: 0x70001000, Load base: 0x70001000, Size: 0x00000030, Max: 0x00001000, ABSOLUTE, FIXED)

    Exec Addr    Load Addr    Size         Type   Attr      Idx    E Section Name        Object

    0x70001000   0x70001000   0x00000020   Data   RO         1443    .boot_hdr.ivt       fsl_flexspi_nor_boot.o
    0x70001020   0x70001020   0x00000010   Data   RO         1442    .boot_hdr.boot_data  fsl_flexspi_nor_boot.o


    Execution Region VECTOR_ROM (Exec base: 0x70002000, Load base: 0x70002000, Size: 0x00000400, Max: 0x00000400, ABSOLUTE, FIXED)

    Exec Addr    Load Addr    Size         Type   Attr      Idx    E Section Name        Object

    0x70002000   0x70002000   0x00000400   Data   RO         1368    .isr_vector         startup_mimxrt1064.o


    Execution Region VECTOR_RAM (Exec base: 0x70002000, Load base: 0x7000bdf8, Size: 0x00000000, Max: 0x00000000, ABSOLUTE)

    Exec Addr    Load Addr    Size         Type   Attr      Idx    E Section Name        Object

    0x70002000        -       0x00000000   Zero   RW            1    VECTOR_RAM.bss      anon$$obj.o


    Execution Region ER_m_text (Exec base: 0x70002400, Load base: 0x70002400, Size: 0x000099f8, Max: 0x003fdc00, ABSOLUTE, FIXED)

    Exec Addr    Load Addr    Size         Type   Attr      Idx    E Section Name        Object

    0x70002400   0x70002400   0x00000000   Code   RO         1448  * .ARM.Collect$$$$00000000  mc_w.l(entry.o)
    0x70002400   0x70002400   0x00000004   Code   RO         1496    .ARM.Collect$$$$00000003  mc_w.l(entry4.o)
    0x70002404   0x70002404   0x00000004   Code   RO         1499    .ARM.Collect$$$$00000004  mc_w.l(entry5.o)
    0x70002408   0x70002408   0x00000000   Code   RO         1501    .ARM.Collect$$$$00000008  mc_w.l(entry7b.o)
    0x70002408   0x70002408   0x00000000   Code   RO         1503    .ARM.Collect$$$$0000000A  mc_w.l(entry8b.o)
    0x70002408   0x70002408   0x00000008   Code   RO         1504    .ARM.Collect$$$$0000000B  mc_w.l(entry9a.o)
    0x70002410   0x70002410   0x00000000   Code   RO         1506    .ARM.Collect$$$$0000000D  mc_w.l(entry10a.o)
    0x70002410   0x70002410   0x00000000   Code   RO         1508    .ARM.Collect$$$$0000000F  mc_w.l(entry11a.o)
    0x70002410   0x70002410   0x00000004   Code   RO         1497    .ARM.Collect$$$$00002714  mc_w.l(entry4.o)
    0x70002414   0x70002414   0x000001f4   Code   RO         1367  * .text               startup_mimxrt1064.o
    0x70002608   0x70002608   0x000000a0   Code   RO         1412    .text               fsl_memcpy.o
    0x700026a8   0x700026a8   0x00000062   Code   RO         1451    .text               mc_w.l(uldiv.o)
    0x7000270a   0x7000270a   0x00000012   Code   RO         1453    .text               mc_w.l(memset.o)
    0x7000271c   0x7000271c   0x0000000e   Code   RO         1457    .text               mc_w.l(strlen.o)
    0x7000272a   0x7000272a   0x0000001e   Code   RO         1510    .text               mc_w.l(llshl.o)
    0x70002748   0x70002748   0x00000020   Code   RO         1512    .text               mc_w.l(llushr.o)
    0x70002768   0x70002768   0x00000030   Code   RO         1550    .text               mc_w.l(init.o)
    0x70002798   0x70002798   0x00000056   Code   RO         1562    .text               mc_w.l(__dczerorl2.o)
    0x700027ee   0x700027ee   0x00000002   PAD
    0x700027f0   0x700027f0   0x00000100   Code   RO         1015    .text.AppTasks_Create  app_tasks.o
    0x700028f0   0x700028f0   0x0000086a   Code   RO           23    .text.BOARD_BootClockRUN  clock_config.o
    0x7000315a   0x7000315a   0x00000006   PAD
    0x70003160   0x70003160   0x00000300   Code   RO           10    .text.BOARD_ConfigMPU  board.o
    0x70003460   0x70003460   0x0000005a   Code   RO            6    .text.BOARD_DebugConsoleSrcFreq  board.o
    0x700034ba   0x700034ba   0x00000006   PAD
    0x700034c0   0x700034c0   0x00000004   Code   RO           21    .text.BOARD_InitBootClocks  clock_config.o
    0x700034c4   0x700034c4   0x00000004   PAD
    0x700034c8   0x700034c8   0x00000004   Code   RO           51    .text.BOARD_InitBootPins  pin_mux.o
    0x700034cc   0x700034cc   0x00000004   PAD
    0x700034d0   0x700034d0   0x00000068   Code   RO            8    .text.BOARD_InitDebugConsole  board.o
    0x70003538   0x70003538   0x00000016   Code   RO           43    .text.BOARD_InitHardware  hardware_init.o
    0x7000354e   0x7000354e   0x00000002   PAD
    0x70003550   0x70003550   0x0000017c   Code   RO           53    .text.BOARD_InitPins  pin_mux.o
    0x700036cc   0x700036cc   0x00000004   PAD
    0x700036d0   0x700036d0   0x00000052   Code   RO         1110    .text.BSP_DebugUartReadByte  bsp_uart.o
    0x70003722   0x70003722   0x00000006   PAD
    0x70003728   0x70003728   0x0000003c   Code   RO         1045    .text.BSP_EncoderClear  bsp_encoder.o
    0x70003764   0x70003764   0x00000004   PAD
    0x70003768   0x70003768   0x00000050   Code   RO         1047    .text.BSP_EncoderClearAll  bsp_encoder.o
    0x700037b8   0x700037b8   0x00000016   Code   RO         1039    .text.BSP_EncoderGetCount  bsp_encoder.o
    0x700037ce   0x700037ce   0x00000002   PAD
    0x700037d0   0x700037d0   0x00000070   Code   RO         1043    .text.BSP_EncoderGetSpeedCps  bsp_encoder.o
    0x70003840   0x70003840   0x00000096   Code   RO         1037    .text.BSP_EncoderInit  bsp_encoder.o
    0x700038d6   0x700038d6   0x00000002   PAD
    0x700038d8   0x700038d8   0x000000f6   Code   RO         1061    .text.BSP_MotorInit  bsp_motor.o
    0x700039ce   0x700039ce   0x00000002   PAD
    0x700039d0   0x700039d0   0x0000002a   Code   RO         1067    .text.BSP_MotorSetDirection  bsp_motor.o
    0x700039fa   0x700039fa   0x00000006   PAD
    0x70003a00   0x70003a00   0x000000cc   Code   RO         1069    .text.BSP_MotorSetSignedDuty  bsp_motor.o
    0x70003acc   0x70003acc   0x00000004   PAD
    0x70003ad0   0x70003ad0   0x0000006a   Code   RO         1073    .text.BSP_MotorStopAll  bsp_motor.o
    0x70003b3a   0x70003b3a   0x00000006   PAD
    0x70003b40   0x70003b40   0x00000042   Code   RO         1086    .text.BSP_SoftI2C_Init  bsp_soft_i2c.o
    0x70003b82   0x70003b82   0x00000006   PAD
    0x70003b88   0x70003b88   0x000001ac   Code   RO         1098    .text.BSP_SoftI2C_ReadRegs  bsp_soft_i2c.o
    0x70003d34   0x70003d34   0x00000004   PAD
    0x70003d38   0x70003d38   0x00000032   Code   RO         1088    .text.BSP_SoftI2C_WriteReg  bsp_soft_i2c.o
    0x70003d6a   0x70003d6a   0x00000006   PAD
    0x70003d70   0x70003d70   0x00000076   Code   RO         1108    .text.BSP_UartInit  bsp_uart.o
    0x70003de6   0x70003de6   0x00000002   PAD
    0x70003de8   0x70003de8   0x000000ac   Code   RO         1112    .text.BSP_VisionUartPoll  bsp_uart.o
    0x70003e94   0x70003e94   0x00000004   PAD
    0x70003e98   0x70003e98   0x00000068   Code   RO         1116    .text.BSP_VisionUartRead  bsp_uart.o
    0x70003f00   0x70003f00   0x00000010   Code   RO          174    .text.CLOCK_DeinitAudioPll  fsl_clock.o
    0x70003f10   0x70003f10   0x00000010   Code   RO          182    .text.CLOCK_DeinitEnetPll  fsl_clock.o
    0x70003f20   0x70003f20   0x0000000e   Code   RO          170    .text.CLOCK_DeinitUsb2Pll  fsl_clock.o
    0x70003f2e   0x70003f2e   0x00000002   PAD
    0x70003f30   0x70003f30   0x000008bc   Code   RO          142    .text.CLOCK_GetFreq  fsl_clock.o
    0x700047ec   0x700047ec   0x00000004   PAD
    0x700047f0   0x700047f0   0x00000326   Code   RO          130    .text.CLOCK_GetPeriphClkFreq  fsl_clock.o
    0x70004b16   0x70004b16   0x00000002   PAD
    0x70004b18   0x70004b18   0x00000252   Code   RO          144    .text.CLOCK_GetPllFreq  fsl_clock.o
    0x70004d6a   0x70004d6a   0x00000006   PAD
    0x70004d70   0x70004d70   0x00000108   Code   RO          132    .text.CLOCK_GetSemcFreq  fsl_clock.o
    0x70004e78   0x70004e78   0x00000046   Code   RO          158    .text.CLOCK_InitArmPll  fsl_clock.o
    0x70004ebe   0x70004ebe   0x00000002   PAD
    0x70004ec0   0x70004ec0   0x00000050   Code   RO          118    .text.CLOCK_InitExternalClk  fsl_clock.o
    0x70004f10   0x70004f10   0x00000012   Code   RO          124    .text.CLOCK_InitRcOsc24M  fsl_clock.o
    0x70004f22   0x70004f22   0x00000006   PAD
    0x70004f28   0x70004f28   0x00000036   Code   RO          184    .text.CLOCK_InitSysPfd  fsl_clock.o
    0x70004f5e   0x70004f5e   0x00000002   PAD
    0x70004f60   0x70004f60   0x0000006e   Code   RO          162    .text.CLOCK_InitSysPll  fsl_clock.o
    0x70004fce   0x70004fce   0x00000002   PAD
    0x70004fd0   0x70004fd0   0x00000018   Code   RO          122    .text.CLOCK_SwitchOsc  fsl_clock.o
    0x70004fe8   0x70004fe8   0x0000003c   Code   RO         1133    .text.Chassis_DistanceMToEncoderCounts  chassis.o
    0x70005024   0x70005024   0x00000004   PAD
    0x70005028   0x70005028   0x00000024   Code   RO         1135    .text.Chassis_GetAverageAbsEncoderCounts  chassis.o
    0x7000504c   0x7000504c   0x00000004   PAD
    0x70005050   0x70005050   0x00000048   Code   RO         1157    .text.Chassis_GetStatus  chassis.o
    0x70005098   0x70005098   0x000000a8   Code   RO         1137    .text.Chassis_Init  chassis.o
    0x70005140   0x70005140   0x0000002c   Code   RO         1155    .text.Chassis_SetAllPid  chassis.o
    0x7000516c   0x7000516c   0x00000004   PAD
    0x70005170   0x70005170   0x000000f8   Code   RO         1143    .text.Chassis_SetLegacyCar  chassis.o
    0x70005268   0x70005268   0x0000000a   Code   RO         1147    .text.Chassis_SetManualDirection  chassis.o
    0x70005272   0x70005272   0x00000006   PAD
    0x70005278   0x70005278   0x00000052   Code   RO         1145    .text.Chassis_SetManualDuty  chassis.o
    0x700052ca   0x700052ca   0x00000006   PAD
    0x700052d0   0x700052d0   0x0000001a   Code   RO         1153    .text.Chassis_SetPid  chassis.o
    0x700052ea   0x700052ea   0x00000006   PAD
    0x700052f0   0x700052f0   0x000000f8   Code   RO         1139    .text.Chassis_SetVelocity  chassis.o
    0x700053e8   0x700053e8   0x00000038   Code   RO         1141    .text.Chassis_SetWheelTarget  chassis.o
    0x70005420   0x70005420   0x00000058   Code   RO         1151    .text.Chassis_Stop  chassis.o
    0x70005478   0x70005478   0x00000106   Code   RO         1149    .text.Chassis_UpdateControl  chassis.o
    0x7000557e   0x7000557e   0x00000002   PAD
    0x70005580   0x70005580   0x0000001a   Code   RO         1021    .text.ControlTask   app_tasks.o
    0x7000559a   0x7000559a   0x00000006   PAD
    0x700055a0   0x700055a0   0x00000052   Code   RO         1374    .text.DbgConsole_Init  fsl_debug_console.o
    0x700055f2   0x700055f2   0x00000006   PAD
    0x700055f8   0x700055f8   0x00000020   Code   RO         1382    .text.DbgConsole_Printf  fsl_debug_console.o
    0x70005618   0x70005618   0x0000002c   Code   RO         1386    .text.DbgConsole_Putchar  fsl_debug_console.o
    0x70005644   0x70005644   0x00000004   PAD
    0x70005648   0x70005648   0x00000428   Code   RO         1384    .text.DbgConsole_Vprintf  fsl_debug_console.o
    0x70005a70   0x70005a70   0x0000014c   Code   RO          311    .text.GPIO_PinInit  fsl_gpio.o
    0x70005bbc   0x70005bbc   0x00000004   PAD
    0x70005bc0   0x70005bc0   0x000000b8   Code   RO          315    .text.GPIO_PinSetInterruptConfig  fsl_gpio.o
    0x70005c78   0x70005c78   0x0000002c   Code   RO          313    .text.GPIO_PinWrite  fsl_gpio.o
    0x70005ca4   0x70005ca4   0x00000004   PAD
    0x70005ca8   0x70005ca8   0x00000150   Code   RO           63    .text.HAL_UartInit  fsl_adapter_lpuart.o
    0x70005df8   0x70005df8   0x0000006c   Code   RO           67    .text.HAL_UartReceiveBlocking  fsl_adapter_lpuart.o
    0x70005e64   0x70005e64   0x00000004   PAD
    0x70005e68   0x70005e68   0x00000066   Code   RO           69    .text.HAL_UartSendBlocking  fsl_adapter_lpuart.o
    0x70005ece   0x70005ece   0x00000002   PAD
    0x70005ed0   0x70005ed0   0x00000060   Code   RO         1305    .text.IMU_Calibrate  imu.o
    0x70005f30   0x70005f30   0x00000078   Code   RO         1315    .text.IMU_GetRelativeYawCentiDeg  imu.o
    0x70005fa8   0x70005fa8   0x0000006e   Code   RO         1303    .text.IMU_Init      imu.o
    0x70006016   0x70006016   0x00000002   PAD
    0x70006018   0x70006018   0x0000000c   Code   RO         1313    .text.IMU_IsPrintEnabled  imu.o
    0x70006024   0x70006024   0x00000004   PAD
    0x70006028   0x70006028   0x0000010c   Code   RO         1321    .text.IMU_PrintStatus  imu.o
    0x70006134   0x70006134   0x00000004   PAD
    0x70006138   0x70006138   0x00000016   Code   RO         1309    .text.IMU_ResetYaw  imu.o
    0x7000614e   0x7000614e   0x00000002   PAD
    0x70006150   0x70006150   0x0000000c   Code   RO         1311    .text.IMU_SetPrintEnabled  imu.o
    0x7000615c   0x7000615c   0x00000004   PAD
    0x70006160   0x70006160   0x00000192   Code   RO         1307    .text.IMU_Update    imu.o
    0x700062f2   0x700062f2   0x00000006   PAD
    0x700062f8   0x700062f8   0x00000032   Code   RO         1023    .text.ImuTask       app_tasks.o
    0x7000632a   0x7000632a   0x00000006   PAD
    0x70006330   0x70006330   0x00000026   Code   RO          386    .text.LPUART1_DriverIRQHandler  fsl_lpuart.o
    0x70006356   0x70006356   0x00000002   PAD
    0x70006358   0x70006358   0x00000026   Code   RO          388    .text.LPUART2_DriverIRQHandler  fsl_lpuart.o
    0x7000637e   0x7000637e   0x00000002   PAD
    0x70006380   0x70006380   0x00000026   Code   RO          390    .text.LPUART3_DriverIRQHandler  fsl_lpuart.o
    0x700063a6   0x700063a6   0x00000002   PAD
    0x700063a8   0x700063a8   0x00000024   Code   RO          392    .text.LPUART4_DriverIRQHandler  fsl_lpuart.o
    0x700063cc   0x700063cc   0x00000004   PAD
    0x700063d0   0x700063d0   0x00000026   Code   RO          394    .text.LPUART5_DriverIRQHandler  fsl_lpuart.o
    0x700063f6   0x700063f6   0x00000002   PAD
    0x700063f8   0x700063f8   0x00000026   Code   RO          396    .text.LPUART6_DriverIRQHandler  fsl_lpuart.o
    0x7000641e   0x7000641e   0x00000002   PAD
    0x70006420   0x70006420   0x00000026   Code   RO          398    .text.LPUART7_DriverIRQHandler  fsl_lpuart.o
    0x70006446   0x70006446   0x00000002   PAD
    0x70006448   0x70006448   0x00000024   Code   RO          400    .text.LPUART8_DriverIRQHandler  fsl_lpuart.o
    0x7000646c   0x7000646c   0x00000004   PAD
    0x70006470   0x70006470   0x0000003c   Code   RO          350    .text.LPUART_ClearStatusFlags  fsl_lpuart.o
    0x700064ac   0x700064ac   0x00000004   PAD
    0x700064b0   0x700064b0   0x00000042   Code   RO          334    .text.LPUART_GetDefaultConfig  fsl_lpuart.o
    0x700064f2   0x700064f2   0x00000006   PAD
    0x700064f8   0x700064f8   0x00000018   Code   RO          348    .text.LPUART_GetStatusFlags  fsl_lpuart.o
    0x70006510   0x70006510   0x00000390   Code   RO          330    .text.LPUART_Init   fsl_lpuart.o
    0x700068a0   0x700068a0   0x00000064   Code   RO          356    .text.LPUART_ReadBlocking  fsl_lpuart.o
    0x70006904   0x70006904   0x00000004   PAD
    0x70006908   0x70006908   0x000000a6   Code   RO          358    .text.LPUART_WaitForReadData  fsl_lpuart.o
    0x700069ae   0x700069ae   0x00000002   PAD
    0x700069b0   0x700069b0   0x00000036   Code   RO          352    .text.LPUART_WriteBlocking  fsl_lpuart.o
    0x700069e6   0x700069e6   0x00000002   PAD
    0x700069e8   0x700069e8   0x0000001e   Code   RO         1017    .text.LedTask       app_tasks.o
    0x70006a06   0x70006a06   0x00000002   PAD
    0x70006a08   0x70006a08   0x0000002a   Code   RO         1173    .text.PID_Init      pid.o
    0x70006a32   0x70006a32   0x00000006   PAD
    0x70006a38   0x70006a38   0x0000000c   Code   RO         1177    .text.PID_Reset     pid.o
    0x70006a44   0x70006a44   0x00000004   PAD
    0x70006a48   0x70006a48   0x00000012   Code   RO         1175    .text.PID_SetParam  pid.o
    0x70006a5a   0x70006a5a   0x00000006   PAD
    0x70006a60   0x70006a60   0x00000008   Code   RO         1179    .text.PID_SetTarget  pid.o
    0x70006a68   0x70006a68   0x0000006c   Code   RO         1181    .text.PID_Update    pid.o
    0x70006ad4   0x70006ad4   0x00000004   PAD
    0x70006ad8   0x70006ad8   0x00000036   Code   RO          438    .text.PWM_GetDefaultConfig  fsl_pwm.o
    0x70006b0e   0x70006b0e   0x00000002   PAD
    0x70006b10   0x70006b10   0x00000238   Code   RO          434    .text.PWM_Init      fsl_pwm.o
    0x70006d48   0x70006d48   0x00000124   Code   RO          444    .text.PWM_SetDutycycleRegister  fsl_pwm.o
    0x70006e6c   0x70006e6c   0x00000004   PAD
    0x70006e70   0x70006e70   0x000000dc   Code   RO          442    .text.PWM_SetPeriodRegister  fsl_pwm.o
    0x70006f4c   0x70006f4c   0x00000004   PAD
    0x70006f50   0x70006f50   0x00000284   Code   RO          440    .text.PWM_SetupPwm  fsl_pwm.o
    0x700071d4   0x700071d4   0x00000004   PAD
    0x700071d8   0x700071d8   0x00000078   Code   RO          450    .text.PWM_UpdatePwmDutycycleHighAccuracy  fsl_pwm.o
    0x70007250   0x70007250   0x00000098   Code   RO         1221    .text.PathPlanner_GetStatus  path_planner.o
    0x700072e8   0x700072e8   0x000003ac   Code   RO         1219    .text.PathPlanner_Goto  path_planner.o
    0x70007694   0x70007694   0x00000004   PAD
    0x70007698   0x70007698   0x000000a6   Code   RO         1195    .text.PathPlanner_Init  path_planner.o
    0x7000773e   0x7000773e   0x00000002   PAD
    0x70007740   0x70007740   0x00000080   Code   RO         1217    .text.PathPlanner_MoveCells  path_planner.o
    0x700077c0   0x700077c0   0x00000012   Code   RO         1207    .text.PathPlanner_SetCellSizeMm  path_planner.o
    0x700077d2   0x700077d2   0x00000006   PAD
    0x700077d8   0x700077d8   0x00000112   Code   RO         1213    .text.PathPlanner_SetMapRows  path_planner.o
    0x700078ea   0x700078ea   0x00000006   PAD
    0x700078f0   0x700078f0   0x0000007c   Code   RO         1215    .text.PathPlanner_SetPose  path_planner.o
    0x7000796c   0x7000796c   0x00000004   PAD
    0x70007970   0x70007970   0x00000042   Code   RO         1197    .text.PathPlanner_Start  path_planner.o
    0x700079b2   0x700079b2   0x00000006   PAD
    0x700079b8   0x700079b8   0x00000046   Code   RO         1199    .text.PathPlanner_Stop  path_planner.o
    0x700079fe   0x700079fe   0x00000002   PAD
    0x70007a00   0x70007a00   0x00000194   Code   RO         1201    .text.PathPlanner_Update  path_planner.o
    0x70007b94   0x70007b94   0x00000004   PAD
    0x70007b98   0x70007b98   0x00000128   Code   RO         1203    .text.PathPlanner_UpdateSegmentVelocity  path_planner.o
    0x70007cc0   0x70007cc0   0x0000001a   Code   RO         1027    .text.PathTask      app_tasks.o
    0x70007cda   0x70007cda   0x00000006   PAD
    0x70007ce0   0x70007ce0   0x00000060   Code   RO          944    .text.PendSV_Handler  port.o
    0x70007d40   0x70007d40   0x00000040   Code   RO         1264    .text.Protocol_CheckTimeout  protocol.o
    0x70007d80   0x70007d80   0x0000003c   Code   RO         1258    .text.Protocol_Init  protocol.o
    0x70007dbc   0x70007dbc   0x00000004   PAD
    0x70007dc0   0x70007dc0   0x000000a0   Code   RO         1260    .text.Protocol_InputByte  protocol.o
    0x70007e60   0x70007e60   0x000000f0   Code   RO         1278    .text.Protocol_ParseFloat  protocol.o
    0x70007f50   0x70007f50   0x000000b6   Code   RO         1282    .text.Protocol_ParseInt  protocol.o
    0x70008006   0x70008006   0x00000002   PAD
    0x70008008   0x70008008   0x00000074   Code   RO         1272    .text.Protocol_ParseUint  protocol.o
    0x7000807c   0x7000807c   0x00000004   PAD
    0x70008080   0x70008080   0x00000042   Code   RO         1266    .text.Protocol_PeriodicSend  protocol.o
    0x700080c2   0x700080c2   0x00000006   PAD
    0x700080c8   0x700080c8   0x0000008c   Code   RO         1270    .text.Protocol_PrintEncoderStatus  protocol.o
    0x70008154   0x70008154   0x00000004   PAD
    0x70008158   0x70008158   0x0000003a   Code   RO         1280    .text.Protocol_PrintOk  protocol.o
    0x70008192   0x70008192   0x00000006   PAD
    0x70008198   0x70008198   0x00000078   Code   RO         1286    .text.Protocol_PrintOkChannelValue  protocol.o
    0x70008210   0x70008210   0x000000ac   Code   RO         1284    .text.Protocol_PrintOkPid  protocol.o
    0x700082bc   0x700082bc   0x00000004   PAD
    0x700082c0   0x700082c0   0x00000062   Code   RO         1276    .text.Protocol_PrintOkValue  protocol.o
    0x70008322   0x70008322   0x00000006   PAD
    0x70008328   0x70008328   0x00000098   Code   RO         1274    .text.Protocol_PrintPathStatus  protocol.o
    0x700083c0   0x700083c0   0x00000084   Code   RO         1268    .text.Protocol_PrintStatus  protocol.o
    0x70008444   0x70008444   0x00000004   PAD
    0x70008448   0x70008448   0x000009d4   Code   RO         1262    .text.Protocol_ProcessFrame  protocol.o
    0x70008e1c   0x70008e1c   0x00000004   PAD
    0x70008e20   0x70008e20   0x0000003e   Code   RO          510    .text.QTMR_ClearStatusFlags  fsl_qtmr.o
    0x70008e5e   0x70008e5e   0x00000002   PAD
    0x70008e60   0x70008e60   0x00000030   Code   RO          496    .text.QTMR_GetDefaultConfig  fsl_qtmr.o
    0x70008e90   0x70008e90   0x000000e8   Code   RO          492    .text.QTMR_Init     fsl_qtmr.o
    0x70008f78   0x70008f78   0x00000020   Code   RO          940    .text.SVC_Handler   port.o
    0x70008f98   0x70008f98   0x0000009c   Code   RO         1090    .text.SoftI2C_Start  bsp_soft_i2c.o
    0x70009034   0x70009034   0x00000004   PAD
    0x70009038   0x70009038   0x00000088   Code   RO         1094    .text.SoftI2C_Stop  bsp_soft_i2c.o
    0x700090c0   0x700090c0   0x00000128   Code   RO         1092    .text.SoftI2C_WriteByte  bsp_soft_i2c.o
    0x700091e8   0x700091e8   0x0000002e   Code   RO          958    .text.SysTick_Handler  port.o
    0x70009216   0x70009216   0x00000002   PAD
    0x70009218   0x70009218   0x000000d2   Code   RO           85    .text.SystemInit    system_mimxrt1064.o
    0x700092ea   0x700092ea   0x00000006   PAD
    0x700092f0   0x700092f0   0x00000002   Code   RO           87    .text.SystemInitHook  system_mimxrt1064.o
    0x700092f2   0x700092f2   0x00000006   PAD
    0x700092f8   0x700092f8   0x0000003e   Code   RO         1019    .text.UartTask      app_tasks.o
    0x70009336   0x70009336   0x00000002   PAD
    0x70009338   0x70009338   0x0000000c   Code   RO         1025    .text.VisionTask    app_tasks.o
    0x70009344   0x70009344   0x00000004   PAD
    0x70009348   0x70009348   0x00000040   Code   RO         1352    .text.Vision_GetYawCentiDeg  vision.o
    0x70009388   0x70009388   0x00000056   Code   RO         1340    .text.Vision_Init   vision.o
    0x700093de   0x700093de   0x00000002   PAD
    0x700093e0   0x700093e0   0x000009f4   Code   RO         1344    .text.Vision_ParseFrame  vision.o
    0x70009dd4   0x70009dd4   0x00000004   PAD
    0x70009dd8   0x70009dd8   0x0000001a   Code   RO         1342    .text.Vision_Poll   vision.o
    0x70009df2   0x70009df2   0x00000006   PAD
    0x70009df8   0x70009df8   0x0000005c   Code   RO         1403    .text.__aeabi_assert  fsl_assert.o
    0x70009e54   0x70009e54   0x00000004   PAD
    0x70009e58   0x70009e58   0x00000004   Code   RO         1401    .text.fsl_assert_hook  fsl_assert.o
    0x70009e5c   0x70009e5c   0x00000004   PAD
    0x70009e60   0x70009e60   0x00000046   Code   RO         1006    .text.main          freertos_hello.o
    0x70009ea6   0x70009ea6   0x00000002   PAD
    0x70009ea8   0x70009ea8   0x000000d4   Code   RO          728    .text.prvAddCurrentTaskToDelayedList  tasks.o
    0x70009f7c   0x70009f7c   0x00000004   PAD
    0x70009f80   0x70009f80   0x00000070   Code   RO          879    .text.prvCheckForValidListAndQueue  timers.o
    0x70009ff0   0x70009ff0   0x00000076   Code   RO          844    .text.prvIdleTask   tasks.o
    0x7000a066   0x7000a066   0x00000002   PAD
    0x7000a068   0x7000a068   0x00000028   Code   RO          950    .text.prvPortStartFirstTask  port.o
    0x7000a090   0x7000a090   0x0000007c   Code   RO          919    .text.prvProcessExpiredTimer  timers.o
    0x7000a10c   0x7000a10c   0x00000004   PAD
    0x7000a110   0x7000a110   0x00000032   Code   RO          938    .text.prvTaskExitError  port.o
    0x7000a142   0x7000a142   0x00000006   PAD
    0x7000a148   0x7000a148   0x0000022e   Code   RO          881    .text.prvTimerTask  timers.o
    0x7000a376   0x7000a376   0x00000002   PAD
    0x7000a378   0x7000a378   0x0000007a   Code   RO          613    .text.prvUnlockQueue  queue.o
    0x7000a3f2   0x7000a3f2   0x00000006   PAD
    0x7000a3f8   0x7000a3f8   0x000001f0   Code   RO          973    .text.pvPortMalloc  heap_4.o
    0x7000a5e8   0x7000a5e8   0x0000002c   Code   RO          936    .text.pxPortInitialiseStack  port.o
    0x7000a614   0x7000a614   0x00000004   PAD
    0x7000a618   0x7000a618   0x00000028   Code   RO          581    .text.uxListRemove  list.o
    0x7000a640   0x7000a640   0x00000016   Code   RO          573    .text.vListInitialise  list.o
    0x7000a656   0x7000a656   0x00000002   PAD
    0x7000a658   0x7000a658   0x00000006   Code   RO          575    .text.vListInitialiseItem  list.o
    0x7000a65e   0x7000a65e   0x00000002   PAD
    0x7000a660   0x7000a660   0x0000003a   Code   RO          579    .text.vListInsert   list.o
    0x7000a69a   0x7000a69a   0x00000006   PAD
    0x7000a6a0   0x7000a6a0   0x00000014   Code   RO          948    .text.vPortEnableVFP  port.o
    0x7000a6b4   0x7000a6b4   0x00000004   PAD
    0x7000a6b8   0x7000a6b8   0x0000004a   Code   RO          954    .text.vPortEnterCritical  port.o
    0x7000a702   0x7000a702   0x00000006   PAD
    0x7000a708   0x7000a708   0x0000002e   Code   RO          956    .text.vPortExitCritical  port.o
    0x7000a736   0x7000a736   0x00000002   PAD
    0x7000a738   0x7000a738   0x00000116   Code   RO          975    .text.vPortFree     heap_4.o
    0x7000a84e   0x7000a84e   0x00000002   PAD
    0x7000a850   0x7000a850   0x00000034   Code   RO          946    .text.vPortSetupTimerInterrupt  port.o
    0x7000a884   0x7000a884   0x00000004   PAD
    0x7000a888   0x7000a888   0x0000005a   Code   RO          651    .text.vQueueAddToRegistry  queue.o
    0x7000a8e2   0x7000a8e2   0x00000006   PAD
    0x7000a8e8   0x7000a8e8   0x00000046   Code   RO          655    .text.vQueueWaitForMessageRestricted  queue.o
    0x7000a92e   0x7000a92e   0x00000002   PAD
    0x7000a930   0x7000a930   0x000000d6   Code   RO          732    .text.vTaskDelay    tasks.o
    0x7000aa06   0x7000aa06   0x00000002   PAD
    0x7000aa08   0x7000aa08   0x0000001a   Code   RO          792    .text.vTaskInternalSetTimeOutState  tasks.o
    0x7000aa22   0x7000aa22   0x00000006   PAD
    0x7000aa28   0x7000aa28   0x0000000e   Code   RO          796    .text.vTaskMissedYield  tasks.o
    0x7000aa36   0x7000aa36   0x00000002   PAD
    0x7000aa38   0x7000aa38   0x00000036   Code   RO          780    .text.vTaskPlaceOnEventList  tasks.o
    0x7000aa6e   0x7000aa6e   0x00000002   PAD
    0x7000aa70   0x7000aa70   0x00000066   Code   RO          784    .text.vTaskPlaceOnEventListRestricted  tasks.o
    0x7000aad6   0x7000aad6   0x00000002   PAD
    0x7000aad8   0x7000aad8   0x000000b8   Code   RO          754    .text.vTaskStartScheduler  tasks.o
    0x7000ab90   0x7000ab90   0x00000010   Code   RO          726    .text.vTaskSuspendAll  tasks.o
    0x7000aba0   0x7000aba0   0x00000086   Code   RO          748    .text.vTaskSwitchContext  tasks.o
    0x7000ac26   0x7000ac26   0x00000002   PAD
    0x7000ac28   0x7000ac28   0x0000019e   Code   RO          942    .text.xPortStartScheduler  port.o
    0x7000adc6   0x7000adc6   0x00000002   PAD
    0x7000adc8   0x7000adc8   0x00000092   Code   RO          593    .text.xQueueGenericCreate  queue.o
    0x7000ae5a   0x7000ae5a   0x00000006   PAD
    0x7000ae60   0x7000ae60   0x000001a8   Code   RO          619    .text.xQueueReceive  queue.o
    0x7000b008   0x7000b008   0x000000a8   Code   RO          794    .text.xTaskCheckForTimeOut  tasks.o
    0x7000b0b0   0x7000b0b0   0x000001fe   Code   RO          720    .text.xTaskCreate   tasks.o
    0x7000b2ae   0x7000b2ae   0x00000002   PAD
    0x7000b2b0   0x7000b2b0   0x00000134   Code   RO          724    .text.xTaskDelayUntil  tasks.o
    0x7000b3e4   0x7000b3e4   0x00000004   PAD
    0x7000b3e8   0x7000b3e8   0x00000024   Code   RO          816    .text.xTaskGetSchedulerState  tasks.o
    0x7000b40c   0x7000b40c   0x00000004   PAD
    0x7000b410   0x7000b410   0x0000000c   Code   RO          760    .text.xTaskGetTickCount  tasks.o
    0x7000b41c   0x7000b41c   0x00000004   PAD
    0x7000b420   0x7000b420   0x000001a2   Code   RO          758    .text.xTaskIncrementTick  tasks.o
    0x7000b5c2   0x7000b5c2   0x00000006   PAD
    0x7000b5c8   0x7000b5c8   0x000000f6   Code   RO          786    .text.xTaskRemoveFromEventList  tasks.o
    0x7000b6be   0x7000b6be   0x00000002   PAD
    0x7000b6c0   0x7000b6c0   0x00000184   Code   RO          730    .text.xTaskResumeAll  tasks.o
    0x7000b844   0x7000b844   0x00000004   PAD
    0x7000b848   0x7000b848   0x00000060   Code   RO          877    .text.xTimerCreateTimerTask  timers.o
    0x7000b8a8   0x7000b8a8   0x0000000e   Code   RO         1556    i.__scatterload_copy  mc_w.l(handlers.o)
    0x7000b8b6   0x7000b8b6   0x00000002   Code   RO         1557    i.__scatterload_null  mc_w.l(handlers.o)
    0x7000b8b8   0x7000b8b8   0x0000000e   Code   RO         1558    i.__scatterload_zeroinit  mc_w.l(handlers.o)
    0x7000b8c6   0x7000b8c6   0x00000002   PAD
    0x7000b8c8   0x7000b8c8   0x00000008   Data   RO           27    .rodata.armPllConfig_BOARD_BootClockRUN  clock_config.o
    0x7000b8d0   0x7000b8d0   0x00000010   Data   RO          212    .rodata.cst16       fsl_clock.o
    0x7000b8e0   0x7000b8e0   0x00000010   Data   RO         1049    .rodata.cst16       bsp_encoder.o
    0x7000b8f0   0x7000b8f0   0x00000008   Data   RO         1120    .rodata.cst8        bsp_uart.o
    0x7000b8f8   0x7000b8f8   0x00000024   Data   RO           76    .rodata.s_LpuartAdapterBase  fsl_adapter_lpuart.o
    0x7000b91c   0x7000b91c   0x00000024   Data   RO          404    .rodata.s_lpuartBases  fsl_lpuart.o
    0x7000b940   0x7000b940   0x00000012   Data   RO          406    .rodata.s_lpuartClock  fsl_lpuart.o
    0x7000b952   0x7000b952   0x00000002   PAD
    0x7000b954   0x7000b954   0x00000030   Data   RO         1076    .rodata.s_motorHw   bsp_motor.o
    0x7000b984   0x7000b984   0x00000014   Data   RO          483    .rodata.s_pwmBases  fsl_pwm.o
    0x7000b998   0x7000b998   0x00000028   Data   RO          481    .rodata.s_pwmClocks  fsl_pwm.o
    0x7000b9c0   0x7000b9c0   0x00000014   Data   RO          529    .rodata.s_qtmrBases  fsl_qtmr.o
    0x7000b9d4   0x7000b9d4   0x0000000a   Data   RO          527    .rodata.s_qtmrClocks  fsl_qtmr.o
    0x7000b9de   0x7000b9de   0x0000000e   Data   RO           12    .rodata.str1.1      board.o
    0x7000b9ec   0x7000b9ec   0x0000009a   Data   RO           75    .rodata.str1.1      fsl_adapter_lpuart.o
    0x7000ba86   0x7000ba86   0x0000001a   Data   RO          208    .rodata.str1.1      fsl_clock.o
    0x7000baa0   0x7000baa0   0x0000001d   Data   RO          317    .rodata.str1.1      fsl_gpio.o
    0x7000babd   0x7000babd   0x00000156   Data   RO          405    .rodata.str1.1      fsl_lpuart.o
    0x7000bc13   0x7000bc13   0x000000c9   Data   RO          480    .rodata.str1.1      fsl_pwm.o
    0x7000bcdc   0x7000bcdc   0x0000007e   Data   RO          526    .rodata.str1.1      fsl_qtmr.o
    0x7000bd5a   0x7000bd5a   0x0000001e   Data   RO         1294    .rodata.str1.1      protocol.o
    0x7000bd78   0x7000bd78   0x00000036   Data   RO         1359    .rodata.str1.1      vision.o
    0x7000bdae   0x7000bdae   0x00000002   PAD
    0x7000bdb0   0x7000bdb0   0x00000014   Data   RO           28    .rodata.sysPllConfig_BOARD_BootClockRUN  clock_config.o
    0x7000bdc4   0x7000bdc4   0x00000004   Data   RO          863    .rodata.uxTopUsedPriority  tasks.o
    0x7000bdc8   0x7000bdc8   0x00000030   Data   RO         1555    Region$$Table       anon$$obj.o


==============================================================================

Image component sizes


      Code (inc. data)   RO Data    RW Data    ZI Data      Debug   Object Name

       462         72          0          0          0       2428   app_tasks.o
       962         60         14          0          0       8407   board.o
       424          0         16          0         40       5783   bsp_encoder.o
       598          0         48          0          8      11717   bsp_motor.o
      1132          0          0          0          0       5873   bsp_soft_i2c.o
       476          0          8          0       1040       6859   bsp_uart.o
      1400        104          0          0        204       8283   chassis.o
      2158          0         28          0          0      31523   clock_config.o
         0          0        512          0          0       2420   evkmimxrt1064_flexspi_nor_config.o
        70          0          0          0          0        946   freertos_hello.o
       546         72        190          0          0       7158   fsl_adapter_lpuart.o
        96         44          0          0          0       1228   fsl_assert.o
      4302         96         42          0          8      45144   fsl_clock.o
      1222        142          0          0         20      11877   fsl_debug_console.o
         0          0         48          0          0        801   fsl_flexspi_nor_boot.o
       560        150         29          0          0       8040   fsl_gpio.o
      1682        104        396         36         36      42676   fsl_lpuart.o
       160          0          0          0          0        721   fsl_memcpy.o
      1898         80        261          0         12      31345   fsl_pwm.o
       342          0        156          0          0      15539   fsl_qtmr.o
        22          0          0          0          0        445   hardware_init.o
       774          0          0          0      10268       6063   heap_4.o
      1042          8          0          0         30       4539   imu.o
       126          0          0          0          0       2106   list.o
      2638         60          0     716800       1754      11852   path_planner.o
       188          0          0          0          0       2025   pid.o
       384          0          0          0          0       9615   pin_mux.o
       914         16          0          4          5       4262   port.o
      4276         68         30          0        332      13174   protocol.o
       852          0          0          0         64      23525   queue.o
       500        244       1024          0          0       2331   startup_mimxrt1064.o
       212          0          0          4          0       5782   system_mimxrt1064.o
      3160          8          4          0        260      49334   tasks.o
       890         26          0          0         60      13821   timers.o
      2724         80         54          0        651      10095   vision.o

    ----------------------------------------------------------------------
     37708       1490       2912     716844      86492     407737   Object Totals
         0          0         48          0      71680          0   (incl. Generated)
       516         56          4          0         20          0   (incl. Padding)

    ----------------------------------------------------------------------

      Code (inc. data)   RO Data    RW Data    ZI Data      Debug   Library Member Name

        86          0          0          0          0          0   __dczerorl2.o
         0          0          0          0          0          0   entry.o
         0          0          0          0          0          0   entry10a.o
         0          0          0          0          0          0   entry11a.o
         8          4          0          0          0          0   entry4.o
         4          0          0          0          0          0   entry5.o
         0          0          0          0          0          0   entry7b.o
         0          0          0          0          0          0   entry8b.o
         8          4          0          0          0          0   entry9a.o
        30          0          0          0          0          0   handlers.o
        48         10          0          0          0         68   init.o
        30          0          0          0          0         68   llshl.o
        32          0          0          0          0         68   llushr.o
        18          0          0          0          0         76   memset.o
        14          0          0          0          0         68   strlen.o
        98          0          0          0          0         92   uldiv.o

    ----------------------------------------------------------------------
       380         18          0          0          0        440   Library Totals
         4          0          0          0          0          0   (incl. Padding)

    ----------------------------------------------------------------------

      Code (inc. data)   RO Data    RW Data    ZI Data      Debug   Library Name

       376         18          0          0          0        440   mc_w.l

    ----------------------------------------------------------------------
       380         18          0          0          0        440   Library Totals

    ----------------------------------------------------------------------

==============================================================================


      Code (inc. data)   RO Data    RW Data    ZI Data      Debug   

     38088       1508       2912     716844      86492     407757   Grand Totals
     38088       1508       2912       5668      86492     407757   ELF Image Totals (compressed)
     38088       1508       2912       5668          0          0   ROM Totals

==============================================================================

    Total RO  Size (Code + RO Data)                41000 (  40.04kB)
    Total RW  Size (RW Data + ZI Data)            803336 ( 784.51kB)
    Total ROM Size (Code + RO Data + RW Data)      46668 (  45.57kB)

==============================================================================

