Component: Arm Compiler for Embedded 6.24 Tool: armlink [5f371500]

==============================================================================

Section Cross References

    board.o(.text.BOARD_DebugConsoleSrcFreq) refers to fsl_clock.o(.text.CLOCK_GetPllFreq) for CLOCK_GetPllFreq
    board.o(.text.BOARD_DebugConsoleSrcFreq) refers to fsl_clock.o(.bss.g_xtalFreq) for g_xtalFreq
    board.o(.ARM.exidx.text.BOARD_DebugConsoleSrcFreq) refers to board.o(.text.BOARD_DebugConsoleSrcFreq) for [Anonymous Symbol]
    board.o(.text.BOARD_InitDebugConsole) refers to fsl_clock.o(.text.CLOCK_GetPllFreq) for CLOCK_GetPllFreq
    board.o(.text.BOARD_InitDebugConsole) refers to fsl_clock.o(.bss.g_xtalFreq) for g_xtalFreq
    board.o(.text.BOARD_InitDebugConsole) refers to fsl_debug_console.o(.text.DbgConsole_Init) for DbgConsole_Init
    board.o(.ARM.exidx.text.BOARD_InitDebugConsole) refers to board.o(.text.BOARD_InitDebugConsole) for [Anonymous Symbol]
    board.o(.text.BOARD_ConfigMPU) refers to board.o(.rodata.str1.1) for .L.str.1
    board.o(.text.BOARD_ConfigMPU) refers to fsl_assert.o(.text.__aeabi_assert) for __aeabi_assert
    board.o(.ARM.exidx.text.BOARD_ConfigMPU) refers to board.o(.text.BOARD_ConfigMPU) for [Anonymous Symbol]
    clock_config.o(.text.BOARD_InitBootClocks) refers to clock_config.o(.text.BOARD_BootClockRUN) for BOARD_BootClockRUN
    clock_config.o(.ARM.exidx.text.BOARD_InitBootClocks) refers to clock_config.o(.text.BOARD_InitBootClocks) for [Anonymous Symbol]
    clock_config.o(.text.BOARD_BootClockRUN) refers to fsl_clock.o(.bss.g_rtcXtalFreq) for g_rtcXtalFreq
    clock_config.o(.text.BOARD_BootClockRUN) refers to fsl_clock.o(.bss.g_xtalFreq) for g_xtalFreq
    clock_config.o(.text.BOARD_BootClockRUN) refers to fsl_clock.o(.text.CLOCK_InitExternalClk) for CLOCK_InitExternalClk
    clock_config.o(.text.BOARD_BootClockRUN) refers to fsl_clock.o(.text.CLOCK_InitRcOsc24M) for CLOCK_InitRcOsc24M
    clock_config.o(.text.BOARD_BootClockRUN) refers to fsl_clock.o(.text.CLOCK_SwitchOsc) for CLOCK_SwitchOsc
    clock_config.o(.text.BOARD_BootClockRUN) refers to clock_config.o(.rodata.armPllConfig_BOARD_BootClockRUN) for armPllConfig_BOARD_BootClockRUN
    clock_config.o(.text.BOARD_BootClockRUN) refers to fsl_clock.o(.text.CLOCK_InitArmPll) for CLOCK_InitArmPll
    clock_config.o(.text.BOARD_BootClockRUN) refers to clock_config.o(.rodata.sysPllConfig_BOARD_BootClockRUN) for sysPllConfig_BOARD_BootClockRUN
    clock_config.o(.text.BOARD_BootClockRUN) refers to fsl_clock.o(.text.CLOCK_InitSysPll) for CLOCK_InitSysPll
    clock_config.o(.text.BOARD_BootClockRUN) refers to fsl_clock.o(.text.CLOCK_InitSysPfd) for CLOCK_InitSysPfd
    clock_config.o(.text.BOARD_BootClockRUN) refers to fsl_clock.o(.text.CLOCK_DeinitAudioPll) for CLOCK_DeinitAudioPll
    clock_config.o(.text.BOARD_BootClockRUN) refers to fsl_clock.o(.text.CLOCK_DeinitEnetPll) for CLOCK_DeinitEnetPll
    clock_config.o(.text.BOARD_BootClockRUN) refers to fsl_clock.o(.text.CLOCK_DeinitUsb2Pll) for CLOCK_DeinitUsb2Pll
    clock_config.o(.text.BOARD_BootClockRUN) refers to system_mimxrt1064.o(.data.SystemCoreClock) for SystemCoreClock
    clock_config.o(.ARM.exidx.text.BOARD_BootClockRUN) refers to clock_config.o(.text.BOARD_BootClockRUN) for [Anonymous Symbol]
    clock_config.o(.text.BOARD_BootClockRUN_528M) refers to fsl_clock.o(.bss.g_rtcXtalFreq) for g_rtcXtalFreq
    clock_config.o(.text.BOARD_BootClockRUN_528M) refers to fsl_clock.o(.bss.g_xtalFreq) for g_xtalFreq
    clock_config.o(.text.BOARD_BootClockRUN_528M) refers to fsl_clock.o(.text.CLOCK_InitExternalClk) for CLOCK_InitExternalClk
    clock_config.o(.text.BOARD_BootClockRUN_528M) refers to fsl_clock.o(.text.CLOCK_InitRcOsc24M) for CLOCK_InitRcOsc24M
    clock_config.o(.text.BOARD_BootClockRUN_528M) refers to fsl_clock.o(.text.CLOCK_SwitchOsc) for CLOCK_SwitchOsc
    clock_config.o(.text.BOARD_BootClockRUN_528M) refers to clock_config.o(.rodata.armPllConfig_BOARD_BootClockRUN_528M) for armPllConfig_BOARD_BootClockRUN_528M
    clock_config.o(.text.BOARD_BootClockRUN_528M) refers to fsl_clock.o(.text.CLOCK_InitArmPll) for CLOCK_InitArmPll
    clock_config.o(.text.BOARD_BootClockRUN_528M) refers to clock_config.o(.rodata.sysPllConfig_BOARD_BootClockRUN_528M) for sysPllConfig_BOARD_BootClockRUN_528M
    clock_config.o(.text.BOARD_BootClockRUN_528M) refers to fsl_clock.o(.text.CLOCK_InitSysPll) for CLOCK_InitSysPll
    clock_config.o(.text.BOARD_BootClockRUN_528M) refers to fsl_clock.o(.text.CLOCK_InitSysPfd) for CLOCK_InitSysPfd
    clock_config.o(.text.BOARD_BootClockRUN_528M) refers to fsl_clock.o(.text.CLOCK_DeinitAudioPll) for CLOCK_DeinitAudioPll
    clock_config.o(.text.BOARD_BootClockRUN_528M) refers to fsl_clock.o(.text.CLOCK_DeinitEnetPll) for CLOCK_DeinitEnetPll
    clock_config.o(.text.BOARD_BootClockRUN_528M) refers to fsl_clock.o(.text.CLOCK_DeinitUsb2Pll) for CLOCK_DeinitUsb2Pll
[...]
    [Anonymous Symbol]                       0x70005050   Section        0  fsl_debug_console.o(.text.DbgConsole_Vprintf)
    [Anonymous Symbol]                       0x70005478   Section        0  fsl_gpio.o(.text.GPIO_PinInit)
    s_gpioClock                              0x70005544   Number         0  fsl_gpio.o(.text.GPIO_PinInit)
    s_gpioBases                              0x70005550   Number         0  fsl_gpio.o(.text.GPIO_PinInit)
    [Anonymous Symbol]                       0x700055c8   Section        0  fsl_gpio.o(.text.GPIO_PinSetInterruptConfig)
    [Anonymous Symbol]                       0x70005680   Section        0  fsl_gpio.o(.text.GPIO_PinWrite)
    [Anonymous Symbol]                       0x700056b0   Section        0  fsl_adapter_lpuart.o(.text.HAL_UartInit)
    [Anonymous Symbol]                       0x70005800   Section        0  fsl_adapter_lpuart.o(.text.HAL_UartReceiveBlocking)
    [Anonymous Symbol]                       0x70005870   Section        0  fsl_adapter_lpuart.o(.text.HAL_UartSendBlocking)
    [Anonymous Symbol]                       0x700058d8   Section        0  fsl_lpuart.o(.text.LPUART1_DriverIRQHandler)
    [Anonymous Symbol]                       0x70005900   Section        0  fsl_lpuart.o(.text.LPUART2_DriverIRQHandler)
    [Anonymous Symbol]                       0x70005928   Section        0  fsl_lpuart.o(.text.LPUART3_DriverIRQHandler)
    [Anonymous Symbol]                       0x70005950   Section        0  fsl_lpuart.o(.text.LPUART4_DriverIRQHandler)
    [Anonymous Symbol]                       0x70005978   Section        0  fsl_lpuart.o(.text.LPUART5_DriverIRQHandler)
    [Anonymous Symbol]                       0x700059a0   Section        0  fsl_lpuart.o(.text.LPUART6_DriverIRQHandler)
    [Anonymous Symbol]                       0x700059c8   Section        0  fsl_lpuart.o(.text.LPUART7_DriverIRQHandler)
    [Anonymous Symbol]                       0x700059f0   Section        0  fsl_lpuart.o(.text.LPUART8_DriverIRQHandler)
    [Anonymous Symbol]                       0x70005a18   Section        0  fsl_lpuart.o(.text.LPUART_ClearStatusFlags)
    [Anonymous Symbol]                       0x70005a58   Section        0  fsl_lpuart.o(.text.LPUART_GetDefaultConfig)
    [Anonymous Symbol]                       0x70005aa0   Section        0  fsl_lpuart.o(.text.LPUART_GetStatusFlags)
    [Anonymous Symbol]                       0x70005ab8   Section        0  fsl_lpuart.o(.text.LPUART_Init)
    [Anonymous Symbol]                       0x70005e48   Section        0  fsl_lpuart.o(.text.LPUART_ReadBlocking)
    LPUART_WaitForReadData                   0x70005eb1   Thumb Code   166  fsl_lpuart.o(.text.LPUART_WaitForReadData)
    [Anonymous Symbol]                       0x70005eb0   Section        0  fsl_lpuart.o(.text.LPUART_WaitForReadData)
    [Anonymous Symbol]                       0x70005f58   Section        0  fsl_lpuart.o(.text.LPUART_WriteBlocking)
    [Anonymous Symbol]                       0x70005f90   Section        0  fsl_pwm.o(.text.PWM_GetDefaultConfig)
    [Anonymous Symbol]                       0x70005fc8   Section        0  fsl_pwm.o(.text.PWM_Init)
    PWM_SetDutycycleRegister                 0x70006201   Thumb Code   264  fsl_pwm.o(.text.PWM_SetDutycycleRegister)
    [Anonymous Symbol]                       0x70006200   Section        0  fsl_pwm.o(.text.PWM_SetDutycycleRegister)
    PWM_SetPeriodRegister                    0x70006329   Thumb Code   220  fsl_pwm.o(.text.PWM_SetPeriodRegister)
    [Anonymous Symbol]                       0x70006328   Section        0  fsl_pwm.o(.text.PWM_SetPeriodRegister)
    [Anonymous Symbol]                       0x70006408   Section        0  fsl_pwm.o(.text.PWM_SetupPwm)
    [Anonymous Symbol]                       0x70006690   Section        0  fsl_pwm.o(.text.PWM_UpdatePwmDutycycle)
    [Anonymous Symbol]                       0x70006750   Section        0  fsl_pwm.o(.text.PWM_UpdatePwmDutycycleHighAccuracy)
    [Anonymous Symbol]                       0x700067c8   Section        0  port.o(.text.PendSV_Handler)
    [Anonymous Symbol]                       0x70006828   Section        0  fsl_qtmr.o(.text.QTMR_ClearStatusFlags)
    [Anonymous Symbol]                       0x70006868   Section        0  fsl_qtmr.o(.text.QTMR_GetDefaultConfig)
    [Anonymous Symbol]                       0x70006898   Section        0  fsl_qtmr.o(.text.QTMR_Init)
    [Anonymous Symbol]                       0x70006980   Section        0  port.o(.text.SVC_Handler)
    [Anonymous Symbol]                       0x700069a0   Section        0  port.o(.text.SysTick_Handler)
    [Anonymous Symbol]                       0x700069d0   Section        0  system_mimxrt1064.o(.text.SystemInit)
    [Anonymous Symbol]                       0x70006aa8   Section        0  system_mimxrt1064.o(.text.SystemInitHook)
    [Anonymous Symbol]                       0x70006ab0   Section        0  fsl_assert.o(.text.__aeabi_assert)
    [Anonymous Symbol]                       0x70006b10   Section        0  fsl_assert.o(.text.fsl_assert_hook)
    led_task                                 0x70006b19   Thumb Code    30  freertos_hello.o(.text.led_task)
    [Anonymous Symbol]                       0x70006b18   Section        0  freertos_hello.o(.text.led_task)
    [Anonymous Symbol]                       0x70006b38   Section        0  freertos_hello.o(.text.main)
    pid_task                                 0x70006e69   Thumb Code  1856  freertos_hello.o(.text.pid_task)
    [Anonymous Symbol]                       0x70006e68   Section        0  freertos_hello.o(.text.pid_task)
    prvAddCurrentTaskToDelayedList           0x700075c9   Thumb Code   212  tasks.o(.text.prvAddCurrentTaskToDelayedList)
    [Anonymous Symbol]                       0x700075c8   Section        0  tasks.o(.text.prvAddCurrentTaskToDelayedList)
    prvCheckForValidListAndQueue             0x700076a1   Thumb Code   104  timers.o(.text.prvCheckForValidListAndQueue)
    [Anonymous Symbol]                       0x700076a0   Section        0  timers.o(.text.prvCheckForValidListAndQueue)
    prvIdleTask                              0x70007711   Thumb Code   118  tasks.o(.text.prvIdleTask)
    [Anonymous Symbol]                       0x70007710   Section        0  tasks.o(.text.prvIdleTask)
    prvPortStartFirstTask                    0x70007789   Thumb Code    40  port.o(.text.prvPortStartFirstTask)
    [Anonymous Symbol]                       0x70007788   Section        0  port.o(.text.prvPortStartFirstTask)
    prvProcessExpiredTimer                   0x700077b1   Thumb Code   124  timers.o(.text.prvProcessExpiredTimer)
    [Anonymous Symbol]                       0x700077b0   Section        0  timers.o(.text.prvProcessExpiredTimer)
    prvTaskExitError                         0x70007831   Thumb Code    50  port.o(.text.prvTaskExitError)
    [Anonymous Symbol]                       0x70007830   Section        0  port.o(.text.prvTaskExitError)
    prvTimerTask                             0x70007869   Thumb Code   558  timers.o(.text.prvTimerTask)
    [Anonymous Symbol]                       0x70007868   Section        0  timers.o(.text.prvTimerTask)
    prvUnlockQueue                           0x70007a99   Thumb Code   122  queue.o(.text.prvUnlockQueue)
    [Anonymous Symbol]                       0x70007a98   Section        0  queue.o(.text.prvUnlockQueue)
    [Anonymous Symbol]                       0x70007b18   Section        0  heap_4.o(.text.pvPortMalloc)
    [Anonymous Symbol]                       0x70007d08   Section        0  port.o(.text.pxPortInitialiseStack)
    uart_rx_task                             0x70007d39   Thumb Code  2244  freertos_hello.o(.text.uart_rx_task)
    [Anonymous Symbol]                       0x70007d38   Section        0  freertos_hello.o(.text.uart_rx_task)
    __arm_cp.2_8                             0x7000803c   Number         4  freertos_hello.o(.text.uart_rx_task)
    __arm_cp.2_9                             0x70008040   Number         4  freertos_hello.o(.text.uart_rx_task)
    __arm_cp.2_10                            0x70008044   Number         4  freertos_hello.o(.text.uart_rx_task)
    __arm_cp.2_11                            0x70008048   Number         4  freertos_hello.o(.text.uart_rx_task)
    __arm_cp.2_12                            0x7000804c   Number         4  freertos_hello.o(.text.uart_rx_task)
    __arm_cp.2_13                            0x70008050   Number         4  freertos_hello.o(.text.uart_rx_task)
    __arm_cp.2_14                            0x70008054   Number         4  freertos_hello.o(.text.uart_rx_task)
    __arm_cp.2_15                            0x70008058   Number         4  freertos_hello.o(.text.uart_rx_task)
    [Anonymous Symbol]                       0x70008600   Section        0  list.o(.text.uxListRemove)
    [Anonymous Symbol]                       0x70008628   Section        0  list.o(.text.vListInitialise)
    [Anonymous Symbol]                       0x70008640   Section        0  list.o(.text.vListInitialiseItem)
    [Anonymous Symbol]                       0x70008648   Section        0  list.o(.text.vListInsert)
    vPortEnableVFP                           0x70008689   Thumb Code    20  port.o(.text.vPortEnableVFP)
    [Anonymous Symbol]                       0x70008688   Section        0  port.o(.text.vPortEnableVFP)
    [Anonymous Symbol]                       0x700086a0   Section        0  port.o(.text.vPortEnterCritical)
    [Anonymous Symbol]                       0x700086f0   Section        0  port.o(.text.vPortExitCritical)
    [Anonymous Symbol]                       0x70008720   Section        0  heap_4.o(.text.vPortFree)
    [Anonymous Symbol]                       0x70008838   Section        0  port.o(.text.vPortSetupTimerInterrupt)
    [Anonymous Symbol]                       0x70008870   Section        0  queue.o(.text.vQueueAddToRegistry)
    [Anonymous Symbol]                       0x700088d0   Section        0  queue.o(.text.vQueueWaitForMessageRestricted)
    [Anonymous Symbol]                       0x70008918   Section        0  tasks.o(.text.vTaskDelay)
    [Anonymous Symbol]                       0x700089f0   Section        0  tasks.o(.text.vTaskInternalSetTimeOutState)
    [Anonymous Symbol]                       0x70008a10   Section        0  tasks.o(.text.vTaskMissedYield)
    [Anonymous Symbol]                       0x70008a20   Section        0  tasks.o(.text.vTaskPlaceOnEventList)
    [Anonymous Symbol]                       0x70008a58   Section        0  tasks.o(.text.vTaskPlaceOnEventListRestricted)
    [Anonymous Symbol]                       0x70008ac0   Section        0  tasks.o(.text.vTaskStartScheduler)
    [Anonymous Symbol]                       0x70008b78   Section        0  tasks.o(.text.vTaskSuspendAll)
    __tagsym$$used.0                         0x70008b88   Number         0  tasks.o(.text.vTaskSwitchContext)
    [Anonymous Symbol]                       0x70008b88   Section        0  tasks.o(.text.vTaskSwitchContext)
    [Anonymous Symbol]                       0x70008c10   Section        0  port.o(.text.xPortStartScheduler)
    [Anonymous Symbol]                       0x70008db0   Section        0  queue.o(.text.xQueueGenericCreate)
    [Anonymous Symbol]                       0x70008e48   Section        0  queue.o(.text.xQueueReceive)
    [Anonymous Symbol]                       0x70008ff0   Section        0  tasks.o(.text.xTaskCheckForTimeOut)
    [Anonymous Symbol]                       0x70009098   Section        0  tasks.o(.text.xTaskCreate)
    [Anonymous Symbol]                       0x70009298   Section        0  tasks.o(.text.xTaskDelayUntil)
    [Anonymous Symbol]                       0x700093d0   Section        0  tasks.o(.text.xTaskGetSchedulerState)
    [Anonymous Symbol]                       0x700093f8   Section        0  tasks.o(.text.xTaskGetTickCount)
    [Anonymous Symbol]                       0x70009408   Section        0  tasks.o(.text.xTaskIncrementTick)
    [Anonymous Symbol]                       0x700095b0   Section        0  tasks.o(.text.xTaskRemoveFromEventList)
    [Anonymous Symbol]                       0x700096a8   Section        0  tasks.o(.text.xTaskResumeAll)
    [Anonymous Symbol]                       0x70009830   Section        0  timers.o(.text.xTimerCreateTimerTask)
    i.__scatterload_copy                     0x70009890   Section       14  handlers.o(i.__scatterload_copy)
    i.__scatterload_null                     0x7000989e   Section        2  handlers.o(i.__scatterload_null)
    i.__scatterload_zeroinit                 0x700098a0   Section       14  handlers.o(i.__scatterload_zeroinit)
    CLOCK_GetPllFreq.enetRefClkFreq          0x700098b8   Data          16  fsl_clock.o(.rodata.cst16)
    [Anonymous Symbol]                       0x700098b8   Section        0  fsl_clock.o(.rodata.cst16)
    s_LpuartAdapterBase                      0x700098c8   Data          36  fsl_adapter_lpuart.o(.rodata.s_LpuartAdapterBase)
    [Anonymous Symbol]                       0x700098c8   Section        0  fsl_adapter_lpuart.o(.rodata.s_LpuartAdapterBase)
    s_lpuartBases                            0x700098ec   Data          36  fsl_lpuart.o(.rodata.s_lpuartBases)
    [Anonymous Symbol]                       0x700098ec   Section        0  fsl_lpuart.o(.rodata.s_lpuartBases)
    s_lpuartClock                            0x70009910   Data          18  fsl_lpuart.o(.rodata.s_lpuartClock)
    [Anonymous Symbol]                       0x70009910   Section        0  fsl_lpuart.o(.rodata.s_lpuartClock)
    s_pwmBases                               0x70009924   Data          20  fsl_pwm.o(.rodata.s_pwmBases)
    [Anonymous Symbol]                       0x70009924   Section        0  fsl_pwm.o(.rodata.s_pwmBases)
    s_pwmClocks                              0x70009938   Data          40  fsl_pwm.o(.rodata.s_pwmClocks)
    [Anonymous Symbol]                       0x70009938   Section        0  fsl_pwm.o(.rodata.s_pwmClocks)
    s_qtmrBases                              0x70009960   Data          20  fsl_qtmr.o(.rodata.s_qtmrBases)
    [Anonymous Symbol]                       0x70009960   Section        0  fsl_qtmr.o(.rodata.s_qtmrBases)
    s_qtmrClocks                             0x70009974   Data          10  fsl_qtmr.o(.rodata.s_qtmrClocks)
    [Anonymous Symbol]                       0x70009974   Section        0  fsl_qtmr.o(.rodata.s_qtmrClocks)
    .L.str.1                                 0x7000997e   Data          14  board.o(.rodata.str1.1)
    [Anonymous Symbol]                       0x7000997e   Section        0  board.o(.rodata.str1.1)
    .L.str.3                                 0x7000998c   Data          78  fsl_adapter_lpuart.o(.rodata.str1.1)
    [Anonymous Symbol]                       0x7000998c   Section        0  fsl_adapter_lpuart.o(.rodata.str1.1)
    .L.str.6                                 0x700099da   Data          12  fsl_adapter_lpuart.o(.rodata.str1.1)
    .L.str.13                                0x700099e6   Data          13  fsl_adapter_lpuart.o(.rodata.str1.1)
    .L.str.5                                 0x700099e6   Data          13  fsl_adapter_lpuart.o(.rodata.str1.1)
    .L.str.1                                 0x700099f3   Data          36  fsl_adapter_lpuart.o(.rodata.str1.1)
    .L.str                                   0x70009a17   Data          15  fsl_adapter_lpuart.o(.rodata.str1.1)
    .L.str.1                                 0x70009a26   Data          20  fsl_clock.o(.rodata.str1.1)
    [Anonymous Symbol]                       0x70009a26   Section        0  fsl_clock.o(.rodata.str1.1)
    .L.str.3                                 0x70009a3a   Data           6  fsl_clock.o(.rodata.str1.1)
    .L.str.3                                 0x70009a3a   Data           6  fsl_clock.o(.rodata.str1.1)
    .L.str                                   0x70009a40   Data          10  fsl_gpio.o(.rodata.str1.1)
    [Anonymous Symbol]                       0x70009a40   Section        0  fsl_gpio.o(.rodata.str1.1)
    .L.str.1                                 0x70009a4a   Data          19  fsl_gpio.o(.rodata.str1.1)
    .L.str.6                                 0x70009a5d   Data          33  fsl_lpuart.o(.rodata.str1.1)
    [Anonymous Symbol]                       0x70009a5d   Section        0  fsl_lpuart.o(.rodata.str1.1)
    .L.str                                   0x70009a7e   Data          37  fsl_lpuart.o(.rodata.str1.1)
    .L.str.2                                 0x70009a97   Data          15  fsl_lpuart.o(.rodata.str1.1)
    .L.str.21                                0x70009ab0   Data          13  fsl_lpuart.o(.rodata.str1.1)
    .L.str.26                                0x70009ab0   Data          13  fsl_lpuart.o(.rodata.str1.1)
    .L.str.5                                 0x70009ab0   Data          13  fsl_lpuart.o(.rodata.str1.1)
    .L.str.1                                 0x70009abd   Data          21  fsl_lpuart.o(.rodata.str1.1)
    .L.str                                   0x70009ae7   Data          15  fsl_lpuart.o(.rodata.str1.1)
    .L.str.3                                 0x70009ae7   Data          15  fsl_lpuart.o(.rodata.str1.1)
    .L.str.22                                0x70009af6   Data          20  fsl_lpuart.o(.rodata.str1.1)
    .L.str.27                                0x70009af6   Data          20  fsl_lpuart.o(.rodata.str1.1)
    .L.str.6                                 0x70009af6   Data          20  fsl_lpuart.o(.rodata.str1.1)
    .L.str.8                                 0x70009b0a   Data          71  fsl_lpuart.o(.rodata.str1.1)
    .L.str.7                                 0x70009b51   Data          71  fsl_lpuart.o(.rodata.str1.1)
    .L.str.12                                0x70009b64   Data          13  fsl_lpuart.o(.rodata.str1.1)
    .L.str.15                                0x70009b7e   Data          13  fsl_lpuart.o(.rodata.str1.1)
    .L.str.17                                0x70009b8b   Data          21  fsl_lpuart.o(.rodata.str1.1)
    .L.str.18                                0x70009ba0   Data          14  fsl_lpuart.o(.rodata.str1.1)
    .L.str.28                                0x70009bb3   Data          34  fsl_pwm.o(.rodata.str1.1)
    [Anonymous Symbol]                       0x70009bb3   Section        0  fsl_pwm.o(.rodata.str1.1)
    .L.str                                   0x70009bd5   Data          15  fsl_pwm.o(.rodata.str1.1)
    .L.str.7                                 0x70009be4   Data          18  fsl_pwm.o(.rodata.str1.1)
    .L.str.5                                 0x70009bf6   Data          17  fsl_pwm.o(.rodata.str1.1)
    .L.str.10                                0x70009c07   Data          12  fsl_pwm.o(.rodata.str1.1)
    .L.str.29                                0x70009c13   Data          14  fsl_pwm.o(.rodata.str1.1)
    .L.str.2                                 0x70009c21   Data          21  fsl_pwm.o(.rodata.str1.1)
    .L.str.18                                0x70009c33   Data          31  fsl_pwm.o(.rodata.str1.1)
    .L.str.8                                 0x70009c36   Data          21  fsl_pwm.o(.rodata.str1.1)
    .L.str.1                                 0x70009c4b   Data          18  fsl_pwm.o(.rodata.str1.1)
    .L.str.7                                 0x70009c7c   Data          35  fsl_qtmr.o(.rodata.str1.1)
    [Anonymous Symbol]                       0x70009c7c   Section        0  fsl_qtmr.o(.rodata.str1.1)
    .L.str.2                                 0x70009c9e   Data          72  fsl_qtmr.o(.rodata.str1.1)
    .L.str.1                                 0x70009c9f   Data          19  fsl_qtmr.o(.rodata.str1.1)
    .L.str.8                                 0x70009cfa   Data           3  freertos_hello.o(.rodata.str1.1)
    [Anonymous Symbol]                       0x70009cfa   Section        0  freertos_hello.o(.rodata.str1.1)
    uxTopUsedPriority                        0x70009d14   Data           4  tasks.o(.rodata.uxTopUsedPriority)
    [Anonymous Symbol]                       0x70009d14   Section        0  tasks.o(.rodata.uxTopUsedPriority)
    VTOR                                     0xe000ed08   Number         0  startup_mimxrt1064.o ABSOLUTE

    Global Symbols

    Symbol Name                              Value     Ov Type        Size  Object(Section)

    BuildAttributes$$THM_ISAv4$E$P$D$K$B$S$7EM$VFPv5_D16$PE$PLD8$A:L22UL41UL21$X:L11$S22US41US21$IEEE1$IW$USESV6$~STKCKD$USESV7$~SHL$OTIME$EBA8$MICROLIB$REQ8$EABIv2 0x00000000   Number         0  anon$$obj.o ABSOLUTE
    __cpp_initialize__aeabi_                  - Undefined Weak Reference
    __cxa_finalize                            - Undefined Weak Reference
    __decompress                              - Undefined Weak Reference
    _clock_init                               - Undefined Weak Reference
    _microlib_exit                            - Undefined Weak Reference
    SystemCoreClock                          0x20000000   Data           4  system_mimxrt1064.o(.data.SystemCoreClock)
    s_lpuartIsr                              0x20000004   Data          36  fsl_lpuart.o(.data.s_lpuartIsr)
    g_rtcXtalFreq                            0x20000034   Data           4  fsl_clock.o(.bss.g_rtcXtalFreq)
    g_xtalFreq                               0x20000038   Data           4  fsl_clock.o(.bss.g_xtalFreq)
    pxCurrentTCB                             0x20000040   Data           4  tasks.o(.bss.pxCurrentTCB)
    s_lpuartHandle                           0x2000010c   Data          36  fsl_lpuart.o(.bss.s_lpuartHandle)
    xQueueRegistry                           0x20002a44   Data          64  queue.o(.bss.xQueueRegistry)
    Image$$ARM_LIB_HEAP$$ZI$$Base            0x20002ac8   Number         0  anon$$obj.o ABSOLUTE
    Image$$ARM_LIB_HEAP$$ZI$$Limit           0x20002ec8   Number         0  anon$$obj.o ABSOLUTE
    Image$$ARM_LIB_STACK$$ZI$$Limit          0x20020000   Number         0  anon$$obj.o ABSOLUTE
    Image$$RW_m_ncache$$Base                 0x20200000   Number         0  anon$$obj.o ABSOLUTE
    Image$$RW_m_ncache_unused$$Base          0x20200000   Number         0  anon$$obj.o ABSOLUTE
    Image$$RW_m_ncache_unused$$ZI$$Limit     0x202c0000   Number         0  anon$$obj.o ABSOLUTE
    qspiflash_config                         0x70000000   Data         512  evkmimxrt1064_flexspi_nor_config.o(.boot_hdr.conf)
    image_vector_table                       0x70001000   Data          32  fsl_flexspi_nor_boot.o(.boot_hdr.ivt)
    g_boot_data                              0x70001020   Data          16  fsl_flexspi_nor_boot.o(.boot_hdr.boot_data)
    __Vectors                                0x70002000   Number      1024  startup_mimxrt1064.o(.isr_vector)
    __main                                   0x70002401   Thumb Code     0  entry.o(.ARM.Collect$$$$00000000)
    _main_stk                                0x70002401   Thumb Code     0  entry4.o(.ARM.Collect$$$$00000003)
    _main_scatterload                        0x70002405   Thumb Code     0  entry5.o(.ARM.Collect$$$$00000004)
    __main_after_scatterload                 0x70002409   Thumb Code     0  entry5.o(.ARM.Collect$$$$00000004)
    _main_clock                              0x70002409   Thumb Code     0  entry7b.o(.ARM.Collect$$$$00000008)
    _main_cpp_init                           0x70002409   Thumb Code     0  entry8b.o(.ARM.Collect$$$$0000000A)
    _main_init                               0x70002409   Thumb Code     0  entry9a.o(.ARM.Collect$$$$0000000B)
    __rt_final_cpp                           0x70002411   Thumb Code     0  entry10a.o(.ARM.Collect$$$$0000000D)
    __rt_final_exit                          0x70002411   Thumb Code     0  entry11a.o(.ARM.Collect$$$$0000000F)
    Reset_Handler                            0x70002415   Thumb Code    40  startup_mimxrt1064.o(.text)
    ACMP1_IRQHandler                         0x7000243d   Thumb Code     4  startup_mimxrt1064.o(.text)
    ACMP2_IRQHandler                         0x7000243d   Thumb Code     4  startup_mimxrt1064.o(.text)
    ACMP3_IRQHandler                         0x7000243d   Thumb Code     4  startup_mimxrt1064.o(.text)
    ACMP4_IRQHandler                         0x7000243d   Thumb Code     4  startup_mimxrt1064.o(.text)
    ADC1_IRQHandler                          0x7000243d   Thumb Code     4  startup_mimxrt1064.o(.text)
    ADC2_IRQHandler                          0x7000243d   Thumb Code     4  startup_mimxrt1064.o(.text)
    ADC_ETC_ERROR_IRQ_IRQHandler             0x7000243d   Thumb Code     4  startup_mimxrt1064.o(.text)
    ADC_ETC_IRQ0_IRQHandler                  0x7000243d   Thumb Code     4  startup_mimxrt1064.o(.text)
    ADC_ETC_IRQ1_IRQHandler                  0x7000243d   Thumb Code     4  startup_mimxrt1064.o(.text)
    ADC_ETC_IRQ2_IRQHandler                  0x7000243d   Thumb Code     4  startup_mimxrt1064.o(.text)
    BEE_IRQHandler                           0x7000243d   Thumb Code     4  startup_mimxrt1064.o(.text)
    BusFault_Handler                         0x7000243d   Thumb Code     4  startup_mimxrt1064.o(.text)
    CAN1_DriverIRQHandler                    0x7000243d   Thumb Code     4  startup_mimxrt1064.o(.text)
    CAN2_DriverIRQHandler                    0x7000243d   Thumb Code     4  startup_mimxrt1064.o(.text)
    CAN3_DriverIRQHandler                    0x7000243d   Thumb Code     4  startup_mimxrt1064.o(.text)
    CCM_1_IRQHandler                         0x7000243d   Thumb Code     4  startup_mimxrt1064.o(.text)
    CCM_2_IRQHandler                         0x7000243d   Thumb Code     4  startup_mimxrt1064.o(.text)
    CORE_IRQHandler                          0x7000243d   Thumb Code     4  startup_mimxrt1064.o(.text)
    CSI_IRQHandler                           0x7000243d   Thumb Code     4  startup_mimxrt1064.o(.text)
    CSU_IRQHandler                           0x7000243d   Thumb Code     4  startup_mimxrt1064.o(.text)
    CTI0_ERROR_IRQHandler                    0x7000243d   Thumb Code     4  startup_mimxrt1064.o(.text)
    CTI1_ERROR_IRQHandler                    0x7000243d   Thumb Code     4  startup_mimxrt1064.o(.text)
    DCDC_IRQHandler                          0x7000243d   Thumb Code     4  startup_mimxrt1064.o(.text)
    DCP_IRQHandler                           0x7000243d   Thumb Code     4  startup_mimxrt1064.o(.text)
    DCP_VMI_IRQHandler                       0x7000243d   Thumb Code     4  startup_mimxrt1064.o(.text)
    DMA0_DMA16_DriverIRQHandler              0x7000243d   Thumb Code     4  startup_mimxrt1064.o(.text)
    DMA10_DMA26_DriverIRQHandler             0x7000243d   Thumb Code     4  startup_mimxrt1064.o(.text)
    DMA11_DMA27_DriverIRQHandler             0x7000243d   Thumb Code     4  startup_mimxrt1064.o(.text)
    DMA12_DMA28_DriverIRQHandler             0x7000243d   Thumb Code     4  startup_mimxrt1064.o(.text)
    DMA13_DMA29_DriverIRQHandler             0x7000243d   Thumb Code     4  startup_mimxrt1064.o(.text)
    DMA14_DMA30_DriverIRQHandler             0x7000243d   Thumb Code     4  startup_mimxrt1064.o(.text)
    DMA15_DMA31_DriverIRQHandler             0x7000243d   Thumb Code     4  startup_mimxrt1064.o(.text)
    DMA1_DMA17_DriverIRQHandler              0x7000243d   Thumb Code     4  startup_mimxrt1064.o(.text)
    DMA2_DMA18_DriverIRQHandler              0x7000243d   Thumb Code     4  startup_mimxrt1064.o(.text)
    DMA3_DMA19_DriverIRQHandler              0x7000243d   Thumb Code     4  startup_mimxrt1064.o(.text)
    DMA4_DMA20_DriverIRQHandler              0x7000243d   Thumb Code     4  startup_mimxrt1064.o(.text)
    DMA5_DMA21_DriverIRQHandler              0x7000243d   Thumb Code     4  startup_mimxrt1064.o(.text)
    DMA6_DMA22_DriverIRQHandler              0x7000243d   Thumb Code     4  startup_mimxrt1064.o(.text)
    DMA7_DMA23_DriverIRQHandler              0x7000243d   Thumb Code     4  startup_mimxrt1064.o(.text)
    DMA8_DMA24_DriverIRQHandler              0x7000243d   Thumb Code     4  startup_mimxrt1064.o(.text)
    DMA9_DMA25_DriverIRQHandler              0x7000243d   Thumb Code     4  startup_mimxrt1064.o(.text)
    DMA_ERROR_DriverIRQHandler               0x7000243d   Thumb Code     4  startup_mimxrt1064.o(.text)
    DebugMon_Handler                         0x7000243d   Thumb Code     4  startup_mimxrt1064.o(.text)
    DefaultISR                               0x7000243d   Thumb Code     4  startup_mimxrt1064.o(.text)
    ENC1_IRQHandler                          0x7000243d   Thumb Code     4  startup_mimxrt1064.o(.text)
    ENC2_IRQHandler                          0x7000243d   Thumb Code     4  startup_mimxrt1064.o(.text)
    ENC3_IRQHandler                          0x7000243d   Thumb Code     4  startup_mimxrt1064.o(.text)
    ENC4_IRQHandler                          0x7000243d   Thumb Code     4  startup_mimxrt1064.o(.text)
    ENET2_1588_Timer_DriverIRQHandler        0x7000243d   Thumb Code     4  startup_mimxrt1064.o(.text)
    ENET2_DriverIRQHandler                   0x7000243d   Thumb Code     4  startup_mimxrt1064.o(.text)
    ENET_1588_Timer_DriverIRQHandler         0x7000243d   Thumb Code     4  startup_mimxrt1064.o(.text)
    ENET_DriverIRQHandler                    0x7000243d   Thumb Code     4  startup_mimxrt1064.o(.text)
    EWM_IRQHandler                           0x7000243d   Thumb Code     4  startup_mimxrt1064.o(.text)
    FLEXIO1_DriverIRQHandler                 0x7000243d   Thumb Code     4  startup_mimxrt1064.o(.text)
    FLEXIO2_DriverIRQHandler                 0x7000243d   Thumb Code     4  startup_mimxrt1064.o(.text)
    FLEXIO3_DriverIRQHandler                 0x7000243d   Thumb Code     4  startup_mimxrt1064.o(.text)
    FLEXRAM_IRQHandler                       0x7000243d   Thumb Code     4  startup_mimxrt1064.o(.text)
    FLEXSPI2_DriverIRQHandler                0x7000243d   Thumb Code     4  startup_mimxrt1064.o(.text)
    FLEXSPI_DriverIRQHandler                 0x7000243d   Thumb Code     4  startup_mimxrt1064.o(.text)
    GPC_IRQHandler                           0x7000243d   Thumb Code     4  startup_mimxrt1064.o(.text)
    GPIO10_IRQHandler                        0x7000243d   Thumb Code     4  startup_mimxrt1064.o(.text)
    GPIO1_Combined_0_15_IRQHandler           0x7000243d   Thumb Code     4  startup_mimxrt1064.o(.text)
    GPIO1_Combined_16_31_IRQHandler          0x7000243d   Thumb Code     4  startup_mimxrt1064.o(.text)
    GPIO1_INT0_IRQHandler                    0x7000243d   Thumb Code     4  startup_mimxrt1064.o(.text)
    GPIO1_INT1_IRQHandler                    0x7000243d   Thumb Code     4  startup_mimxrt1064.o(.text)
    GPIO1_INT2_IRQHandler                    0x7000243d   Thumb Code     4  startup_mimxrt1064.o(.text)
    GPIO1_INT3_IRQHandler                    0x7000243d   Thumb Code     4  startup_mimxrt1064.o(.text)
    GPIO1_INT4_IRQHandler                    0x7000243d   Thumb Code     4  startup_mimxrt1064.o(.text)
    GPIO1_INT5_IRQHandler                    0x7000243d   Thumb Code     4  startup_mimxrt1064.o(.text)
    GPIO1_INT6_IRQHandler                    0x7000243d   Thumb Code     4  startup_mimxrt1064.o(.text)
    GPIO1_INT7_IRQHandler                    0x7000243d   Thumb Code     4  startup_mimxrt1064.o(.text)
    GPIO2_Combined_0_15_IRQHandler           0x7000243d   Thumb Code     4  startup_mimxrt1064.o(.text)
    GPIO2_Combined_16_31_IRQHandler          0x7000243d   Thumb Code     4  startup_mimxrt1064.o(.text)
    GPIO3_Combined_0_15_IRQHandler           0x7000243d   Thumb Code     4  startup_mimxrt1064.o(.text)
    GPIO3_Combined_16_31_IRQHandler          0x7000243d   Thumb Code     4  startup_mimxrt1064.o(.text)
    GPIO4_Combined_0_15_IRQHandler           0x7000243d   Thumb Code     4  startup_mimxrt1064.o(.text)
    GPIO4_Combined_16_31_IRQHandler          0x7000243d   Thumb Code     4  startup_mimxrt1064.o(.text)
    GPIO5_Combined_0_15_IRQHandler           0x7000243d   Thumb Code     4  startup_mimxrt1064.o(.text)
    GPIO5_Combined_16_31_IRQHandler          0x7000243d   Thumb Code     4  startup_mimxrt1064.o(.text)
    GPIO6_7_8_9_IRQHandler                   0x7000243d   Thumb Code     4  startup_mimxrt1064.o(.text)
    GPR_IRQ_IRQHandler                       0x7000243d   Thumb Code     4  startup_mimxrt1064.o(.text)
    GPT1_IRQHandler                          0x7000243d   Thumb Code     4  startup_mimxrt1064.o(.text)
    GPT2_IRQHandler                          0x7000243d   Thumb Code     4  startup_mimxrt1064.o(.text)
    KPP_IRQHandler                           0x7000243d   Thumb Code     4  startup_mimxrt1064.o(.text)
    LCDIF_IRQHandler                         0x7000243d   Thumb Code     4  startup_mimxrt1064.o(.text)
    LPI2C1_DriverIRQHandler                  0x7000243d   Thumb Code     4  startup_mimxrt1064.o(.text)
    LPI2C2_DriverIRQHandler                  0x7000243d   Thumb Code     4  startup_mimxrt1064.o(.text)
    LPI2C3_DriverIRQHandler                  0x7000243d   Thumb Code     4  startup_mimxrt1064.o(.text)
    LPI2C4_DriverIRQHandler                  0x7000243d   Thumb Code     4  startup_mimxrt1064.o(.text)
    LPSPI1_DriverIRQHandler                  0x7000243d   Thumb Code     4  startup_mimxrt1064.o(.text)
    LPSPI2_DriverIRQHandler                  0x7000243d   Thumb Code     4  startup_mimxrt1064.o(.text)
    LPSPI3_DriverIRQHandler                  0x7000243d   Thumb Code     4  startup_mimxrt1064.o(.text)
    LPSPI4_DriverIRQHandler                  0x7000243d   Thumb Code     4  startup_mimxrt1064.o(.text)
    MemManage_Handler                        0x7000243d   Thumb Code     4  startup_mimxrt1064.o(.text)
    PIT_IRQHandler                           0x7000243d   Thumb Code     4  startup_mimxrt1064.o(.text)
    PMU_EVENT_IRQHandler                     0x7000243d   Thumb Code     4  startup_mimxrt1064.o(.text)
    PWM1_0_IRQHandler                        0x7000243d   Thumb Code     4  startup_mimxrt1064.o(.text)
    PWM1_1_IRQHandler                        0x7000243d   Thumb Code     4  startup_mimxrt1064.o(.text)
    PWM1_2_IRQHandler                        0x7000243d   Thumb Code     4  startup_mimxrt1064.o(.text)
    PWM1_3_IRQHandler                        0x7000243d   Thumb Code     4  startup_mimxrt1064.o(.text)
    PWM1_FAULT_IRQHandler                    0x7000243d   Thumb Code     4  startup_mimxrt1064.o(.text)
    PWM2_0_IRQHandler                        0x7000243d   Thumb Code     4  startup_mimxrt1064.o(.text)
    PWM2_1_IRQHandler                        0x7000243d   Thumb Code     4  startup_mimxrt1064.o(.text)
    PWM2_2_IRQHandler                        0x7000243d   Thumb Code     4  startup_mimxrt1064.o(.text)
    PWM2_3_IRQHandler                        0x7000243d   Thumb Code     4  startup_mimxrt1064.o(.text)
    PWM2_FAULT_IRQHandler                    0x7000243d   Thumb Code     4  startup_mimxrt1064.o(.text)
    PWM3_0_IRQHandler                        0x7000243d   Thumb Code     4  startup_mimxrt1064.o(.text)
    PWM3_1_IRQHandler                        0x7000243d   Thumb Code     4  startup_mimxrt1064.o(.text)
    PWM3_2_IRQHandler                        0x7000243d   Thumb Code     4  startup_mimxrt1064.o(.text)
    PWM3_3_IRQHandler                        0x7000243d   Thumb Code     4  startup_mimxrt1064.o(.text)
    PWM3_FAULT_IRQHandler                    0x7000243d   Thumb Code     4  startup_mimxrt1064.o(.text)
    PWM4_0_IRQHandler                        0x7000243d   Thumb Code     4  startup_mimxrt1064.o(.text)
    PWM4_1_IRQHandler                        0x7000243d   Thumb Code     4  startup_mimxrt1064.o(.text)
    PWM4_2_IRQHandler                        0x7000243d   Thumb Code     4  startup_mimxrt1064.o(.text)
    PWM4_3_IRQHandler                        0x7000243d   Thumb Code     4  startup_mimxrt1064.o(.text)
    PWM4_FAULT_IRQHandler                    0x7000243d   Thumb Code     4  startup_mimxrt1064.o(.text)
    PXP_IRQHandler                           0x7000243d   Thumb Code     4  startup_mimxrt1064.o(.text)
    RTWDOG_IRQHandler                        0x7000243d   Thumb Code     4  startup_mimxrt1064.o(.text)
    Reserved115_IRQHandler                   0x7000243d   Thumb Code     4  startup_mimxrt1064.o(.text)
    Reserved143_IRQHandler                   0x7000243d   Thumb Code     4  startup_mimxrt1064.o(.text)
    Reserved144_IRQHandler                   0x7000243d   Thumb Code     4  startup_mimxrt1064.o(.text)
    Reserved171_IRQHandler                   0x7000243d   Thumb Code     4  startup_mimxrt1064.o(.text)
    Reserved68_IRQHandler                    0x7000243d   Thumb Code     4  startup_mimxrt1064.o(.text)
    Reserved78_IRQHandler                    0x7000243d   Thumb Code     4  startup_mimxrt1064.o(.text)
    Reserved86_IRQHandler                    0x7000243d   Thumb Code     4  startup_mimxrt1064.o(.text)
    SAI1_DriverIRQHandler                    0x7000243d   Thumb Code     4  startup_mimxrt1064.o(.text)
    SAI2_DriverIRQHandler                    0x7000243d   Thumb Code     4  startup_mimxrt1064.o(.text)
    SAI3_RX_DriverIRQHandler                 0x7000243d   Thumb Code     4  startup_mimxrt1064.o(.text)
    SAI3_TX_DriverIRQHandler                 0x7000243d   Thumb Code     4  startup_mimxrt1064.o(.text)
    SEMC_IRQHandler                          0x7000243d   Thumb Code     4  startup_mimxrt1064.o(.text)
    SJC_IRQHandler                           0x7000243d   Thumb Code     4  startup_mimxrt1064.o(.text)
    SNVS_HP_WRAPPER_IRQHandler               0x7000243d   Thumb Code     4  startup_mimxrt1064.o(.text)
    SNVS_HP_WRAPPER_TZ_IRQHandler            0x7000243d   Thumb Code     4  startup_mimxrt1064.o(.text)
    SNVS_LP_WRAPPER_IRQHandler               0x7000243d   Thumb Code     4  startup_mimxrt1064.o(.text)
    SPDIF_DriverIRQHandler                   0x7000243d   Thumb Code     4  startup_mimxrt1064.o(.text)
    SRC_IRQHandler                           0x7000243d   Thumb Code     4  startup_mimxrt1064.o(.text)
    TEMP_LOW_HIGH_IRQHandler                 0x7000243d   Thumb Code     4  startup_mimxrt1064.o(.text)
    TEMP_PANIC_IRQHandler                    0x7000243d   Thumb Code     4  startup_mimxrt1064.o(.text)
    TMR1_IRQHandler                          0x7000243d   Thumb Code     4  startup_mimxrt1064.o(.text)
    TMR2_IRQHandler                          0x7000243d   Thumb Code     4  startup_mimxrt1064.o(.text)
    TMR3_IRQHandler                          0x7000243d   Thumb Code     4  startup_mimxrt1064.o(.text)
    TMR4_IRQHandler                          0x7000243d   Thumb Code     4  startup_mimxrt1064.o(.text)
    TRNG_IRQHandler                          0x7000243d   Thumb Code     4  startup_mimxrt1064.o(.text)
    TSC_DIG_IRQHandler                       0x7000243d   Thumb Code     4  startup_mimxrt1064.o(.text)
    USB_OTG1_IRQHandler                      0x7000243d   Thumb Code     4  startup_mimxrt1064.o(.text)
    USB_OTG2_IRQHandler                      0x7000243d   Thumb Code     4  startup_mimxrt1064.o(.text)
    USB_PHY1_IRQHandler                      0x7000243d   Thumb Code     4  startup_mimxrt1064.o(.text)
    USB_PHY2_IRQHandler                      0x7000243d   Thumb Code     4  startup_mimxrt1064.o(.text)
    USDHC1_DriverIRQHandler                  0x7000243d   Thumb Code     4  startup_mimxrt1064.o(.text)
    USDHC2_DriverIRQHandler                  0x7000243d   Thumb Code     4  startup_mimxrt1064.o(.text)
    UsageFault_Handler                       0x7000243d   Thumb Code     4  startup_mimxrt1064.o(.text)
    WDOG1_IRQHandler                         0x7000243d   Thumb Code     4  startup_mimxrt1064.o(.text)
    WDOG2_IRQHandler                         0x7000243d   Thumb Code     4  startup_mimxrt1064.o(.text)
    XBAR1_IRQ_0_1_IRQHandler                 0x7000243d   Thumb Code     4  startup_mimxrt1064.o(.text)
    XBAR1_IRQ_2_3_IRQHandler                 0x7000243d   Thumb Code     4  startup_mimxrt1064.o(.text)
    NMI_Handler                              0x70002441   Thumb Code     4  startup_mimxrt1064.o(.text)
    HardFault_Handler                        0x70002445   Thumb Code     4  startup_mimxrt1064.o(.text)
    DMA0_DMA16_IRQHandler                    0x70002455   Thumb Code     4  startup_mimxrt1064.o(.text)
    DMA1_DMA17_IRQHandler                    0x70002459   Thumb Code     4  startup_mimxrt1064.o(.text)
    DMA2_DMA18_IRQHandler                    0x7000245d   Thumb Code     4  startup_mimxrt1064.o(.text)
    DMA3_DMA19_IRQHandler                    0x70002461   Thumb Code     4  startup_mimxrt1064.o(.text)
    DMA4_DMA20_IRQHandler                    0x70002465   Thumb Code     4  startup_mimxrt1064.o(.text)
    DMA5_DMA21_IRQHandler                    0x70002469   Thumb Code     4  startup_mimxrt1064.o(.text)
    DMA6_DMA22_IRQHandler                    0x7000246d   Thumb Code     4  startup_mimxrt1064.o(.text)
    DMA7_DMA23_IRQHandler                    0x70002471   Thumb Code     4  startup_mimxrt1064.o(.text)
    DMA8_DMA24_IRQHandler                    0x70002475   Thumb Code     4  startup_mimxrt1064.o(.text)
    DMA9_DMA25_IRQHandler                    0x70002479   Thumb Code     4  startup_mimxrt1064.o(.text)
    DMA10_DMA26_IRQHandler                   0x7000247d   Thumb Code     4  startup_mimxrt1064.o(.text)
    DMA11_DMA27_IRQHandler                   0x70002481   Thumb Code     4  startup_mimxrt1064.o(.text)
    DMA12_DMA28_IRQHandler                   0x70002485   Thumb Code     4  startup_mimxrt1064.o(.text)
    DMA13_DMA29_IRQHandler                   0x70002489   Thumb Code     4  startup_mimxrt1064.o(.text)
    DMA14_DMA30_IRQHandler                   0x7000248d   Thumb Code     4  startup_mimxrt1064.o(.text)
    DMA15_DMA31_IRQHandler                   0x70002491   Thumb Code     4  startup_mimxrt1064.o(.text)
    DMA_ERROR_IRQHandler                     0x70002495   Thumb Code     4  startup_mimxrt1064.o(.text)
    LPUART1_IRQHandler                       0x70002499   Thumb Code     4  startup_mimxrt1064.o(.text)
    LPUART2_IRQHandler                       0x7000249d   Thumb Code     4  startup_mimxrt1064.o(.text)
    LPUART3_IRQHandler                       0x700024a1   Thumb Code     4  startup_mimxrt1064.o(.text)
    LPUART4_IRQHandler                       0x700024a5   Thumb Code     4  startup_mimxrt1064.o(.text)
    LPUART5_IRQHandler                       0x700024a9   Thumb Code     4  startup_mimxrt1064.o(.text)
    LPUART6_IRQHandler                       0x700024ad   Thumb Code     4  startup_mimxrt1064.o(.text)
    LPUART7_IRQHandler                       0x700024b1   Thumb Code     4  startup_mimxrt1064.o(.text)
    LPUART8_IRQHandler                       0x700024b5   Thumb Code     4  startup_mimxrt1064.o(.text)
    LPI2C1_IRQHandler                        0x700024b9   Thumb Code     4  startup_mimxrt1064.o(.text)
    LPI2C2_IRQHandler                        0x700024bd   Thumb Code     4  startup_mimxrt1064.o(.text)
    LPI2C3_IRQHandler                        0x700024c1   Thumb Code     4  startup_mimxrt1064.o(.text)
    LPI2C4_IRQHandler                        0x700024c5   Thumb Code     4  startup_mimxrt1064.o(.text)
    LPSPI1_IRQHandler                        0x700024c9   Thumb Code     4  startup_mimxrt1064.o(.text)
    LPSPI2_IRQHandler                        0x700024cd   Thumb Code     4  startup_mimxrt1064.o(.text)
    LPSPI3_IRQHandler                        0x700024d1   Thumb Code     4  startup_mimxrt1064.o(.text)
    LPSPI4_IRQHandler                        0x700024d5   Thumb Code     4  startup_mimxrt1064.o(.text)
    CAN1_IRQHandler                          0x700024d9   Thumb Code     4  startup_mimxrt1064.o(.text)
    CAN2_IRQHandler                          0x700024dd   Thumb Code     4  startup_mimxrt1064.o(.text)
    SAI1_IRQHandler                          0x700024e1   Thumb Code     4  startup_mimxrt1064.o(.text)
    SAI2_IRQHandler                          0x700024e5   Thumb Code     4  startup_mimxrt1064.o(.text)
    SAI3_RX_IRQHandler                       0x700024e9   Thumb Code     4  startup_mimxrt1064.o(.text)
    SAI3_TX_IRQHandler                       0x700024ed   Thumb Code     4  startup_mimxrt1064.o(.text)
    SPDIF_IRQHandler                         0x700024f1   Thumb Code     4  startup_mimxrt1064.o(.text)
    FLEXIO1_IRQHandler                       0x700024f5   Thumb Code     4  startup_mimxrt1064.o(.text)
    FLEXIO2_IRQHandler                       0x700024f9   Thumb Code     4  startup_mimxrt1064.o(.text)
    FLEXSPI2_IRQHandler                      0x700024fd   Thumb Code     4  startup_mimxrt1064.o(.text)
    FLEXSPI_IRQHandler                       0x70002501   Thumb Code     4  startup_mimxrt1064.o(.text)
    USDHC1_IRQHandler                        0x70002505   Thumb Code     4  startup_mimxrt1064.o(.text)
    USDHC2_IRQHandler                        0x70002509   Thumb Code     4  startup_mimxrt1064.o(.text)
    ENET_IRQHandler                          0x7000250d   Thumb Code     4  startup_mimxrt1064.o(.text)
    ENET_1588_Timer_IRQHandler               0x70002511   Thumb Code     4  startup_mimxrt1064.o(.text)
    ENET2_IRQHandler                         0x70002515   Thumb Code     4  startup_mimxrt1064.o(.text)
    ENET2_1588_Timer_IRQHandler              0x70002519   Thumb Code     4  startup_mimxrt1064.o(.text)
    CAN3_IRQHandler                          0x7000251d   Thumb Code     4  startup_mimxrt1064.o(.text)
    FLEXIO3_IRQHandler                       0x70002521   Thumb Code     4  startup_mimxrt1064.o(.text)
    memcpy                                   0x70002609   Thumb Code     0  fsl_memcpy.o(.text)
    __aeabi_uldivmod                         0x700026a9   Thumb Code    98  uldiv.o(.text)
    memset                                   0x7000270b   Thumb Code    18  memset.o(.text)
    strlen                                   0x7000271d   Thumb Code    14  strlen.o(.text)
    __aeabi_llsl                             0x7000272b   Thumb Code    30  llshl.o(.text)
    _ll_shift_l                              0x7000272b   Thumb Code     0  llshl.o(.text)
    __aeabi_llsr                             0x70002749   Thumb Code    32  llushr.o(.text)
    _ll_ushift_r                             0x70002749   Thumb Code     0  llushr.o(.text)
    __scatterload                            0x70002769   Thumb Code    38  init.o(.text)
    __scatterload_rt2                        0x70002769   Thumb Code     0  init.o(.text)
    BOARD_BootClockRUN                       0x700031a9   Thumb Code  2154  clock_config.o(.text.BOARD_BootClockRUN)
    BOARD_ConfigMPU                          0x70003a19   Thumb Code   708  board.o(.text.BOARD_ConfigMPU)
    BOARD_InitBootClocks                     0x70003d19   Thumb Code     4  clock_config.o(.text.BOARD_InitBootClocks)
    BOARD_InitBootPins                       0x70003d21   Thumb Code     4  pin_mux.o(.text.BOARD_InitBootPins)
    BOARD_InitDebugConsole                   0x70003d29   Thumb Code   104  board.o(.text.BOARD_InitDebugConsole)
    BOARD_InitHardware                       0x70003d91   Thumb Code    22  hardware_init.o(.text.BOARD_InitHardware)
    BOARD_InitPins                           0x70003da9   Thumb Code   276  pin_mux.o(.text.BOARD_InitPins)
    CLOCK_DeinitAudioPll                     0x70003ec1   Thumb Code    16  fsl_clock.o(.text.CLOCK_DeinitAudioPll)
    CLOCK_DeinitEnetPll                      0x70003ed1   Thumb Code    16  fsl_clock.o(.text.CLOCK_DeinitEnetPll)
    CLOCK_DeinitUsb2Pll                      0x70003ee1   Thumb Code    14  fsl_clock.o(.text.CLOCK_DeinitUsb2Pll)
    CLOCK_GetFreq                            0x70003ef1   Thumb Code  2236  fsl_clock.o(.text.CLOCK_GetFreq)
    CLOCK_GetPllFreq                         0x70004ad9   Thumb Code   594  fsl_clock.o(.text.CLOCK_GetPllFreq)
    CLOCK_GetSemcFreq                        0x70004d31   Thumb Code   264  fsl_clock.o(.text.CLOCK_GetSemcFreq)
    CLOCK_InitArmPll                         0x70004e39   Thumb Code    70  fsl_clock.o(.text.CLOCK_InitArmPll)
    CLOCK_InitExternalClk                    0x70004e81   Thumb Code    64  fsl_clock.o(.text.CLOCK_InitExternalClk)
    CLOCK_InitRcOsc24M                       0x70004ed1   Thumb Code    18  fsl_clock.o(.text.CLOCK_InitRcOsc24M)
    CLOCK_InitSysPfd                         0x70004ee9   Thumb Code    54  fsl_clock.o(.text.CLOCK_InitSysPfd)
    CLOCK_InitSysPll                         0x70004f21   Thumb Code   110  fsl_clock.o(.text.CLOCK_InitSysPll)
    CLOCK_SwitchOsc                          0x70004f91   Thumb Code    24  fsl_clock.o(.text.CLOCK_SwitchOsc)
    DbgConsole_Init                          0x70004fa9   Thumb Code    82  fsl_debug_console.o(.text.DbgConsole_Init)
    DbgConsole_Printf                        0x70005001   Thumb Code    32  fsl_debug_console.o(.text.DbgConsole_Printf)
    DbgConsole_Putchar                       0x70005021   Thumb Code    44  fsl_debug_console.o(.text.DbgConsole_Putchar)
    DbgConsole_Vprintf                       0x70005051   Thumb Code  1064  fsl_debug_console.o(.text.DbgConsole_Vprintf)
    GPIO_PinInit                             0x70005479   Thumb Code   204  fsl_gpio.o(.text.GPIO_PinInit)
    GPIO_PinSetInterruptConfig               0x700055c9   Thumb Code   168  fsl_gpio.o(.text.GPIO_PinSetInterruptConfig)
    GPIO_PinWrite                            0x70005681   Thumb Code    44  fsl_gpio.o(.text.GPIO_PinWrite)
    HAL_UartInit                             0x700056b1   Thumb Code   264  fsl_adapter_lpuart.o(.text.HAL_UartInit)
    HAL_UartReceiveBlocking                  0x70005801   Thumb Code   108  fsl_adapter_lpuart.o(.text.HAL_UartReceiveBlocking)
    HAL_UartSendBlocking                     0x70005871   Thumb Code   102  fsl_adapter_lpuart.o(.text.HAL_UartSendBlocking)
    LPUART1_DriverIRQHandler                 0x700058d9   Thumb Code    38  fsl_lpuart.o(.text.LPUART1_DriverIRQHandler)
    LPUART2_DriverIRQHandler                 0x70005901   Thumb Code    38  fsl_lpuart.o(.text.LPUART2_DriverIRQHandler)
    LPUART3_DriverIRQHandler                 0x70005929   Thumb Code    38  fsl_lpuart.o(.text.LPUART3_DriverIRQHandler)
    LPUART4_DriverIRQHandler                 0x70005951   Thumb Code    36  fsl_lpuart.o(.text.LPUART4_DriverIRQHandler)
    LPUART5_DriverIRQHandler                 0x70005979   Thumb Code    38  fsl_lpuart.o(.text.LPUART5_DriverIRQHandler)
    LPUART6_DriverIRQHandler                 0x700059a1   Thumb Code    38  fsl_lpuart.o(.text.LPUART6_DriverIRQHandler)
    LPUART7_DriverIRQHandler                 0x700059c9   Thumb Code    38  fsl_lpuart.o(.text.LPUART7_DriverIRQHandler)
    LPUART8_DriverIRQHandler                 0x700059f1   Thumb Code    36  fsl_lpuart.o(.text.LPUART8_DriverIRQHandler)
    LPUART_ClearStatusFlags                  0x70005a19   Thumb Code    60  fsl_lpuart.o(.text.LPUART_ClearStatusFlags)
    LPUART_GetDefaultConfig                  0x70005a59   Thumb Code    66  fsl_lpuart.o(.text.LPUART_GetDefaultConfig)
    LPUART_GetStatusFlags                    0x70005aa1   Thumb Code    24  fsl_lpuart.o(.text.LPUART_GetStatusFlags)
    LPUART_Init                              0x70005ab9   Thumb Code   808  fsl_lpuart.o(.text.LPUART_Init)
    LPUART_ReadBlocking                      0x70005e49   Thumb Code   100  fsl_lpuart.o(.text.LPUART_ReadBlocking)
    LPUART_WriteBlocking                     0x70005f59   Thumb Code    54  fsl_lpuart.o(.text.LPUART_WriteBlocking)
    PWM_GetDefaultConfig                     0x70005f91   Thumb Code    54  fsl_pwm.o(.text.PWM_GetDefaultConfig)
    PWM_Init                                 0x70005fc9   Thumb Code   568  fsl_pwm.o(.text.PWM_Init)
    PWM_SetupPwm                             0x70006409   Thumb Code   604  fsl_pwm.o(.text.PWM_SetupPwm)
    PWM_UpdatePwmDutycycle                   0x70006691   Thumb Code   164  fsl_pwm.o(.text.PWM_UpdatePwmDutycycle)
    PWM_UpdatePwmDutycycleHighAccuracy       0x70006751   Thumb Code   120  fsl_pwm.o(.text.PWM_UpdatePwmDutycycleHighAccuracy)
    PendSV_Handler                           0x700067c9   Thumb Code    96  port.o(.text.PendSV_Handler)
    QTMR_ClearStatusFlags                    0x70006829   Thumb Code    62  fsl_qtmr.o(.text.QTMR_ClearStatusFlags)
    QTMR_GetDefaultConfig                    0x70006869   Thumb Code    48  fsl_qtmr.o(.text.QTMR_GetDefaultConfig)
    QTMR_Init                                0x70006899   Thumb Code   232  fsl_qtmr.o(.text.QTMR_Init)
    SVC_Handler                              0x70006981   Thumb Code    32  port.o(.text.SVC_Handler)
    SysTick_Handler                          0x700069a1   Thumb Code    46  port.o(.text.SysTick_Handler)
    SystemInit                               0x700069d1   Thumb Code   210  system_mimxrt1064.o(.text.SystemInit)
    SystemInitHook                           0x70006aa9   Thumb Code     2  system_mimxrt1064.o(.text.SystemInitHook)
    __aeabi_assert                           0x70006ab1   Thumb Code    48  fsl_assert.o(.text.__aeabi_assert)
    fsl_assert_hook                          0x70006b11   Thumb Code     4  fsl_assert.o(.text.fsl_assert_hook)
    main                                     0x70006b39   Thumb Code   776  freertos_hello.o(.text.main)
    pvPortMalloc                             0x70007b19   Thumb Code   496  heap_4.o(.text.pvPortMalloc)
    pxPortInitialiseStack                    0x70007d09   Thumb Code    44  port.o(.text.pxPortInitialiseStack)
    uxListRemove                             0x70008601   Thumb Code    40  list.o(.text.uxListRemove)
    vListInitialise                          0x70008629   Thumb Code    22  list.o(.text.vListInitialise)
    vListInitialiseItem                      0x70008641   Thumb Code     6  list.o(.text.vListInitialiseItem)
    vListInsert                              0x70008649   Thumb Code    58  list.o(.text.vListInsert)
    vPortEnterCritical                       0x700086a1   Thumb Code    74  port.o(.text.vPortEnterCritical)
    vPortExitCritical                        0x700086f1   Thumb Code    46  port.o(.text.vPortExitCritical)
    vPortFree                                0x70008721   Thumb Code   278  heap_4.o(.text.vPortFree)
    vPortSetupTimerInterrupt                 0x70008839   Thumb Code    52  port.o(.text.vPortSetupTimerInterrupt)
    vQueueAddToRegistry                      0x70008871   Thumb Code    90  queue.o(.text.vQueueAddToRegistry)
    vQueueWaitForMessageRestricted           0x700088d1   Thumb Code    70  queue.o(.text.vQueueWaitForMessageRestricted)
    vTaskDelay                               0x70008919   Thumb Code   214  tasks.o(.text.vTaskDelay)
    vTaskInternalSetTimeOutState             0x700089f1   Thumb Code    26  tasks.o(.text.vTaskInternalSetTimeOutState)
    vTaskMissedYield                         0x70008a11   Thumb Code    14  tasks.o(.text.vTaskMissedYield)
    vTaskPlaceOnEventList                    0x70008a21   Thumb Code    54  tasks.o(.text.vTaskPlaceOnEventList)
    vTaskPlaceOnEventListRestricted          0x70008a59   Thumb Code   102  tasks.o(.text.vTaskPlaceOnEventListRestricted)
    vTaskStartScheduler                      0x70008ac1   Thumb Code   176  tasks.o(.text.vTaskStartScheduler)
    vTaskSuspendAll                          0x70008b79   Thumb Code    16  tasks.o(.text.vTaskSuspendAll)
    vTaskSwitchContext                       0x70008b89   Thumb Code   134  tasks.o(.text.vTaskSwitchContext)
    xPortStartScheduler                      0x70008c11   Thumb Code   414  port.o(.text.xPortStartScheduler)
    xQueueGenericCreate                      0x70008db1   Thumb Code   146  queue.o(.text.xQueueGenericCreate)
    xQueueReceive                            0x70008e49   Thumb Code   424  queue.o(.text.xQueueReceive)
    xTaskCheckForTimeOut                     0x70008ff1   Thumb Code   168  tasks.o(.text.xTaskCheckForTimeOut)
    xTaskCreate                              0x70009099   Thumb Code   510  tasks.o(.text.xTaskCreate)
    xTaskDelayUntil                          0x70009299   Thumb Code   308  tasks.o(.text.xTaskDelayUntil)
    xTaskGetSchedulerState                   0x700093d1   Thumb Code    36  tasks.o(.text.xTaskGetSchedulerState)
    xTaskGetTickCount                        0x700093f9   Thumb Code    12  tasks.o(.text.xTaskGetTickCount)
    xTaskIncrementTick                       0x70009409   Thumb Code   418  tasks.o(.text.xTaskIncrementTick)
    xTaskRemoveFromEventList                 0x700095b1   Thumb Code   246  tasks.o(.text.xTaskRemoveFromEventList)
    xTaskResumeAll                           0x700096a9   Thumb Code   388  tasks.o(.text.xTaskResumeAll)
    xTimerCreateTimerTask                    0x70009831   Thumb Code    88  timers.o(.text.xTimerCreateTimerTask)
    __scatterload_copy                       0x70009891   Thumb Code    14  handlers.o(i.__scatterload_copy)
    __scatterload_null                       0x7000989f   Thumb Code     2  handlers.o(i.__scatterload_null)
    __scatterload_zeroinit                   0x700098a1   Thumb Code    14  handlers.o(i.__scatterload_zeroinit)
    armPllConfig_BOARD_BootClockRUN          0x700098b0   Data           8  clock_config.o(.rodata.armPllConfig_BOARD_BootClockRUN)
    sysPllConfig_BOARD_BootClockRUN          0x70009d00   Data          20  clock_config.o(.rodata.sysPllConfig_BOARD_BootClockRUN)
    Region$$Table$$Base                      0x70009d18   Number         0  anon$$obj.o(Region$$Table)
    Region$$Table$$Limit                     0x70009d38   Number         0  anon$$obj.o(Region$$Table)



==============================================================================

Memory Map of the image

  Image Entry point : 0x70002415

  Load Region LR_m_text (Base: 0x70000000, Size: 0x00009d6c, Max: 0x00400000, ABSOLUTE)

    Execution Region RW_m_ram_text (Exec base: 0x00000000, Load base: 0x70009d6c, Size: 0x00000000, Max: 0x00020000, ABSOLUTE)

    **** No section assigned to this execution region ****


    Execution Region RW_m_data (Exec base: 0x20000000, Load base: 0x70009d38, Size: 0x00002ac8, Max: 0x0001f800, ABSOLUTE)

    Exec Addr    Load Addr    Size         Type   Attr      Idx    E Section Name        Object

    0x20000000   0x70009d38   0x00000004   Data   RW           92    .data.SystemCoreClock  system_mimxrt1064.o
    0x20000004   0x70009d3c   0x00000024   Data   RW          404    .data.s_lpuartIsr   fsl_lpuart.o
    0x20000028   0x70009d60   0x00000004   Data   RW         1031    .data.s_servoAngleDeg  freertos_hello.o
    0x2000002c   0x70009d64   0x00000002   Data   RW         1032    .data.s_servoPulseUs  freertos_hello.o
    0x2000002e   0x70009d66   0x00000002   PAD
    0x20000030   0x70009d68   0x00000004   Data   RW          965    .data.uxCriticalNesting  port.o
    0x20000034        -       0x00000004   Zero   RW          215    .bss.g_rtcXtalFreq  fsl_clock.o
    0x20000038        -       0x00000004   Zero   RW          214    .bss.g_xtalFreq     fsl_clock.o
    0x2000003c        -       0x00000004   Zero   RW          926    .bss.prvSampleTimeNow.xLastTime  timers.o
    0x20000040        -       0x00000004   Zero   RW          847    .bss.pxCurrentTCB   tasks.o
    0x20000044        -       0x00000004   Zero   RW          924    .bss.pxCurrentTimerList  timers.o
    0x20000048        -       0x00000004   Zero   RW          857    .bss.pxDelayedTaskList  tasks.o
    0x2000004c        -       0x00000004   Zero   RW          992    .bss.pxEnd          heap_4.o
    0x20000050        -       0x00000004   Zero   RW          858    .bss.pxOverflowDelayedTaskList  tasks.o
    0x20000054        -       0x00000004   Zero   RW          925    .bss.pxOverflowTimerList  timers.o
    0x20000058        -       0x00000064   Zero   RW          848    .bss.pxReadyTasksLists  tasks.o
    0x200000bc        -       0x00000008   Zero   RW         1053    .bss.s_activeSignedTargetSpeedCps  freertos_hello.o
    0x200000c4        -       0x00000008   Zero   RW         1055    .bss.s_actualSpeedCps  freertos_hello.o
    0x200000cc        -       0x00000014   Zero   RW         1090    .bss.s_debugConsole  fsl_debug_console.o
    0x200000e0        -       0x00000006   Zero   RW         1039    .bss.s_gyroAngleCentiDeg  freertos_hello.o
    0x200000e6        -       0x00000001   Zero   RW         1045    .bss.s_gyroAssistEnabled  freertos_hello.o
    0x200000e7        -       0x00000001   Zero   RW         1040    .bss.s_gyroCalCount  freertos_hello.o
    0x200000e8        -       0x00000004   Zero   RW         1046    .bss.s_gyroCommandSpeedMps  freertos_hello.o
    0x200000ec        -       0x00000004   Zero   RW         1047    .bss.s_gyroCommandSteerDeg  freertos_hello.o
    0x200000f0        -       0x00000001   Zero   RW         1049    .bss.s_gyroInitialized  freertos_hello.o
    0x200000f1   0x70009d6c   0x00000001   PAD
    0x200000f2        -       0x00000006   Zero   RW         1038    .bss.s_gyroOffsetRaw  freertos_hello.o
    0x200000f8        -       0x0000000c   Zero   RW         1037    .bss.s_gyroOffsetSum  freertos_hello.o
    0x20000104        -       0x00000001   Zero   RW         1044    .bss.s_gyroPrintEnabled  freertos_hello.o
    0x20000105   0x70009d6c   0x00000001   PAD
    0x20000106        -       0x00000002   Zero   RW         1042    .bss.s_gyroTargetYawCentiDeg  freertos_hello.o
    0x20000108        -       0x00000002   Zero   RW         1043    .bss.s_gyroYawErrorCentiDeg  freertos_hello.o
    0x2000010a        -       0x00000002   Zero   RW         1041    .bss.s_gyroYawZeroCentiDeg  freertos_hello.o
    0x2000010c        -       0x00000024   Zero   RW          408    .bss.s_lpuartHandle  fsl_lpuart.o
    0x20000130        -       0x00000008   Zero   RW         1054    .bss.s_pidIntegral  freertos_hello.o
    0x20000138        -       0x00000002   Zero   RW         1030    .bss.s_pwmDuty      freertos_hello.o
    0x2000013a        -       0x0000000c   Zero   RW          483    .bss.s_pwmGetPwmDutyCycle  fsl_pwm.o
    0x20000146   0x70009d6c   0x00000002   PAD
    0x20000148        -       0x00000008   Zero   RW         1052    .bss.s_signedTargetSpeedCps  freertos_hello.o
    0x20000150        -       0x00000002   Zero   RW         1050    .bss.s_speedControlEnabled  freertos_hello.o
    0x20000152   0x70009d6c   0x00000002   PAD
    0x20000154        -       0x00000004   Zero   RW         1048    .bss.s_steerAngleDeg  freertos_hello.o
    0x20000158        -       0x00000004   Zero   RW         1051    .bss.s_targetSpeedCps  freertos_hello.o
    0x2000015c        -       0x00000001   Zero   RW         1033    .bss.s_uartFrameActive  freertos_hello.o
    0x2000015d   0x70009d6c   0x00000003   PAD
    0x20000160        -       0x00000004   Zero   RW         1034    .bss.s_uartLastRxTick  freertos_hello.o
    0x20000164        -       0x00000040   Zero   RW         1036    .bss.s_uartRxFrame  freertos_hello.o
    0x200001a4        -       0x00000001   Zero   RW         1035    .bss.s_uartRxFrameLength  freertos_hello.o
    0x200001a5        -       0x00002800   Zero   RW          995    .bss.ucHeap         heap_4.o
    0x200029a5        -       0x00000001   Zero   RW          963    .bss.ucMaxSysCallPriority  port.o
    0x200029a6   0x70009d6c   0x00000002   PAD
    0x200029a8        -       0x00000004   Zero   RW          964    .bss.ulMaxPRIGROUPValue  port.o
    0x200029ac        -       0x00000004   Zero   RW          854    .bss.uxCurrentNumberOfTasks  tasks.o
    0x200029b0        -       0x00000004   Zero   RW          853    .bss.uxDeletedTasksWaitingCleanUp  tasks.o
    0x200029b4        -       0x00000004   Zero   RW          855    .bss.uxSchedulerSuspended  tasks.o
    0x200029b8        -       0x00000004   Zero   RW          850    .bss.uxTaskNumber   tasks.o
    0x200029bc        -       0x00000004   Zero   RW          849    .bss.uxTopReadyPriority  tasks.o
    0x200029c0        -       0x00000014   Zero   RW          927    .bss.xActiveTimerList1  timers.o
    0x200029d4        -       0x00000014   Zero   RW          928    .bss.xActiveTimerList2  timers.o
    0x200029e8        -       0x00000014   Zero   RW          868    .bss.xDelayedTaskList1  tasks.o
    0x200029fc        -       0x00000014   Zero   RW          869    .bss.xDelayedTaskList2  tasks.o
    0x20002a10        -       0x00000004   Zero   RW          993    .bss.xFreeBytesRemaining  heap_4.o
    0x20002a14        -       0x00000004   Zero   RW          863    .bss.xIdleTaskHandles  tasks.o
    0x20002a18        -       0x00000004   Zero   RW          996    .bss.xMinimumEverFreeBytesRemaining  heap_4.o
    0x20002a1c        -       0x00000004   Zero   RW          862    .bss.xNextTaskUnblockTime  tasks.o
    0x20002a20        -       0x00000004   Zero   RW          866    .bss.xNumOfOverflows  tasks.o
    0x20002a24        -       0x00000004   Zero   RW          997    .bss.xNumberOfSuccessfulAllocations  heap_4.o
    0x20002a28        -       0x00000004   Zero   RW          998    .bss.xNumberOfSuccessfulFrees  heap_4.o
    0x20002a2c        -       0x00000004   Zero   RW          865    .bss.xPendedTicks   tasks.o
    0x20002a30        -       0x00000014   Zero   RW          859    .bss.xPendingReadyList  tasks.o
    0x20002a44        -       0x00000040   Zero   RW          658    .bss.xQueueRegistry  queue.o
    0x20002a84        -       0x00000004   Zero   RW          851    .bss.xSchedulerRunning  tasks.o
    0x20002a88        -       0x00000008   Zero   RW          994    .bss.xStart         heap_4.o
    0x20002a90        -       0x00000014   Zero   RW          860    .bss.xSuspendedTaskList  tasks.o
    0x20002aa4        -       0x00000014   Zero   RW          852    .bss.xTasksWaitingTermination  tasks.o
    0x20002ab8        -       0x00000004   Zero   RW          856    .bss.xTickCount     tasks.o
    0x20002abc        -       0x00000004   Zero   RW          922    .bss.xTimerQueue    timers.o
    0x20002ac0        -       0x00000004   Zero   RW          923    .bss.xTimerTaskHandle  timers.o
    0x20002ac4        -       0x00000004   Zero   RW          861    .bss.xYieldPendings  tasks.o


    Execution Region ARM_LIB_HEAP (Exec base: 0x20002ac8, Load base: 0x70009d6c, Size: 0x00000400, Max: 0x00000400, ABSOLUTE)

    Exec Addr    Load Addr    Size         Type   Attr      Idx    E Section Name        Object

    0x20002ac8        -       0x00000400   Zero   RW            2    ARM_LIB_HEAP.bss    anon$$obj.o


    Execution Region ARM_LIB_STACK (Exec base: 0x2001fc00, Load base: 0x70009d6c, Size: 0x00000400, Max: 0x00000400, ABSOLUTE)

    Exec Addr    Load Addr    Size         Type   Attr      Idx    E Section Name        Object

    0x2001fc00        -       0x00000400   Zero   RW            3    ARM_LIB_STACK.bss   anon$$obj.o


    Execution Region RW_m_ncache (Exec base: 0x20200000, Load base: 0x70009d6c, Size: 0x00000000, Max: 0x00000000, ABSOLUTE)

    Exec Addr    Load Addr    Size         Type   Attr      Idx    E Section Name        Object

    0x20200000        -       0x00000000   Zero   RW            4    RW_m_ncache.bss     anon$$obj.o


    Execution Region RW_m_ncache_unused (Exec base: 0x20200000, Load base: 0x70009d6c, Size: 0x000c0000, Max: 0x000c0000, ABSOLUTE)

    Exec Addr    Load Addr    Size         Type   Attr      Idx    E Section Name        Object

    0x20200000        -       0x000c0000   Zero   RW            5    RW_m_ncache_unused.bss  anon$$obj.o


    Execution Region RW_m_config_text (Exec base: 0x70000000, Load base: 0x70000000, Size: 0x00000200, Max: 0x00001000, ABSOLUTE, FIXED)

    Exec Addr    Load Addr    Size         Type   Attr      Idx    E Section Name        Object

    0x70000000   0x70000000   0x00000200   Data   RO         1134    .boot_hdr.conf      evkmimxrt1064_flexspi_nor_config.o


    Execution Region RW_m_ivt_text (Exec base: 0x70001000, Load base: 0x70001000, Size: 0x00000030, Max: 0x00001000, ABSOLUTE, FIXED)

    Exec Addr    Load Addr    Size         Type   Attr      Idx    E Section Name        Object

    0x70001000   0x70001000   0x00000020   Data   RO         1141    .boot_hdr.ivt       fsl_flexspi_nor_boot.o
    0x70001020   0x70001020   0x00000010   Data   RO         1140    .boot_hdr.boot_data  fsl_flexspi_nor_boot.o


    Execution Region VECTOR_ROM (Exec base: 0x70002000, Load base: 0x70002000, Size: 0x00000400, Max: 0x00000400, ABSOLUTE, FIXED)

    Exec Addr    Load Addr    Size         Type   Attr      Idx    E Section Name        Object

    0x70002000   0x70002000   0x00000400   Data   RO         1066    .isr_vector         startup_mimxrt1064.o


    Execution Region VECTOR_RAM (Exec base: 0x70002000, Load base: 0x70009d38, Size: 0x00000000, Max: 0x00000000, ABSOLUTE)

    Exec Addr    Load Addr    Size         Type   Attr      Idx    E Section Name        Object

    0x70002000        -       0x00000000   Zero   RW            1    VECTOR_RAM.bss      anon$$obj.o


    Execution Region ER_m_text (Exec base: 0x70002400, Load base: 0x70002400, Size: 0x00007938, Max: 0x003fdc00, ABSOLUTE, FIXED)

    Exec Addr    Load Addr    Size         Type   Attr      Idx    E Section Name        Object

    0x70002400   0x70002400   0x00000000   Code   RO         1146  * .ARM.Collect$$$$00000000  mc_w.l(entry.o)
    0x70002400   0x70002400   0x00000004   Code   RO         1194    .ARM.Collect$$$$00000003  mc_w.l(entry4.o)
    0x70002404   0x70002404   0x00000004   Code   RO         1197    .ARM.Collect$$$$00000004  mc_w.l(entry5.o)
    0x70002408   0x70002408   0x00000000   Code   RO         1199    .ARM.Collect$$$$00000008  mc_w.l(entry7b.o)
    0x70002408   0x70002408   0x00000000   Code   RO         1201    .ARM.Collect$$$$0000000A  mc_w.l(entry8b.o)
    0x70002408   0x70002408   0x00000008   Code   RO         1202    .ARM.Collect$$$$0000000B  mc_w.l(entry9a.o)
    0x70002410   0x70002410   0x00000000   Code   RO         1204    .ARM.Collect$$$$0000000D  mc_w.l(entry10a.o)
    0x70002410   0x70002410   0x00000000   Code   RO         1206    .ARM.Collect$$$$0000000F  mc_w.l(entry11a.o)
    0x70002410   0x70002410   0x00000004   Code   RO         1195    .ARM.Collect$$$$00002714  mc_w.l(entry4.o)
    0x70002414   0x70002414   0x000001f4   Code   RO         1065  * .text               startup_mimxrt1064.o
    0x70002608   0x70002608   0x000000a0   Code   RO         1110    .text               fsl_memcpy.o
    0x700026a8   0x700026a8   0x00000062   Code   RO         1149    .text               mc_w.l(uldiv.o)
    0x7000270a   0x7000270a   0x00000012   Code   RO         1151    .text               mc_w.l(memset.o)
    0x7000271c   0x7000271c   0x0000000e   Code   RO         1155    .text               mc_w.l(strlen.o)
    0x7000272a   0x7000272a   0x0000001e   Code   RO         1208    .text               mc_w.l(llshl.o)
    0x70002748   0x70002748   0x00000020   Code   RO         1210    .text               mc_w.l(llushr.o)
    0x70002768   0x70002768   0x00000030   Code   RO         1248    .text               mc_w.l(init.o)
    0x70002798   0x70002798   0x00000314   Code   RO         1017    .text.APP_ApplyAckermannControlInternal  freertos_hello.o
    0x70002aac   0x70002aac   0x00000004   PAD
    0x70002ab0   0x70002ab0   0x00000168   Code   RO         1021    .text.APP_CalcAckermannFrontSteerDeg  freertos_hello.o
    0x70002c18   0x70002c18   0x0000009c   Code   RO         1023    .text.APP_GyroI2cStart  freertos_hello.o
    0x70002cb4   0x70002cb4   0x00000004   PAD
    0x70002cb8   0x70002cb8   0x00000088   Code   RO         1027    .text.APP_GyroI2cStop  freertos_hello.o
    0x70002d40   0x70002d40   0x00000128   Code   RO         1025    .text.APP_GyroI2cWriteByte  freertos_hello.o
    0x70002e68   0x70002e68   0x000000fc   Code   RO         1015    .text.APP_ParseFloatField  freertos_hello.o
    0x70002f64   0x70002f64   0x00000004   PAD
    0x70002f68   0x70002f68   0x0000023c   Code   RO         1019    .text.APP_UpdateGyroAssistedServo  freertos_hello.o
    0x700031a4   0x700031a4   0x00000004   PAD
    0x700031a8   0x700031a8   0x0000086a   Code   RO           24    .text.BOARD_BootClockRUN  clock_config.o
    0x70003a12   0x70003a12   0x00000006   PAD
    0x70003a18   0x70003a18   0x00000300   Code   RO           11    .text.BOARD_ConfigMPU  board.o
    0x70003d18   0x70003d18   0x00000004   Code   RO           22    .text.BOARD_InitBootClocks  clock_config.o
    0x70003d1c   0x70003d1c   0x00000004   PAD
    0x70003d20   0x70003d20   0x00000004   Code   RO           52    .text.BOARD_InitBootPins  pin_mux.o
    0x70003d24   0x70003d24   0x00000004   PAD
    0x70003d28   0x70003d28   0x00000068   Code   RO            9    .text.BOARD_InitDebugConsole  board.o
    0x70003d90   0x70003d90   0x00000016   Code   RO           44    .text.BOARD_InitHardware  hardware_init.o
    0x70003da6   0x70003da6   0x00000002   PAD
    0x70003da8   0x70003da8   0x00000114   Code   RO           54    .text.BOARD_InitPins  pin_mux.o
    0x70003ebc   0x70003ebc   0x00000004   PAD
    0x70003ec0   0x70003ec0   0x00000010   Code   RO          175    .text.CLOCK_DeinitAudioPll  fsl_clock.o
    0x70003ed0   0x70003ed0   0x00000010   Code   RO          183    .text.CLOCK_DeinitEnetPll  fsl_clock.o
    0x70003ee0   0x70003ee0   0x0000000e   Code   RO          171    .text.CLOCK_DeinitUsb2Pll  fsl_clock.o
    0x70003eee   0x70003eee   0x00000002   PAD
    0x70003ef0   0x70003ef0   0x000008bc   Code   RO          143    .text.CLOCK_GetFreq  fsl_clock.o
    0x700047ac   0x700047ac   0x00000004   PAD
    0x700047b0   0x700047b0   0x00000326   Code   RO          131    .text.CLOCK_GetPeriphClkFreq  fsl_clock.o
    0x70004ad6   0x70004ad6   0x00000002   PAD
    0x70004ad8   0x70004ad8   0x00000252   Code   RO          145    .text.CLOCK_GetPllFreq  fsl_clock.o
    0x70004d2a   0x70004d2a   0x00000006   PAD
    0x70004d30   0x70004d30   0x00000108   Code   RO          133    .text.CLOCK_GetSemcFreq  fsl_clock.o
    0x70004e38   0x70004e38   0x00000046   Code   RO          159    .text.CLOCK_InitArmPll  fsl_clock.o
    0x70004e7e   0x70004e7e   0x00000002   PAD
    0x70004e80   0x70004e80   0x00000050   Code   RO          119    .text.CLOCK_InitExternalClk  fsl_clock.o
    0x70004ed0   0x70004ed0   0x00000012   Code   RO          125    .text.CLOCK_InitRcOsc24M  fsl_clock.o
    0x70004ee2   0x70004ee2   0x00000006   PAD
    0x70004ee8   0x70004ee8   0x00000036   Code   RO          185    .text.CLOCK_InitSysPfd  fsl_clock.o
    0x70004f1e   0x70004f1e   0x00000002   PAD
    0x70004f20   0x70004f20   0x0000006e   Code   RO          163    .text.CLOCK_InitSysPll  fsl_clock.o
    0x70004f8e   0x70004f8e   0x00000002   PAD
    0x70004f90   0x70004f90   0x00000018   Code   RO          123    .text.CLOCK_SwitchOsc  fsl_clock.o
    0x70004fa8   0x70004fa8   0x00000052   Code   RO         1072    .text.DbgConsole_Init  fsl_debug_console.o
    0x70004ffa   0x70004ffa   0x00000006   PAD
    0x70005000   0x70005000   0x00000020   Code   RO         1080    .text.DbgConsole_Printf  fsl_debug_console.o
    0x70005020   0x70005020   0x0000002c   Code   RO         1084    .text.DbgConsole_Putchar  fsl_debug_console.o
    0x7000504c   0x7000504c   0x00000004   PAD
    0x70005050   0x70005050   0x00000428   Code   RO         1082    .text.DbgConsole_Vprintf  fsl_debug_console.o
    0x70005478   0x70005478   0x0000014c   Code   RO          312    .text.GPIO_PinInit  fsl_gpio.o
    0x700055c4   0x700055c4   0x00000004   PAD
    0x700055c8   0x700055c8   0x000000b8   Code   RO          316    .text.GPIO_PinSetInterruptConfig  fsl_gpio.o
    0x70005680   0x70005680   0x0000002c   Code   RO          314    .text.GPIO_PinWrite  fsl_gpio.o
    0x700056ac   0x700056ac   0x00000004   PAD
    0x700056b0   0x700056b0   0x00000150   Code   RO           64    .text.HAL_UartInit  fsl_adapter_lpuart.o
    0x70005800   0x70005800   0x0000006c   Code   RO           68    .text.HAL_UartReceiveBlocking  fsl_adapter_lpuart.o
    0x7000586c   0x7000586c   0x00000004   PAD
    0x70005870   0x70005870   0x00000066   Code   RO           70    .text.HAL_UartSendBlocking  fsl_adapter_lpuart.o
    0x700058d6   0x700058d6   0x00000002   PAD
    0x700058d8   0x700058d8   0x00000026   Code   RO          387    .text.LPUART1_DriverIRQHandler  fsl_lpuart.o
    0x700058fe   0x700058fe   0x00000002   PAD
    0x70005900   0x70005900   0x00000026   Code   RO          389    .text.LPUART2_DriverIRQHandler  fsl_lpuart.o
    0x70005926   0x70005926   0x00000002   PAD
    0x70005928   0x70005928   0x00000026   Code   RO          391    .text.LPUART3_DriverIRQHandler  fsl_lpuart.o
    0x7000594e   0x7000594e   0x00000002   PAD
    0x70005950   0x70005950   0x00000024   Code   RO          393    .text.LPUART4_DriverIRQHandler  fsl_lpuart.o
    0x70005974   0x70005974   0x00000004   PAD
    0x70005978   0x70005978   0x00000026   Code   RO          395    .text.LPUART5_DriverIRQHandler  fsl_lpuart.o
    0x7000599e   0x7000599e   0x00000002   PAD
    0x700059a0   0x700059a0   0x00000026   Code   RO          397    .text.LPUART6_DriverIRQHandler  fsl_lpuart.o
    0x700059c6   0x700059c6   0x00000002   PAD
    0x700059c8   0x700059c8   0x00000026   Code   RO          399    .text.LPUART7_DriverIRQHandler  fsl_lpuart.o
    0x700059ee   0x700059ee   0x00000002   PAD
    0x700059f0   0x700059f0   0x00000024   Code   RO          401    .text.LPUART8_DriverIRQHandler  fsl_lpuart.o
    0x70005a14   0x70005a14   0x00000004   PAD
    0x70005a18   0x70005a18   0x0000003c   Code   RO          351    .text.LPUART_ClearStatusFlags  fsl_lpuart.o
    0x70005a54   0x70005a54   0x00000004   PAD
    0x70005a58   0x70005a58   0x00000042   Code   RO          335    .text.LPUART_GetDefaultConfig  fsl_lpuart.o
    0x70005a9a   0x70005a9a   0x00000006   PAD
    0x70005aa0   0x70005aa0   0x00000018   Code   RO          349    .text.LPUART_GetStatusFlags  fsl_lpuart.o
    0x70005ab8   0x70005ab8   0x00000390   Code   RO          331    .text.LPUART_Init   fsl_lpuart.o
    0x70005e48   0x70005e48   0x00000064   Code   RO          357    .text.LPUART_ReadBlocking  fsl_lpuart.o
    0x70005eac   0x70005eac   0x00000004   PAD
    0x70005eb0   0x70005eb0   0x000000a6   Code   RO          359    .text.LPUART_WaitForReadData  fsl_lpuart.o
    0x70005f56   0x70005f56   0x00000002   PAD
    0x70005f58   0x70005f58   0x00000036   Code   RO          353    .text.LPUART_WriteBlocking  fsl_lpuart.o
    0x70005f8e   0x70005f8e   0x00000002   PAD
    0x70005f90   0x70005f90   0x00000036   Code   RO          439    .text.PWM_GetDefaultConfig  fsl_pwm.o
    0x70005fc6   0x70005fc6   0x00000002   PAD
    0x70005fc8   0x70005fc8   0x00000238   Code   RO          435    .text.PWM_Init      fsl_pwm.o
    0x70006200   0x70006200   0x00000124   Code   RO          445    .text.PWM_SetDutycycleRegister  fsl_pwm.o
    0x70006324   0x70006324   0x00000004   PAD
    0x70006328   0x70006328   0x000000dc   Code   RO          443    .text.PWM_SetPeriodRegister  fsl_pwm.o
    0x70006404   0x70006404   0x00000004   PAD
    0x70006408   0x70006408   0x00000284   Code   RO          441    .text.PWM_SetupPwm  fsl_pwm.o
    0x7000668c   0x7000668c   0x00000004   PAD
    0x70006690   0x70006690   0x000000c0   Code   RO          449    .text.PWM_UpdatePwmDutycycle  fsl_pwm.o
    0x70006750   0x70006750   0x00000078   Code   RO          451    .text.PWM_UpdatePwmDutycycleHighAccuracy  fsl_pwm.o
    0x700067c8   0x700067c8   0x00000060   Code   RO          945    .text.PendSV_Handler  port.o
    0x70006828   0x70006828   0x0000003e   Code   RO          511    .text.QTMR_ClearStatusFlags  fsl_qtmr.o
    0x70006866   0x70006866   0x00000002   PAD
    0x70006868   0x70006868   0x00000030   Code   RO          497    .text.QTMR_GetDefaultConfig  fsl_qtmr.o
    0x70006898   0x70006898   0x000000e8   Code   RO          493    .text.QTMR_Init     fsl_qtmr.o
    0x70006980   0x70006980   0x00000020   Code   RO          941    .text.SVC_Handler   port.o
    0x700069a0   0x700069a0   0x0000002e   Code   RO          959    .text.SysTick_Handler  port.o
    0x700069ce   0x700069ce   0x00000002   PAD
    0x700069d0   0x700069d0   0x000000d2   Code   RO           86    .text.SystemInit    system_mimxrt1064.o
    0x70006aa2   0x70006aa2   0x00000006   PAD
    0x70006aa8   0x70006aa8   0x00000002   Code   RO           88    .text.SystemInitHook  system_mimxrt1064.o
    0x70006aaa   0x70006aaa   0x00000006   PAD
    0x70006ab0   0x70006ab0   0x0000005c   Code   RO         1101    .text.__aeabi_assert  fsl_assert.o
    0x70006b0c   0x70006b0c   0x00000004   PAD
    0x70006b10   0x70006b10   0x00000004   Code   RO         1099    .text.fsl_assert_hook  fsl_assert.o
    0x70006b14   0x70006b14   0x00000004   PAD
    0x70006b18   0x70006b18   0x0000001e   Code   RO         1009    .text.led_task      freertos_hello.o
    0x70006b36   0x70006b36   0x00000002   PAD
    0x70006b38   0x70006b38   0x00000330   Code   RO         1007    .text.main          freertos_hello.o
    0x70006e68   0x70006e68   0x0000075c   Code   RO         1013    .text.pid_task      freertos_hello.o
    0x700075c4   0x700075c4   0x00000004   PAD
    0x700075c8   0x700075c8   0x000000d4   Code   RO          729    .text.prvAddCurrentTaskToDelayedList  tasks.o
    0x7000769c   0x7000769c   0x00000004   PAD
    0x700076a0   0x700076a0   0x00000070   Code   RO          880    .text.prvCheckForValidListAndQueue  timers.o
    0x70007710   0x70007710   0x00000076   Code   RO          845    .text.prvIdleTask   tasks.o
    0x70007786   0x70007786   0x00000002   PAD
    0x70007788   0x70007788   0x00000028   Code   RO          951    .text.prvPortStartFirstTask  port.o
    0x700077b0   0x700077b0   0x0000007c   Code   RO          920    .text.prvProcessExpiredTimer  timers.o
    0x7000782c   0x7000782c   0x00000004   PAD
    0x70007830   0x70007830   0x00000032   Code   RO          939    .text.prvTaskExitError  port.o
    0x70007862   0x70007862   0x00000006   PAD
    0x70007868   0x70007868   0x0000022e   Code   RO          882    .text.prvTimerTask  timers.o
    0x70007a96   0x70007a96   0x00000002   PAD
    0x70007a98   0x70007a98   0x0000007a   Code   RO          614    .text.prvUnlockQueue  queue.o
    0x70007b12   0x70007b12   0x00000006   PAD
    0x70007b18   0x70007b18   0x000001f0   Code   RO          974    .text.pvPortMalloc  heap_4.o
    0x70007d08   0x70007d08   0x0000002c   Code   RO          937    .text.pxPortInitialiseStack  port.o
    0x70007d34   0x70007d34   0x00000004   PAD
    0x70007d38   0x70007d38   0x000008c4   Code   RO         1011    .text.uart_rx_task  freertos_hello.o
    0x700085fc   0x700085fc   0x00000004   PAD
    0x70008600   0x70008600   0x00000028   Code   RO          582    .text.uxListRemove  list.o
    0x70008628   0x70008628   0x00000016   Code   RO          574    .text.vListInitialise  list.o
    0x7000863e   0x7000863e   0x00000002   PAD
    0x70008640   0x70008640   0x00000006   Code   RO          576    .text.vListInitialiseItem  list.o
    0x70008646   0x70008646   0x00000002   PAD
    0x70008648   0x70008648   0x0000003a   Code   RO          580    .text.vListInsert   list.o
    0x70008682   0x70008682   0x00000006   PAD
    0x70008688   0x70008688   0x00000014   Code   RO          949    .text.vPortEnableVFP  port.o
    0x7000869c   0x7000869c   0x00000004   PAD
    0x700086a0   0x700086a0   0x0000004a   Code   RO          955    .text.vPortEnterCritical  port.o
    0x700086ea   0x700086ea   0x00000006   PAD
    0x700086f0   0x700086f0   0x0000002e   Code   RO          957    .text.vPortExitCritical  port.o
    0x7000871e   0x7000871e   0x00000002   PAD
    0x70008720   0x70008720   0x00000116   Code   RO          976    .text.vPortFree     heap_4.o
    0x70008836   0x70008836   0x00000002   PAD
    0x70008838   0x70008838   0x00000034   Code   RO          947    .text.vPortSetupTimerInterrupt  port.o
    0x7000886c   0x7000886c   0x00000004   PAD
    0x70008870   0x70008870   0x0000005a   Code   RO          652    .text.vQueueAddToRegistry  queue.o
    0x700088ca   0x700088ca   0x00000006   PAD
    0x700088d0   0x700088d0   0x00000046   Code   RO          656    .text.vQueueWaitForMessageRestricted  queue.o
    0x70008916   0x70008916   0x00000002   PAD
    0x70008918   0x70008918   0x000000d6   Code   RO          733    .text.vTaskDelay    tasks.o
    0x700089ee   0x700089ee   0x00000002   PAD
    0x700089f0   0x700089f0   0x0000001a   Code   RO          793    .text.vTaskInternalSetTimeOutState  tasks.o
    0x70008a0a   0x70008a0a   0x00000006   PAD
    0x70008a10   0x70008a10   0x0000000e   Code   RO          797    .text.vTaskMissedYield  tasks.o
    0x70008a1e   0x70008a1e   0x00000002   PAD
    0x70008a20   0x70008a20   0x00000036   Code   RO          781    .text.vTaskPlaceOnEventList  tasks.o
    0x70008a56   0x70008a56   0x00000002   PAD
    0x70008a58   0x70008a58   0x00000066   Code   RO          785    .text.vTaskPlaceOnEventListRestricted  tasks.o
    0x70008abe   0x70008abe   0x00000002   PAD
    0x70008ac0   0x70008ac0   0x000000b8   Code   RO          755    .text.vTaskStartScheduler  tasks.o
    0x70008b78   0x70008b78   0x00000010   Code   RO          727    .text.vTaskSuspendAll  tasks.o
    0x70008b88   0x70008b88   0x00000086   Code   RO          749    .text.vTaskSwitchContext  tasks.o
    0x70008c0e   0x70008c0e   0x00000002   PAD
    0x70008c10   0x70008c10   0x0000019e   Code   RO          943    .text.xPortStartScheduler  port.o
    0x70008dae   0x70008dae   0x00000002   PAD
    0x70008db0   0x70008db0   0x00000092   Code   RO          594    .text.xQueueGenericCreate  queue.o
    0x70008e42   0x70008e42   0x00000006   PAD
    0x70008e48   0x70008e48   0x000001a8   Code   RO          620    .text.xQueueReceive  queue.o
    0x70008ff0   0x70008ff0   0x000000a8   Code   RO          795    .text.xTaskCheckForTimeOut  tasks.o
    0x70009098   0x70009098   0x000001fe   Code   RO          721    .text.xTaskCreate   tasks.o
    0x70009296   0x70009296   0x00000002   PAD
    0x70009298   0x70009298   0x00000134   Code   RO          725    .text.xTaskDelayUntil  tasks.o
    0x700093cc   0x700093cc   0x00000004   PAD
    0x700093d0   0x700093d0   0x00000024   Code   RO          817    .text.xTaskGetSchedulerState  tasks.o
    0x700093f4   0x700093f4   0x00000004   PAD
    0x700093f8   0x700093f8   0x0000000c   Code   RO          761    .text.xTaskGetTickCount  tasks.o
    0x70009404   0x70009404   0x00000004   PAD
    0x70009408   0x70009408   0x000001a2   Code   RO          759    .text.xTaskIncrementTick  tasks.o
    0x700095aa   0x700095aa   0x00000006   PAD
    0x700095b0   0x700095b0   0x000000f6   Code   RO          787    .text.xTaskRemoveFromEventList  tasks.o
    0x700096a6   0x700096a6   0x00000002   PAD
    0x700096a8   0x700096a8   0x00000184   Code   RO          731    .text.xTaskResumeAll  tasks.o
    0x7000982c   0x7000982c   0x00000004   PAD
    0x70009830   0x70009830   0x00000060   Code   RO          878    .text.xTimerCreateTimerTask  timers.o
    0x70009890   0x70009890   0x0000000e   Code   RO         1254    i.__scatterload_copy  mc_w.l(handlers.o)
    0x7000989e   0x7000989e   0x00000002   Code   RO         1255    i.__scatterload_null  mc_w.l(handlers.o)
    0x700098a0   0x700098a0   0x0000000e   Code   RO         1256    i.__scatterload_zeroinit  mc_w.l(handlers.o)
    0x700098ae   0x700098ae   0x00000002   PAD
    0x700098b0   0x700098b0   0x00000008   Data   RO           28    .rodata.armPllConfig_BOARD_BootClockRUN  clock_config.o
    0x700098b8   0x700098b8   0x00000010   Data   RO          213    .rodata.cst16       fsl_clock.o
    0x700098c8   0x700098c8   0x00000024   Data   RO           77    .rodata.s_LpuartAdapterBase  fsl_adapter_lpuart.o
    0x700098ec   0x700098ec   0x00000024   Data   RO          405    .rodata.s_lpuartBases  fsl_lpuart.o
    0x70009910   0x70009910   0x00000012   Data   RO          407    .rodata.s_lpuartClock  fsl_lpuart.o
    0x70009922   0x70009922   0x00000002   PAD
    0x70009924   0x70009924   0x00000014   Data   RO          484    .rodata.s_pwmBases  fsl_pwm.o
    0x70009938   0x70009938   0x00000028   Data   RO          482    .rodata.s_pwmClocks  fsl_pwm.o
    0x70009960   0x70009960   0x00000014   Data   RO          530    .rodata.s_qtmrBases  fsl_qtmr.o
    0x70009974   0x70009974   0x0000000a   Data   RO          528    .rodata.s_qtmrClocks  fsl_qtmr.o
    0x7000997e   0x7000997e   0x0000000e   Data   RO           13    .rodata.str1.1      board.o
    0x7000998c   0x7000998c   0x0000009a   Data   RO           76    .rodata.str1.1      fsl_adapter_lpuart.o
    0x70009a26   0x70009a26   0x0000001a   Data   RO          209    .rodata.str1.1      fsl_clock.o
    0x70009a40   0x70009a40   0x0000001d   Data   RO          318    .rodata.str1.1      fsl_gpio.o
    0x70009a5d   0x70009a5d   0x00000156   Data   RO          406    .rodata.str1.1      fsl_lpuart.o
    0x70009bb3   0x70009bb3   0x000000c9   Data   RO          481    .rodata.str1.1      fsl_pwm.o
    0x70009c7c   0x70009c7c   0x0000007e   Data   RO          527    .rodata.str1.1      fsl_qtmr.o
    0x70009cfa   0x70009cfa   0x00000003   Data   RO         1056    .rodata.str1.1      freertos_hello.o
    0x70009cfd   0x70009cfd   0x00000003   PAD
    0x70009d00   0x70009d00   0x00000014   Data   RO           29    .rodata.sysPllConfig_BOARD_BootClockRUN  clock_config.o
    0x70009d14   0x70009d14   0x00000004   Data   RO          864    .rodata.uxTopUsedPriority  tasks.o
    0x70009d18   0x70009d18   0x00000020   Data   RO         1253    Region$$Table       anon$$obj.o


==============================================================================

Image component sizes


      Code (inc. data)   RO Data    RW Data    ZI Data      Debug   Object Name

       872         60         14          0          0       8404   board.o
      2158          0         28          0          0      31520   clock_config.o
         0          0        512          0          0       2417   evkmimxrt1064_flexspi_nor_config.o
      7534        248          3          6        156      39469   freertos_hello.o
       546         72        190          0          0       7155   fsl_adapter_lpuart.o
        96         44          0          0          0       1225   fsl_assert.o
      4302         96         42          0          8      45141   fsl_clock.o
      1222        142          0          0         20      11874   fsl_debug_console.o
         0          0         48          0          0        798   fsl_flexspi_nor_boot.o
       560        150         29          0          0       8037   fsl_gpio.o
      1682        104        396         36         36      42673   fsl_lpuart.o
       160          0          0          0          0        718   fsl_memcpy.o
      2090        108        261          0         12      31342   fsl_pwm.o
       342          0        156          0          0      15536   fsl_qtmr.o
        22          0          0          0          0        442   hardware_init.o
       774          0          0          0      10268       6060   heap_4.o
       126          0          0          0          0       2103   list.o
       280          0          0          0          0       8275   pin_mux.o
       914         16          0          4          5       4259   port.o
       852          0          0          0         64      23522   queue.o
       500        244       1024          0          0       2328   startup_mimxrt1064.o
       212          0          0          4          0       5779   system_mimxrt1064.o
      3160          8          4          0        260      49331   tasks.o
       890         26          0          0         60      13818   timers.o

    ----------------------------------------------------------------------
     29580       1354       2744         52     799380     362226   Object Totals
         0          0         32          0     788480          0   (incl. Generated)
       286         36          5          2         11          0   (incl. Padding)

    ----------------------------------------------------------------------

      Code (inc. data)   RO Data    RW Data    ZI Data      Debug   Library Member Name

         0          0          0          0          0          0   entry.o
         0          0          0          0          0          0   entry10a.o
         0          0          0          0          0          0   entry11a.o
         8          4          0          0          0          0   entry4.o
         4          0          0          0          0          0   entry5.o
         0          0          0          0          0          0   entry7b.o
         0          0          0          0          0          0   entry8b.o
         8          4          0          0          0          0   entry9a.o
        30          0          0          0          0          0   handlers.o
        48         10          0          0          0         68   init.o
        30          0          0          0          0         68   llshl.o
        32          0          0          0          0         68   llushr.o
        18          0          0          0          0         76   memset.o
        14          0          0          0          0         68   strlen.o
        98          0          0          0          0         92   uldiv.o

    ----------------------------------------------------------------------
       292         18          0          0          0        440   Library Totals
         2          0          0          0          0          0   (incl. Padding)

    ----------------------------------------------------------------------

      Code (inc. data)   RO Data    RW Data    ZI Data      Debug   Library Name

       290         18          0          0          0        440   mc_w.l

    ----------------------------------------------------------------------
       292         18          0          0          0        440   Library Totals

    ----------------------------------------------------------------------

==============================================================================


      Code (inc. data)   RO Data    RW Data    ZI Data      Debug   

     29872       1372       2744         52     799380     362386   Grand Totals
     29872       1372       2744         52     799380     362386   ELF Image Totals
     29872       1372       2744         52          0          0   ROM Totals

==============================================================================

    Total RO  Size (Code + RO Data)                32616 (  31.85kB)
    Total RW  Size (RW Data + ZI Data)            799432 ( 780.70kB)
    Total ROM Size (Code + RO Data + RW Data)      32668 (  31.90kB)

==============================================================================

